Archive member included to satisfy reference by file (symbol)

/home/obrol/RIOT/practice/coremark_stm/bin/nucleo-f401re/core.a(sched.o)
                              /home/obrol/RIOT/practice/coremark_stm/bin/nucleo-f401re/newlib_syscalls_default/syscalls.o (sched_active_pid)
/home/obrol/RIOT/practice/coremark_stm/bin/nucleo-f401re/cortexm_common.a(thread_arch.o)
                              /home/obrol/RIOT/practice/coremark_stm/bin/nucleo-f401re/core.a(sched.o) (cpu_switch_context_exit)
/home/obrol/RIOT/practice/coremark_stm/bin/nucleo-f401re/cortexm_common.a(vectors_cortexm.o)
                              /home/obrol/RIOT/practice/coremark_stm/bin/nucleo-f401re/cpu/vectors.o (dummy_handler_default)
/home/obrol/RIOT/practice/coremark_stm/bin/nucleo-f401re/cortexm_common.a(irq_arch.o)
                              /home/obrol/RIOT/practice/coremark_stm/bin/nucleo-f401re/newlib_syscalls_default/syscalls.o (irq_disable)
/home/obrol/RIOT/practice/coremark_stm/bin/nucleo-f401re/div.a(div.o)
                              /home/obrol/RIOT/practice/coremark_stm/bin/nucleo-f401re/newlib_syscalls_default/syscalls.o (_div_mulhi64)
/home/obrol/RIOT/practice/coremark_stm/bin/nucleo-f401re/stdio_uart.a(stdio_uart.o)
                              /home/obrol/RIOT/practice/coremark_stm/bin/nucleo-f401re/newlib_syscalls_default/syscalls.o (stdio_init)
/home/obrol/RIOT/practice/coremark_stm/bin/nucleo-f401re/stm32_common_periph.a(pm.o)
                              /home/obrol/RIOT/practice/coremark_stm/bin/nucleo-f401re/newlib_syscalls_default/syscalls.o (pm_off)
/home/obrol/RIOT/practice/coremark_stm/bin/nucleo-f401re/stm32_common_periph.a(uart.o)
                              /home/obrol/RIOT/practice/coremark_stm/bin/nucleo-f401re/stdio_uart.a(stdio_uart.o) (uart_init)
/home/obrol/RIOT/practice/coremark_stm/bin/nucleo-f401re/stm32_common_periph.a(gpio.o)
                              /home/obrol/RIOT/practice/coremark_stm/bin/nucleo-f401re/stm32_common_periph.a(pm.o) (gpio_init)
/home/obrol/RIOT/practice/coremark_stm/bin/nucleo-f401re/xtimer.a(xtimer_core.o)
                              /home/obrol/RIOT/practice/coremark_stm/bin/nucleo-f401re/newlib_syscalls_default/syscalls.o (_xtimer_now64)
/home/obrol/RIOT/practice/coremark_stm/bin/nucleo-f401re/boards_common_nucleo.a(board.o)
                              /home/obrol/RIOT/practice/coremark_stm/bin/nucleo-f401re/cortexm_common.a(vectors_cortexm.o) (board_init)
/home/obrol/RIOT/practice/coremark_stm/bin/nucleo-f401re/core.a(panic.o)
                              /home/obrol/RIOT/practice/coremark_stm/bin/nucleo-f401re/cortexm_common.a(vectors_cortexm.o) (core_panic)
/home/obrol/RIOT/practice/coremark_stm/bin/nucleo-f401re/core.a(kernel_init.o)
                              /home/obrol/RIOT/practice/coremark_stm/bin/nucleo-f401re/cortexm_common.a(vectors_cortexm.o) (kernel_init)
/home/obrol/RIOT/practice/coremark_stm/bin/nucleo-f401re/core.a(thread.o)
                              /home/obrol/RIOT/practice/coremark_stm/bin/nucleo-f401re/core.a(kernel_init.o) (thread_create)
/home/obrol/RIOT/practice/coremark_stm/bin/nucleo-f401re/cortexm_common.a(cortexm_init.o)
                              /home/obrol/RIOT/practice/coremark_stm/bin/nucleo-f401re/stm32_common_periph.a(pm.o) (cpu_check_address)
/home/obrol/RIOT/practice/coremark_stm/bin/nucleo-f401re/isrpipe.a(isrpipe.o)
                              /home/obrol/RIOT/practice/coremark_stm/bin/nucleo-f401re/stdio_uart.a(stdio_uart.o) (isrpipe_write_one)
/home/obrol/RIOT/practice/coremark_stm/bin/nucleo-f401re/pm_layered.a(pm.o)
                              /home/obrol/RIOT/practice/coremark_stm/bin/nucleo-f401re/core.a(kernel_init.o) (pm_set_lowest)
/home/obrol/RIOT/practice/coremark_stm/bin/nucleo-f401re/stm32_common.a(stmclk.o)
                              /home/obrol/RIOT/practice/coremark_stm/bin/nucleo-f401re/stm32_common_periph.a(pm.o) (stmclk_init_sysclk)
/home/obrol/RIOT/practice/coremark_stm/bin/nucleo-f401re/stm32_common.a(stmclk_common.o)
                              /home/obrol/RIOT/practice/coremark_stm/bin/nucleo-f401re/stm32_common.a(stmclk.o) (stmclk_enable_hsi)
/home/obrol/RIOT/practice/coremark_stm/bin/nucleo-f401re/stm32_common.a(stm_status.o)
                              /home/obrol/RIOT/practice/coremark_stm/bin/nucleo-f401re/stm32_common.a(stmclk.o) (cpu_status)
/home/obrol/RIOT/practice/coremark_stm/bin/nucleo-f401re/stm32_common.a(cpu_init.o)
                              /home/obrol/RIOT/practice/coremark_stm/bin/nucleo-f401re/boards_common_nucleo.a(board.o) (cpu_init)
/home/obrol/RIOT/practice/coremark_stm/bin/nucleo-f401re/stm32_common.a(cpu_common.o)
                              /home/obrol/RIOT/practice/coremark_stm/bin/nucleo-f401re/stm32_common_periph.a(uart.o) (periph_apb_clk)
/home/obrol/RIOT/practice/coremark_stm/bin/nucleo-f401re/stm32_common_periph.a(timer.o)
[...]
Memory Configuration

Name             Origin             Length             Attributes
ccmram           0x0000000010000000 0x0000000000000000
rom              0x0000000008000000 0x0000000000080000 xr
ram              0x0000000020000000 0x0000000000018000 w !xr
*default*        0x0000000000000000 0xffffffffffffffff

Linker script and memory map

LOAD /home/obrol/RIOT/practice/coremark_stm/bin/nucleo-f401re/cpu/vectors.o
LOAD /home/obrol/RIOT/practice/coremark_stm/bin/nucleo-f401re/newlib_syscalls_default/syscalls.o
START GROUP
LOAD /home/obrol/RIOT/practice/coremark_stm/bin/nucleo-f401re/application_coremark_stm.a
LOAD /home/obrol/RIOT/practice/coremark_stm/bin/nucleo-f401re/auto_init.a
LOAD /home/obrol/RIOT/practice/coremark_stm/bin/nucleo-f401re/board.a
LOAD /home/obrol/RIOT/practice/coremark_stm/bin/nucleo-f401re/boards_common_nucleo.a
LOAD /home/obrol/RIOT/practice/coremark_stm/bin/nucleo-f401re/core.a
LOAD /home/obrol/RIOT/practice/coremark_stm/bin/nucleo-f401re/cortexm_common.a
LOAD /home/obrol/RIOT/practice/coremark_stm/bin/nucleo-f401re/cortexm_common_periph.a
LOAD /home/obrol/RIOT/practice/coremark_stm/bin/nucleo-f401re/cpu.a
LOAD /home/obrol/RIOT/practice/coremark_stm/bin/nucleo-f401re/div.a
LOAD /home/obrol/RIOT/practice/coremark_stm/bin/nucleo-f401re/isrpipe.a
LOAD /home/obrol/RIOT/practice/coremark_stm/bin/nucleo-f401re/newlib_syscalls_default.a
LOAD /home/obrol/RIOT/practice/coremark_stm/bin/nucleo-f401re/periph.a
LOAD /home/obrol/RIOT/practice/coremark_stm/bin/nucleo-f401re/pm_layered.a
LOAD /home/obrol/RIOT/practice/coremark_stm/bin/nucleo-f401re/stdio_uart.a
LOAD /home/obrol/RIOT/practice/coremark_stm/bin/nucleo-f401re/stm32_common.a
LOAD /home/obrol/RIOT/practice/coremark_stm/bin/nucleo-f401re/stm32_common_periph.a
LOAD /home/obrol/RIOT/practice/coremark_stm/bin/nucleo-f401re/sys.a
LOAD /home/obrol/RIOT/practice/coremark_stm/bin/nucleo-f401re/tsrb.a
LOAD /home/obrol/RIOT/practice/coremark_stm/bin/nucleo-f401re/xtimer.a
LOAD /home/obrol/RIOT/practice/coremark_stm/bin/nucleo-f401re/periph_common.a
LOAD /opt/gcc-arm-none-eabi-10.3-2021.10/bin/../lib/gcc/arm-none-eabi/10.3.1/../../../../arm-none-eabi/lib/thumb/v7e-m+fp/hard/libm.a
END GROUP
LOAD /opt/gcc-arm-none-eabi-10.3-2021.10/bin/../lib/gcc/arm-none-eabi/10.3.1/thumb/v7e-m+fp/hard/libgcc.a
                0x0000000008000000                _rom_start_addr = 0x8000000
                0x0000000020000000                _ram_start_addr = 0x20000000
                0x0000000000080000                _rom_length = 0x80000
                0x0000000000018000                _ram_length = 0x18000
LOAD /opt/gcc-arm-none-eabi-10.3-2021.10/bin/../lib/gcc/arm-none-eabi/10.3.1/../../../../arm-none-eabi/lib/thumb/v7e-m+fp/hard/libc_nano.a
START GROUP
LOAD /opt/gcc-arm-none-eabi-10.3-2021.10/bin/../lib/gcc/arm-none-eabi/10.3.1/thumb/v7e-m+fp/hard/libgcc.a
LOAD /opt/gcc-arm-none-eabi-10.3-2021.10/bin/../lib/gcc/arm-none-eabi/10.3.1/../../../../arm-none-eabi/lib/thumb/v7e-m+fp/hard/libg_nano.a
LOAD /opt/gcc-arm-none-eabi-10.3-2021.10/bin/../lib/gcc/arm-none-eabi/10.3.1/../../../../arm-none-eabi/lib/thumb/v7e-m+fp/hard/libc_nano.a
END GROUP
START GROUP
LOAD /opt/gcc-arm-none-eabi-10.3-2021.10/bin/../lib/gcc/arm-none-eabi/10.3.1/thumb/v7e-m+fp/hard/libgcc.a
LOAD /opt/gcc-arm-none-eabi-10.3-2021.10/bin/../lib/gcc/arm-none-eabi/10.3.1/../../../../arm-none-eabi/lib/thumb/v7e-m+fp/hard/libc_nano.a
END GROUP
                0x0000000000000000                ccmram_length = DEFINED (ccmram_len)?ccmram_len:0x0
                0x0000000000000000                _rom_offset = DEFINED (_rom_offset)?_rom_offset:0x0
                0x0000000000080000                _fw_rom_length = DEFINED (_fw_rom_length)?_fw_rom_length:(_rom_length - _rom_offset)
                0x0000000000000001                ASSERT ((_fw_rom_length <= (_rom_length - _rom_offset)), Specified firmware size does not fit in ROM)

.text           0x0000000008000000     0x79dc
                0x0000000008000000                . = ALIGN (0x4)
                0x0000000008000000                _sfixed = .
                0x0000000008000000                _isr_vectors = DEFINED (_isr_vectors)?_isr_vectors:.
 *(SORT_BY_NAME(.vectors*))
 .vectors.0     0x0000000008000000       0x40 /home/obrol/RIOT/practice/coremark_stm/bin/nucleo-f401re/cortexm_common.a(vectors_cortexm.o)
                0x0000000008000000                cortex_vector_base
 .vectors.1     0x0000000008000040      0x154 /home/obrol/RIOT/practice/coremark_stm/bin/nucleo-f401re/cpu/vectors.o
                0x0000000008000040                vector_cpu
 *(.text .text.* .gnu.linkonce.t.*)
 .text.dummy_handler
                0x0000000008000194        0x4 /home/obrol/RIOT/practice/coremark_stm/bin/nucleo-f401re/cpu/vectors.o
                0x0000000008000194                isr_dfsdm1_flt0
                0x0000000008000194                isr_dma2_stream4
                0x0000000008000194                isr_pvd
                0x0000000008000194                isr_rtc_wkup
                0x0000000008000194                isr_dfsdm2_flt2
                0x0000000008000194                isr_spi5
                0x0000000008000194                isr_ltdc_er
                0x0000000008000194                isr_uart7
                0x0000000008000194                isr_exti
                0x0000000008000194                isr_uart10
                0x0000000008000194                isr_fmpi2c1_ev
                0x0000000008000194                isr_otg_hs_ep1_in
                0x0000000008000194                isr_cryp
                0x0000000008000194                isr_tim7
                0x0000000008000194                isr_i2c1_ev
                0x0000000008000194                isr_tim8_trg_com_tim14
                0x0000000008000194                isr_eth
                0x0000000008000194                isr_dma2_stream0
                0x0000000008000194                isr_tim4
                0x0000000008000194                isr_can3_tx
                0x0000000008000194                isr_can1_sce
                0x0000000008000194                isr_dma2_stream6
                0x0000000008000194                isr_spi6
                0x0000000008000194                isr_otg_hs
                0x0000000008000194                isr_dma1_stream1
                0x0000000008000194                isr_i2c3_ev
                0x0000000008000194                isr_can3_rx0
                0x0000000008000194                isr_tim8_up_tim13
                0x0000000008000194                isr_otg_hs_ep1_out
                0x0000000008000194                isr_dfsdm2_flt0
                0x0000000008000194                isr_can2_sce
                0x0000000008000194                isr_dma2_stream5
                0x0000000008000194                isr_tim1_up
                0x0000000008000194                isr_tim2
                0x0000000008000194                isr_uart9
                0x0000000008000194                isr_sdio
                0x0000000008000194                isr_spdif_rx
                0x0000000008000194                isr_spi2
                0x0000000008000194                isr_tamp_stamp
                0x0000000008000194                dummy_handler
                0x0000000008000194                isr_otg_fs
                0x0000000008000194                isr_can1_tx
                0x0000000008000194                isr_can2_tx
                0x0000000008000194                isr_dma1_stream7
                0x0000000008000194                isr_dma1_stream6
                0x0000000008000194                isr_adc
                0x0000000008000194                isr_can1_rx1
                0x0000000008000194                isr_aes
                0x0000000008000194                isr_dma2_stream3
                0x0000000008000194                isr_fsmc
                0x0000000008000194                isr_eth_wkup
                0x0000000008000194                isr_spi1
                0x0000000008000194                isr_tim6
                0x0000000008000194                isr_lptim1
                0x0000000008000194                isr_sai1
                0x0000000008000194                isr_rcc
                0x0000000008000194                isr_can2_rx0
                0x0000000008000194                isr_fmpi2c1_er
                0x0000000008000194                isr_flash
                0x0000000008000194                isr_uart5
                0x0000000008000194                isr_dma2_stream7
                0x0000000008000194                isr_i2c3_er
                0x0000000008000194                isr_fmc
                0x0000000008000194                isr_can3_rx1
                0x0000000008000194                isr_dfsdm2_flt1
                0x0000000008000194                isr_tim1_cc
                0x0000000008000194                isr_dma1_stream4
                0x0000000008000194                isr_spi4
                0x0000000008000194                isr_tim6_dac
                0x0000000008000194                isr_uart4
                0x0000000008000194                isr_can3_sce
                0x0000000008000194                isr_i2c2_er
                0x0000000008000194                isr_ltdc
                0x0000000008000194                isr_otg_fs_wkup
                0x0000000008000194                isr_cec
                0x0000000008000194                isr_dma1_stream0
                0x0000000008000194                isr_dma1_stream5
                0x0000000008000194                isr_spi3
                0x0000000008000194                isr_can1_rx0
                0x0000000008000194                isr_dma2_stream1
                0x0000000008000194                isr_tim8_brk_tim12
                0x0000000008000194                isr_tim3
                0x0000000008000194                isr_usart3
                0x0000000008000194                isr_dfsdm1_flt1
                0x0000000008000194                isr_dma2_stream2
                0x0000000008000194                isr_uart8
                0x0000000008000194                isr_dma2d
                0x0000000008000194                isr_fpu
                0x0000000008000194                isr_tim1_brk_tim9
                0x0000000008000194                isr_rng
                0x0000000008000194                isr_sai2
                0x0000000008000194                isr_hash_rng
                0x0000000008000194                isr_tim1_up_tim10
                0x0000000008000194                isr_tim8_cc
                0x0000000008000194                isr_i2c2_ev
                0x0000000008000194                isr_rtc_alarm
                0x0000000008000194                isr_quadspi
                0x0000000008000194                isr_can2_rx1
                0x0000000008000194                isr_dfsdm2_flt3
                0x0000000008000194                isr_dma1_stream3
                0x0000000008000194                isr_dma1_stream2
                0x0000000008000194                isr_tim1_trg_com_tim11
                0x0000000008000194                isr_i2c1_er
                0x0000000008000194                isr_dcmi
                0x0000000008000194                isr_wwdg
                0x0000000008000194                isr_otg_hs_wkup
 .text._init    0x0000000008000198        0x4 /home/obrol/RIOT/practice/coremark_stm/bin/nucleo-f401re/newlib_syscalls_default/syscalls.o
                0x0000000008000198                _init
 .text._fini    0x000000000800019c        0x4 /home/obrol/RIOT/practice/coremark_stm/bin/nucleo-f401re/newlib_syscalls_default/syscalls.o
                0x000000000800019c                _fini
 .text._exit    0x00000000080001a0       0x14 /home/obrol/RIOT/practice/coremark_stm/bin/nucleo-f401re/newlib_syscalls_default/syscalls.o
                0x00000000080001a0                _exit
 .text._sbrk_r  0x00000000080001b4       0x44 /home/obrol/RIOT/practice/coremark_stm/bin/nucleo-f401re/newlib_syscalls_default/syscalls.o
                0x00000000080001b4                _sbrk_r
 .text._getpid_r
                0x00000000080001f8        0xc /home/obrol/RIOT/practice/coremark_stm/bin/nucleo-f401re/newlib_syscalls_default/syscalls.o
                0x00000000080001f8                _getpid_r
 .text._kill_r  0x0000000008000204        0xc /home/obrol/RIOT/practice/coremark_stm/bin/nucleo-f401re/newlib_syscalls_default/syscalls.o
                0x0000000008000204                _kill_r
 .text._read_r  0x0000000008000210        0x8 /home/obrol/RIOT/practice/coremark_stm/bin/nucleo-f401re/newlib_syscalls_default/syscalls.o
                0x0000000008000210                _read_r
 .text._write_r
                0x0000000008000218        0x8 /home/obrol/RIOT/practice/coremark_stm/bin/nucleo-f401re/newlib_syscalls_default/syscalls.o
                0x0000000008000218                _write_r
 .text._close_r
                0x0000000008000220        0xc /home/obrol/RIOT/practice/coremark_stm/bin/nucleo-f401re/newlib_syscalls_default/syscalls.o
                0x0000000008000220                _close_r
 .text._lseek_r
                0x000000000800022c        0xc /home/obrol/RIOT/practice/coremark_stm/bin/nucleo-f401re/newlib_syscalls_default/syscalls.o
                0x000000000800022c                _lseek_r
 .text._fstat_r
                0x0000000008000238        0xc /home/obrol/RIOT/practice/coremark_stm/bin/nucleo-f401re/newlib_syscalls_default/syscalls.o
                0x0000000008000238                _fstat_r
 .text._isatty_r
                0x0000000008000244       0x10 /home/obrol/RIOT/practice/coremark_stm/bin/nucleo-f401re/newlib_syscalls_default/syscalls.o
                0x0000000008000244                _isatty_r
 .text.sched_run
                0x0000000008000254       0x68 /home/obrol/RIOT/practice/coremark_stm/bin/nucleo-f401re/core.a(sched.o)
                0x0000000008000254                sched_run
 .text.sched_set_status
                0x00000000080002bc       0x8c /home/obrol/RIOT/practice/coremark_stm/bin/nucleo-f401re/core.a(sched.o)
                0x00000000080002bc                sched_set_status
 .text.sched_switch
                0x0000000008000348       0x30 /home/obrol/RIOT/practice/coremark_stm/bin/nucleo-f401re/core.a(sched.o)
                0x0000000008000348                sched_switch
 .text.sched_task_exit
                0x0000000008000378       0x3c /home/obrol/RIOT/practice/coremark_stm/bin/nucleo-f401re/core.a(sched.o)
                0x0000000008000378                sched_task_exit
 .text.thread_stack_init
                0x00000000080003b4       0x74 /home/obrol/RIOT/practice/coremark_stm/bin/nucleo-f401re/cortexm_common.a(thread_arch.o)
                0x00000000080003b4                thread_stack_init
 .text.cpu_switch_context_exit
                0x0000000008000428        0x8 /home/obrol/RIOT/practice/coremark_stm/bin/nucleo-f401re/cortexm_common.a(thread_arch.o)
                0x0000000008000428                cpu_switch_context_exit
 .text.thread_yield_higher
                0x0000000008000430       0x10 /home/obrol/RIOT/practice/coremark_stm/bin/nucleo-f401re/cortexm_common.a(thread_arch.o)
                0x0000000008000430                thread_yield_higher
 .text.isr_pendsv
                0x0000000008000440       0x24 /home/obrol/RIOT/practice/coremark_stm/bin/nucleo-f401re/cortexm_common.a(thread_arch.o)
                0x0000000008000440                isr_pendsv
 .text.isr_svc  0x0000000008000464       0x24 /home/obrol/RIOT/practice/coremark_stm/bin/nucleo-f401re/cortexm_common.a(thread_arch.o)
                0x0000000008000464                isr_svc
 .text.hard_fault_default
                0x0000000008000488       0x44 /home/obrol/RIOT/practice/coremark_stm/bin/nucleo-f401re/cortexm_common.a(vectors_cortexm.o)
                0x0000000008000488                hard_fault_default
 .text.nmi_default
                0x00000000080004cc       0x10 /home/obrol/RIOT/practice/coremark_stm/bin/nucleo-f401re/cortexm_common.a(vectors_cortexm.o)
                0x00000000080004cc                nmi_default
 .text.mem_manage_default
                0x00000000080004dc       0x10 /home/obrol/RIOT/practice/coremark_stm/bin/nucleo-f401re/cortexm_common.a(vectors_cortexm.o)
                0x00000000080004dc                mem_manage_default
 .text.bus_fault_default
                0x00000000080004ec       0x10 /home/obrol/RIOT/practice/coremark_stm/bin/nucleo-f401re/cortexm_common.a(vectors_cortexm.o)
                0x00000000080004ec                bus_fault_default
 .text.usage_fault_default
                0x00000000080004fc       0x10 /home/obrol/RIOT/practice/coremark_stm/bin/nucleo-f401re/cortexm_common.a(vectors_cortexm.o)
                0x00000000080004fc                usage_fault_default
 .text.debug_mon_default
                0x000000000800050c       0x10 /home/obrol/RIOT/practice/coremark_stm/bin/nucleo-f401re/cortexm_common.a(vectors_cortexm.o)
                0x000000000800050c                debug_mon_default
 .text.dummy_handler_default
                0x000000000800051c       0x10 /home/obrol/RIOT/practice/coremark_stm/bin/nucleo-f401re/cortexm_common.a(vectors_cortexm.o)
                0x000000000800051c                dummy_handler_default
                0x000000000800051c                isr_systick
 .text.pre_startup
                0x000000000800052c        0x4 /home/obrol/RIOT/practice/coremark_stm/bin/nucleo-f401re/cortexm_common.a(vectors_cortexm.o)
                0x000000000800052c                pre_startup
 .text.post_startup
                0x0000000008000530        0x4 /home/obrol/RIOT/practice/coremark_stm/bin/nucleo-f401re/cortexm_common.a(vectors_cortexm.o)
                0x0000000008000530                post_startup
 *fill*         0x0000000008000534        0x4 
 .text.reset_handler_default
                0x0000000008000538      0x1b4 /home/obrol/RIOT/practice/coremark_stm/bin/nucleo-f401re/cortexm_common.a(vectors_cortexm.o)
                0x0000000008000538                reset_handler_default
 .text.hard_fault_handler
                0x00000000080006ec      0x1a4 /home/obrol/RIOT/practice/coremark_stm/bin/nucleo-f401re/cortexm_common.a(vectors_cortexm.o)
                0x00000000080006ec                hard_fault_handler
 .text.irq_disable
                0x0000000008000890        0x8 /home/obrol/RIOT/practice/coremark_stm/bin/nucleo-f401re/cortexm_common.a(irq_arch.o)
                0x0000000008000890                irq_disable
 .text.irq_enable
                0x0000000008000898        0x8 /home/obrol/RIOT/practice/coremark_stm/bin/nucleo-f401re/cortexm_common.a(irq_arch.o)
                0x0000000008000898                irq_enable
 .text.irq_restore
                0x00000000080008a0        0x8 /home/obrol/RIOT/practice/coremark_stm/bin/nucleo-f401re/cortexm_common.a(irq_arch.o)
                0x00000000080008a0                irq_restore
 .text.irq_is_in
                0x00000000080008a8        0x8 /home/obrol/RIOT/practice/coremark_stm/bin/nucleo-f401re/cortexm_common.a(irq_arch.o)
                0x00000000080008a8                irq_is_in
 .text.stdio_init
                0x00000000080008b0       0x18 /home/obrol/RIOT/practice/coremark_stm/bin/nucleo-f401re/stdio_uart.a(stdio_uart.o)
                0x00000000080008b0                stdio_init
 .text.stdio_read
                0x00000000080008c8       0x10 /home/obrol/RIOT/practice/coremark_stm/bin/nucleo-f401re/stdio_uart.a(stdio_uart.o)
                0x00000000080008c8                stdio_read
 .text.stdio_write
                0x00000000080008d8       0x14 /home/obrol/RIOT/practice/coremark_stm/bin/nucleo-f401re/stdio_uart.a(stdio_uart.o)
                0x00000000080008d8                stdio_write
 .text.pm_set   0x00000000080008ec      0x21c /home/obrol/RIOT/practice/coremark_stm/bin/nucleo-f401re/stm32_common_periph.a(pm.o)
                0x00000000080008ec                pm_set
 .text.pm_off   0x0000000008000b08       0x14 /home/obrol/RIOT/practice/coremark_stm/bin/nucleo-f401re/stm32_common_periph.a(pm.o)
                0x0000000008000b08                pm_off
 .text.uart_set_baudrate
                0x0000000008000b1c       0x74 /home/obrol/RIOT/practice/coremark_stm/bin/nucleo-f401re/stm32_common_periph.a(uart.o)
                0x0000000008000b1c                uart_set_baudrate
 .text.uart_init
                0x0000000008000b90       0xec /home/obrol/RIOT/practice/coremark_stm/bin/nucleo-f401re/stm32_common_periph.a(uart.o)
                0x0000000008000b90                uart_init
 .text.uart_write
                0x0000000008000c7c       0x48 /home/obrol/RIOT/practice/coremark_stm/bin/nucleo-f401re/stm32_common_periph.a(uart.o)
                0x0000000008000c7c                uart_write
 .text.isr_usart2
                0x0000000008000cc4       0x40 /home/obrol/RIOT/practice/coremark_stm/bin/nucleo-f401re/stm32_common_periph.a(uart.o)
                0x0000000008000cc4                isr_usart2
 .text.isr_usart1
                0x0000000008000d04       0x40 /home/obrol/RIOT/practice/coremark_stm/bin/nucleo-f401re/stm32_common_periph.a(uart.o)
                0x0000000008000d04                isr_usart1
 .text.isr_usart6
                0x0000000008000d44       0x40 /home/obrol/RIOT/practice/coremark_stm/bin/nucleo-f401re/stm32_common_periph.a(uart.o)
                0x0000000008000d44                isr_usart6
 .text.gpio_init
                0x0000000008000d84       0x7c /home/obrol/RIOT/practice/coremark_stm/bin/nucleo-f401re/stm32_common_periph.a(gpio.o)
                0x0000000008000d84                gpio_init
 .text.gpio_init_af
                0x0000000008000e00       0x64 /home/obrol/RIOT/practice/coremark_stm/bin/nucleo-f401re/stm32_common_periph.a(gpio.o)
                0x0000000008000e00                gpio_init_af
 .text.gpio_set
                0x0000000008000e64       0x18 /home/obrol/RIOT/practice/coremark_stm/bin/nucleo-f401re/stm32_common_periph.a(gpio.o)
                0x0000000008000e64                gpio_set
 .text._select_long_timers
                0x0000000008000e7c       0xa4 /home/obrol/RIOT/practice/coremark_stm/bin/nucleo-f401re/xtimer.a(xtimer_core.o)
 .text._periph_timer_callback
                0x0000000008000f20      0x15c /home/obrol/RIOT/practice/coremark_stm/bin/nucleo-f401re/xtimer.a(xtimer_core.o)
 .text.xtimer_init
                0x000000000800107c       0x30 /home/obrol/RIOT/practice/coremark_stm/bin/nucleo-f401re/xtimer.a(xtimer_core.o)
                0x000000000800107c                xtimer_init
 .text.board_init
                0x00000000080010ac        0x4 /home/obrol/RIOT/practice/coremark_stm/bin/nucleo-f401re/boards_common_nucleo.a(board.o)
                0x00000000080010ac                board_init
 .text.panic_arch
                0x00000000080010b0        0x4 /home/obrol/RIOT/practice/coremark_stm/bin/nucleo-f401re/core.a(panic.o)
                0x00000000080010b0                panic_arch
 .text.core_panic
                0x00000000080010b4       0x48 /home/obrol/RIOT/practice/coremark_stm/bin/nucleo-f401re/core.a(panic.o)
                0x00000000080010b4                core_panic
 .text.main_trampoline
                0x00000000080010fc       0x18 /home/obrol/RIOT/practice/coremark_stm/bin/nucleo-f401re/core.a(kernel_init.o)
 .text.idle_thread
                0x0000000008001114        0x8 /home/obrol/RIOT/practice/coremark_stm/bin/nucleo-f401re/core.a(kernel_init.o)
 .text.kernel_init
                0x000000000800111c       0x5c /home/obrol/RIOT/practice/coremark_stm/bin/nucleo-f401re/core.a(kernel_init.o)
                0x000000000800111c                kernel_init
 .text.thread_add_to_list
                0x0000000008001178       0x34 /home/obrol/RIOT/practice/coremark_stm/bin/nucleo-f401re/core.a(thread.o)
                0x0000000008001178                thread_add_to_list
 .text.thread_create
                0x00000000080011ac      0x100 /home/obrol/RIOT/practice/coremark_stm/bin/nucleo-f401re/core.a(thread.o)
                0x00000000080011ac                thread_create
 .text.cpu_find_memory_size
                0x00000000080012ac       0x98 /home/obrol/RIOT/practice/coremark_stm/bin/nucleo-f401re/cortexm_common.a(cortexm_init.o)
                0x00000000080012ac                cpu_find_memory_size
 .text.cpu_check_address
                0x0000000008001344       0x38 /home/obrol/RIOT/practice/coremark_stm/bin/nucleo-f401re/cortexm_common.a(cortexm_init.o)
                0x0000000008001344                cpu_check_address
 .text.cortexm_init
                0x000000000800137c       0x50 /home/obrol/RIOT/practice/coremark_stm/bin/nucleo-f401re/cortexm_common.a(cortexm_init.o)
                0x000000000800137c                cortexm_init
 .text.isrpipe_write_one
                0x00000000080013cc       0x18 /home/obrol/RIOT/practice/coremark_stm/bin/nucleo-f401re/isrpipe.a(isrpipe.o)
                0x00000000080013cc                isrpipe_write_one
 .text.isrpipe_read
                0x00000000080013e4       0x28 /home/obrol/RIOT/practice/coremark_stm/bin/nucleo-f401re/isrpipe.a(isrpipe.o)
                0x00000000080013e4                isrpipe_read
 .text.pm_set_lowest
                0x000000000800140c       0x54 /home/obrol/RIOT/practice/coremark_stm/bin/nucleo-f401re/pm_layered.a(pm.o)
                0x000000000800140c                pm_set_lowest
 .text.stmclk_init_sysclk
                0x0000000008001460       0x90 /home/obrol/RIOT/practice/coremark_stm/bin/nucleo-f401re/stm32_common.a(stmclk.o)
                0x0000000008001460                stmclk_init_sysclk
 .text.stmclk_enable_hsi
                0x00000000080014f0       0x18 /home/obrol/RIOT/practice/coremark_stm/bin/nucleo-f401re/stm32_common.a(stmclk_common.o)
                0x00000000080014f0                stmclk_enable_hsi
 .text.stmclk_disable_hsi
                0x0000000008001508       0x18 /home/obrol/RIOT/practice/coremark_stm/bin/nucleo-f401re/stm32_common.a(stmclk_common.o)
                0x0000000008001508                stmclk_disable_hsi
 .text.cpu_init_status
                0x0000000008001520       0xe8 /home/obrol/RIOT/practice/coremark_stm/bin/nucleo-f401re/stm32_common.a(stm_status.o)
                0x0000000008001520                cpu_init_status
 .text.cpu_init
                0x0000000008001608       0x70 /home/obrol/RIOT/practice/coremark_stm/bin/nucleo-f401re/stm32_common.a(cpu_init.o)
                0x0000000008001608                cpu_init
 .text.periph_apb_clk
                0x0000000008001678       0x18 /home/obrol/RIOT/practice/coremark_stm/bin/nucleo-f401re/stm32_common.a(cpu_common.o)
                0x0000000008001678                periph_apb_clk
 .text.periph_timer_clk
                0x0000000008001690       0x24 /home/obrol/RIOT/practice/coremark_stm/bin/nucleo-f401re/stm32_common.a(cpu_common.o)
                0x0000000008001690                periph_timer_clk
 .text.periph_clk_en
                0x00000000080016b4       0x58 /home/obrol/RIOT/practice/coremark_stm/bin/nucleo-f401re/stm32_common.a(cpu_common.o)
                0x00000000080016b4                periph_clk_en
 .text.periph_clk_dis
                0x000000000800170c       0x50 /home/obrol/RIOT/practice/coremark_stm/bin/nucleo-f401re/stm32_common.a(cpu_common.o)
                0x000000000800170c                periph_clk_dis
 .text.is_periph_clk
                0x000000000800175c       0x60 /home/obrol/RIOT/practice/coremark_stm/bin/nucleo-f401re/stm32_common.a(cpu_common.o)
                0x000000000800175c                is_periph_clk
 .text.timer_init
                0x00000000080017bc       0x58 /home/obrol/RIOT/practice/coremark_stm/bin/nucleo-f401re/stm32_common_periph.a(timer.o)
                0x00000000080017bc                timer_init
 .text.timer_set_absolute
                0x0000000008001814       0x44 /home/obrol/RIOT/practice/coremark_stm/bin/nucleo-f401re/stm32_common_periph.a(timer.o)
                0x0000000008001814                timer_set_absolute
 .text.timer_read
                0x0000000008001858       0x10 /home/obrol/RIOT/practice/coremark_stm/bin/nucleo-f401re/stm32_common_periph.a(timer.o)
                0x0000000008001858                timer_read
 .text.isr_tim5
                0x0000000008001868       0x6c /home/obrol/RIOT/practice/coremark_stm/bin/nucleo-f401re/stm32_common_periph.a(timer.o)
                0x0000000008001868                isr_tim5
 .text.tsrb_get
                0x00000000080018d4       0x38 /home/obrol/RIOT/practice/coremark_stm/bin/nucleo-f401re/tsrb.a(tsrb.o)
                0x00000000080018d4                tsrb_get
 .text.tsrb_add_one
                0x000000000800190c       0x2c /home/obrol/RIOT/practice/coremark_stm/bin/nucleo-f401re/tsrb.a(tsrb.o)
                0x000000000800190c                tsrb_add_one
 .text.periph_init
                0x0000000008001938        0x4 /home/obrol/RIOT/practice/coremark_stm/bin/nucleo-f401re/periph_common.a(init.o)
                0x0000000008001938                periph_init
 .text.iterate  0x000000000800193c       0x48 /home/obrol/RIOT/practice/coremark_stm/bin/nucleo-f401re/application_coremark_stm.a(core_main.o)
                0x000000000800193c                iterate
 .text.startup.main
                0x0000000008001984      0x684 /home/obrol/RIOT/practice/coremark_stm/bin/nucleo-f401re/application_coremark_stm.a(core_main.o)
                0x0000000008001984                main
 .text.matrix_test
                0x0000000008002008      0x5bc /home/obrol/RIOT/practice/coremark_stm/bin/nucleo-f401re/application_coremark_stm.a(core_matrix.o)
                0x0000000008002008                matrix_test
 .text.core_bench_matrix
                0x00000000080025c4       0x20 /home/obrol/RIOT/practice/coremark_stm/bin/nucleo-f401re/application_coremark_stm.a(core_matrix.o)
                0x00000000080025c4                core_bench_matrix
 .text.core_init_matrix
                0x00000000080025e4       0xdc /home/obrol/RIOT/practice/coremark_stm/bin/nucleo-f401re/application_coremark_stm.a(core_matrix.o)
                0x00000000080025e4                core_init_matrix
 .text.get_seed_32
                0x00000000080026c0       0x48 /home/obrol/RIOT/practice/coremark_stm/bin/nucleo-f401re/application_coremark_stm.a(core_util.o)
                0x00000000080026c0                get_seed_32
 .text.crcu16   0x0000000008002708      0x144 /home/obrol/RIOT/practice/coremark_stm/bin/nucleo-f401re/application_coremark_stm.a(core_util.o)
                0x0000000008002708                crcu16
 .text.crcu32   0x000000000800284c      0x290 /home/obrol/RIOT/practice/coremark_stm/bin/nucleo-f401re/application_coremark_stm.a(core_util.o)
                0x000000000800284c                crcu32
 .text.crc16    0x0000000008002adc      0x13c /home/obrol/RIOT/practice/coremark_stm/bin/nucleo-f401re/application_coremark_stm.a(core_util.o)
                0x0000000008002adc                crc16
 .text.check_data_types
                0x0000000008002c18        0x4 /home/obrol/RIOT/practice/coremark_stm/bin/nucleo-f401re/application_coremark_stm.a(core_util.o)
                0x0000000008002c18                check_data_types
 .text.core_init_state
                0x0000000008002c1c      0x130 /home/obrol/RIOT/practice/coremark_stm/bin/nucleo-f401re/application_coremark_stm.a(core_state.o)
                0x0000000008002c1c                core_init_state
 .text.core_state_transition
                0x0000000008002d4c      0x208 /home/obrol/RIOT/practice/coremark_stm/bin/nucleo-f401re/application_coremark_stm.a(core_state.o)
                0x0000000008002d4c                core_state_transition
 .text.core_bench_state
                0x0000000008002f54      0x108 /home/obrol/RIOT/practice/coremark_stm/bin/nucleo-f401re/application_coremark_stm.a(core_state.o)
                0x0000000008002f54                core_bench_state
 .text.cmp_complex
                0x000000000800305c      0x114 /home/obrol/RIOT/practice/coremark_stm/bin/nucleo-f401re/application_coremark_stm.a(core_list_join.o)
                0x000000000800305c                cmp_complex
 .text.core_bench_list
                0x0000000008003170      0x384 /home/obrol/RIOT/practice/coremark_stm/bin/nucleo-f401re/application_coremark_stm.a(core_list_join.o)
                0x0000000008003170                core_bench_list
 .text.core_list_init
                0x00000000080034f4      0x1a4 /home/obrol/RIOT/practice/coremark_stm/bin/nucleo-f401re/application_coremark_stm.a(core_list_join.o)
                0x00000000080034f4                core_list_init
 .text.start_time
                0x0000000008003698       0x14 /home/obrol/RIOT/practice/coremark_stm/bin/nucleo-f401re/application_coremark_stm.a(core_portme.o)
                0x0000000008003698                start_time
 .text.stop_time
                0x00000000080036ac       0x14 /home/obrol/RIOT/practice/coremark_stm/bin/nucleo-f401re/application_coremark_stm.a(core_portme.o)
                0x00000000080036ac                stop_time
 .text.get_time
                0x00000000080036c0       0x14 /home/obrol/RIOT/practice/coremark_stm/bin/nucleo-f401re/application_coremark_stm.a(core_portme.o)
                0x00000000080036c0                get_time
 *fill*         0x00000000080036d4        0x4 
 .text.time_in_secs
                0x00000000080036d8       0x20 /home/obrol/RIOT/practice/coremark_stm/bin/nucleo-f401re/application_coremark_stm.a(core_portme.o)
                0x00000000080036d8                time_in_secs
 .text.portable_init
                0x00000000080036f8        0x8 /home/obrol/RIOT/practice/coremark_stm/bin/nucleo-f401re/application_coremark_stm.a(core_portme.o)
                0x00000000080036f8                portable_init
 .text.portable_fini
                0x0000000008003700        0x8 /home/obrol/RIOT/practice/coremark_stm/bin/nucleo-f401re/application_coremark_stm.a(core_portme.o)
                0x0000000008003700                portable_fini
 .text.auto_init
                0x0000000008003708        0x4 /home/obrol/RIOT/practice/coremark_stm/bin/nucleo-f401re/auto_init.a(auto_init.o)
                0x0000000008003708                auto_init
 .text._mutex_lock
                0x000000000800370c       0x60 /home/obrol/RIOT/practice/coremark_stm/bin/nucleo-f401re/core.a(mutex.o)
                0x000000000800370c                _mutex_lock
 .text.mutex_unlock
                0x000000000800376c       0x4c /home/obrol/RIOT/practice/coremark_stm/bin/nucleo-f401re/core.a(mutex.o)
                0x000000000800376c                mutex_unlock
 .text          0x00000000080037b8      0x378 /opt/gcc-arm-none-eabi-10.3-2021.10/bin/../lib/gcc/arm-none-eabi/10.3.1/thumb/v7e-m+fp/hard/libgcc.a(_arm_addsubdf3.o)
                0x00000000080037b8                __aeabi_drsub
                0x00000000080037c0                __aeabi_dsub
                0x00000000080037c0                __subdf3
                0x00000000080037c4                __adddf3
                0x00000000080037c4                __aeabi_dadd
                0x0000000008003a3c                __aeabi_ui2d
                0x0000000008003a3c                __floatunsidf
                0x0000000008003a5c                __floatsidf
                0x0000000008003a5c                __aeabi_i2d
                0x0000000008003a80                __extendsfdf2
                0x0000000008003a80                __aeabi_f2d
                0x0000000008003ac4                __aeabi_ul2d
                0x0000000008003ac4                __floatundidf
                0x0000000008003ad4                __floatdidf
                0x0000000008003ad4                __aeabi_l2d
 .text          0x0000000008003b30      0x424 /opt/gcc-arm-none-eabi-10.3-2021.10/bin/../lib/gcc/arm-none-eabi/10.3.1/thumb/v7e-m+fp/hard/libgcc.a(_arm_muldivdf3.o)
                0x0000000008003b30                __aeabi_dmul
                0x0000000008003b30                __muldf3
                0x0000000008003d84                __aeabi_ddiv
                0x0000000008003d84                __divdf3
 .text          0x0000000008003f54      0x110 /opt/gcc-arm-none-eabi-10.3-2021.10/bin/../lib/gcc/arm-none-eabi/10.3.1/thumb/v7e-m+fp/hard/libgcc.a(_arm_cmpdf2.o)
                0x0000000008003f54                __gtdf2
                0x0000000008003f54                __gedf2
                0x0000000008003f5c                __ltdf2
                0x0000000008003f5c                __ledf2
                0x0000000008003f64                __cmpdf2
                0x0000000008003f64                __eqdf2
                0x0000000008003f64                __nedf2
                0x0000000008003fe0                __aeabi_cdrcmple
                0x0000000008003ff0                __aeabi_cdcmple
                0x0000000008003ff0                __aeabi_cdcmpeq
                0x0000000008004000                __aeabi_dcmpeq
                0x0000000008004014                __aeabi_dcmplt
                0x0000000008004028                __aeabi_dcmple
                0x000000000800403c                __aeabi_dcmpge
                0x0000000008004050                __aeabi_dcmpgt
 .text          0x0000000008004064       0x40 /opt/gcc-arm-none-eabi-10.3-2021.10/bin/../lib/gcc/arm-none-eabi/10.3.1/thumb/v7e-m+fp/hard/libgcc.a(_arm_fixunsdfsi.o)
                0x0000000008004064                __fixunsdfsi
                0x0000000008004064                __aeabi_d2uiz
 .text.__libc_init_array
                0x00000000080040a4       0x48 /opt/gcc-arm-none-eabi-10.3-2021.10/bin/../lib/gcc/arm-none-eabi/10.3.1/../../../../arm-none-eabi/lib/thumb/v7e-m+fp/hard/libc_nano.a(lib_a-init.o)
                0x00000000080040a4                __libc_init_array
 .text.__cvt    0x00000000080040ec       0xc4 /opt/gcc-arm-none-eabi-10.3-2021.10/bin/../lib/gcc/arm-none-eabi/10.3.1/../../../../arm-none-eabi/lib/thumb/v7e-m+fp/hard/libc_nano.a(lib_a-nano-vfprintf_float.o)
                0x00000000080040ec                __cvt
 .text.__exponent
                0x00000000080041b0       0x7c /opt/gcc-arm-none-eabi-10.3-2021.10/bin/../lib/gcc/arm-none-eabi/10.3.1/../../../../arm-none-eabi/lib/thumb/v7e-m+fp/hard/libc_nano.a(lib_a-nano-vfprintf_float.o)
                0x00000000080041b0                __exponent
 .text._printf_float
                0x000000000800422c      0x46c /opt/gcc-arm-none-eabi-10.3-2021.10/bin/../lib/gcc/arm-none-eabi/10.3.1/../../../../arm-none-eabi/lib/thumb/v7e-m+fp/hard/libc_nano.a(lib_a-nano-vfprintf_float.o)
                0x000000000800422c                _printf_float
 .text._printf_common
                0x0000000008004698       0xda /opt/gcc-arm-none-eabi-10.3-2021.10/bin/../lib/gcc/arm-none-eabi/10.3.1/../../../../arm-none-eabi/lib/thumb/v7e-m+fp/hard/libc_nano.a(lib_a-nano-vfprintf_i.o)
                0x0000000008004698                _printf_common
 *fill*         0x0000000008004772        0x2 
 .text._printf_i
                0x0000000008004774      0x24c /opt/gcc-arm-none-eabi-10.3-2021.10/bin/../lib/gcc/arm-none-eabi/10.3.1/../../../../arm-none-eabi/lib/thumb/v7e-m+fp/hard/libc_nano.a(lib_a-nano-vfprintf_i.o)
                0x0000000008004774                _printf_i
 .text.printf   0x00000000080049c0       0x30 /opt/gcc-arm-none-eabi-10.3-2021.10/bin/../lib/gcc/arm-none-eabi/10.3.1/../../../../arm-none-eabi/lib/thumb/v7e-m+fp/hard/libc_nano.a(lib_a-printf.o)
                0x00000000080049c0                printf
                0x00000000080049c0                iprintf
 .text._puts_r  0x00000000080049f0       0xdc /opt/gcc-arm-none-eabi-10.3-2021.10/bin/../lib/gcc/arm-none-eabi/10.3.1/../../../../arm-none-eabi/lib/thumb/v7e-m+fp/hard/libc_nano.a(lib_a-puts.o)
                0x00000000080049f0                _puts_r
 .text.puts     0x0000000008004acc       0x10 /opt/gcc-arm-none-eabi-10.3-2021.10/bin/../lib/gcc/arm-none-eabi/10.3.1/../../../../arm-none-eabi/lib/thumb/v7e-m+fp/hard/libc_nano.a(lib_a-puts.o)
                0x0000000008004acc                puts
 .text          0x0000000008004adc       0x10 /opt/gcc-arm-none-eabi-10.3-2021.10/bin/../lib/gcc/arm-none-eabi/10.3.1/../../../../arm-none-eabi/lib/thumb/v7e-m+fp/hard/libc_nano.a(lib_a-strlen.o)
                0x0000000008004adc                strlen
 .text.__swbuf_r
                0x0000000008004aec       0xa4 /opt/gcc-arm-none-eabi-10.3-2021.10/bin/../lib/gcc/arm-none-eabi/10.3.1/../../../../arm-none-eabi/lib/thumb/v7e-m+fp/hard/libc_nano.a(lib_a-wbuf.o)
                0x0000000008004aec                __swbuf_r
 .text.__swsetup_r
                0x0000000008004b90       0xdc /opt/gcc-arm-none-eabi-10.3-2021.10/bin/../lib/gcc/arm-none-eabi/10.3.1/../../../../arm-none-eabi/lib/thumb/v7e-m+fp/hard/libc_nano.a(lib_a-wsetup.o)
                0x0000000008004b90                __swsetup_r
 .text.quorem   0x0000000008004c6c      0x116 /opt/gcc-arm-none-eabi-10.3-2021.10/bin/../lib/gcc/arm-none-eabi/10.3.1/../../../../arm-none-eabi/lib/thumb/v7e-m+fp/hard/libc_nano.a(lib_a-dtoa.o)
 *fill*         0x0000000008004d82        0x6 
 .text._dtoa_r  0x0000000008004d88      0xbdc /opt/gcc-arm-none-eabi-10.3-2021.10/bin/../lib/gcc/arm-none-eabi/10.3.1/../../../../arm-none-eabi/lib/thumb/v7e-m+fp/hard/libc_nano.a(lib_a-dtoa.o)
                0x0000000008004d88                _dtoa_r
 .text.__sflush_r
                0x0000000008005964      0x10c /opt/gcc-arm-none-eabi-10.3-2021.10/bin/../lib/gcc/arm-none-eabi/10.3.1/../../../../arm-none-eabi/lib/thumb/v7e-m+fp/hard/libc_nano.a(lib_a-fflush.o)
                0x0000000008005964                __sflush_r
 .text._fflush_r
                0x0000000008005a70       0x78 /opt/gcc-arm-none-eabi-10.3-2021.10/bin/../lib/gcc/arm-none-eabi/10.3.1/../../../../arm-none-eabi/lib/thumb/v7e-m+fp/hard/libc_nano.a(lib_a-fflush.o)
                0x0000000008005a70                _fflush_r
 .text.std      0x0000000008005ae8       0x48 /opt/gcc-arm-none-eabi-10.3-2021.10/bin/../lib/gcc/arm-none-eabi/10.3.1/../../../../arm-none-eabi/lib/thumb/v7e-m+fp/hard/libc_nano.a(lib_a-findfp.o)
 .text._cleanup_r
                0x0000000008005b30        0xc /opt/gcc-arm-none-eabi-10.3-2021.10/bin/../lib/gcc/arm-none-eabi/10.3.1/../../../../arm-none-eabi/lib/thumb/v7e-m+fp/hard/libc_nano.a(lib_a-findfp.o)
                0x0000000008005b30                _cleanup_r
 .text.__sfmoreglue
                0x0000000008005b3c       0x2c /opt/gcc-arm-none-eabi-10.3-2021.10/bin/../lib/gcc/arm-none-eabi/10.3.1/../../../../arm-none-eabi/lib/thumb/v7e-m+fp/hard/libc_nano.a(lib_a-findfp.o)
                0x0000000008005b3c                __sfmoreglue
 .text.__sfp_lock_acquire
                0x0000000008005b68        0xc /opt/gcc-arm-none-eabi-10.3-2021.10/bin/../lib/gcc/arm-none-eabi/10.3.1/../../../../arm-none-eabi/lib/thumb/v7e-m+fp/hard/libc_nano.a(lib_a-findfp.o)
                0x0000000008005b68                __sfp_lock_acquire
 .text.__sfp_lock_release
                0x0000000008005b74        0xc /opt/gcc-arm-none-eabi-10.3-2021.10/bin/../lib/gcc/arm-none-eabi/10.3.1/../../../../arm-none-eabi/lib/thumb/v7e-m+fp/hard/libc_nano.a(lib_a-findfp.o)
                0x0000000008005b74                __sfp_lock_release
 .text.__sinit_lock_acquire
                0x0000000008005b80        0xc /opt/gcc-arm-none-eabi-10.3-2021.10/bin/../lib/gcc/arm-none-eabi/10.3.1/../../../../arm-none-eabi/lib/thumb/v7e-m+fp/hard/libc_nano.a(lib_a-findfp.o)
                0x0000000008005b80                __sinit_lock_acquire
 .text.__sinit_lock_release
                0x0000000008005b8c        0xc /opt/gcc-arm-none-eabi-10.3-2021.10/bin/../lib/gcc/arm-none-eabi/10.3.1/../../../../arm-none-eabi/lib/thumb/v7e-m+fp/hard/libc_nano.a(lib_a-findfp.o)
                0x0000000008005b8c                __sinit_lock_release
 .text.__sinit  0x0000000008005b98       0x70 /opt/gcc-arm-none-eabi-10.3-2021.10/bin/../lib/gcc/arm-none-eabi/10.3.1/../../../../arm-none-eabi/lib/thumb/v7e-m+fp/hard/libc_nano.a(lib_a-findfp.o)
                0x0000000008005b98                __sinit
 .text.__sfp    0x0000000008005c08       0x8c /opt/gcc-arm-none-eabi-10.3-2021.10/bin/../lib/gcc/arm-none-eabi/10.3.1/../../../../arm-none-eabi/lib/thumb/v7e-m+fp/hard/libc_nano.a(lib_a-findfp.o)
                0x0000000008005c08                __sfp
 .text._fwalk_reent
                0x0000000008005c94       0x3e /opt/gcc-arm-none-eabi-10.3-2021.10/bin/../lib/gcc/arm-none-eabi/10.3.1/../../../../arm-none-eabi/lib/thumb/v7e-m+fp/hard/libc_nano.a(lib_a-fwalk.o)
                0x0000000008005c94                _fwalk_reent
 *fill*         0x0000000008005cd2        0x2 
 .text._localeconv_r
                0x0000000008005cd4        0x8 /opt/gcc-arm-none-eabi-10.3-2021.10/bin/../lib/gcc/arm-none-eabi/10.3.1/../../../../arm-none-eabi/lib/thumb/v7e-m+fp/hard/libc_nano.a(lib_a-localeconv.o)
                0x0000000008005cd4                _localeconv_r
 .text.__retarget_lock_init_recursive
                0x0000000008005cdc        0x2 /opt/gcc-arm-none-eabi-10.3-2021.10/bin/../lib/gcc/arm-none-eabi/10.3.1/../../../../arm-none-eabi/lib/thumb/v7e-m+fp/hard/libc_nano.a(lib_a-lock.o)
                0x0000000008005cdc                __retarget_lock_init_recursive
 .text.__retarget_lock_acquire_recursive
                0x0000000008005cde        0x2 /opt/gcc-arm-none-eabi-10.3-2021.10/bin/../lib/gcc/arm-none-eabi/10.3.1/../../../../arm-none-eabi/lib/thumb/v7e-m+fp/hard/libc_nano.a(lib_a-lock.o)
                0x0000000008005cde                __retarget_lock_acquire_recursive
 .text.__retarget_lock_release_recursive
                0x0000000008005ce0        0x2 /opt/gcc-arm-none-eabi-10.3-2021.10/bin/../lib/gcc/arm-none-eabi/10.3.1/../../../../arm-none-eabi/lib/thumb/v7e-m+fp/hard/libc_nano.a(lib_a-lock.o)
                0x0000000008005ce0                __retarget_lock_release_recursive
 .text.__swhatbuf_r
                0x0000000008005ce2       0x4a /opt/gcc-arm-none-eabi-10.3-2021.10/bin/../lib/gcc/arm-none-eabi/10.3.1/../../../../arm-none-eabi/lib/thumb/v7e-m+fp/hard/libc_nano.a(lib_a-makebuf.o)
                0x0000000008005ce2                __swhatbuf_r
 .text.__smakebuf_r
                0x0000000008005d2c       0x80 /opt/gcc-arm-none-eabi-10.3-2021.10/bin/../lib/gcc/arm-none-eabi/10.3.1/../../../../arm-none-eabi/lib/thumb/v7e-m+fp/hard/libc_nano.a(lib_a-makebuf.o)
                0x0000000008005d2c                __smakebuf_r
 .text.malloc   0x0000000008005dac       0x10 /opt/gcc-arm-none-eabi-10.3-2021.10/bin/../lib/gcc/arm-none-eabi/10.3.1/../../../../arm-none-eabi/lib/thumb/v7e-m+fp/hard/libc_nano.a(lib_a-malloc.o)
                0x0000000008005dac                malloc
 *fill*         0x0000000008005dbc        0x4 
 .text          0x0000000008005dc0       0xa0 /opt/gcc-arm-none-eabi-10.3-2021.10/bin/../lib/gcc/arm-none-eabi/10.3.1/../../../../arm-none-eabi/lib/thumb/v7e-m+fp/hard/libc_nano.a(lib_a-memchr.o)
                0x0000000008005dc0                memchr
 .text.memcpy   0x0000000008005e60       0x1c /opt/gcc-arm-none-eabi-10.3-2021.10/bin/../lib/gcc/arm-none-eabi/10.3.1/../../../../arm-none-eabi/lib/thumb/v7e-m+fp/hard/libc_nano.a(lib_a-memcpy-stub.o)
                0x0000000008005e60                memcpy
 .text.memset   0x0000000008005e7c       0x10 /opt/gcc-arm-none-eabi-10.3-2021.10/bin/../lib/gcc/arm-none-eabi/10.3.1/../../../../arm-none-eabi/lib/thumb/v7e-m+fp/hard/libc_nano.a(lib_a-memset.o)
                0x0000000008005e7c                memset
 .text._Balloc  0x0000000008005e8c       0x80 /opt/gcc-arm-none-eabi-10.3-2021.10/bin/../lib/gcc/arm-none-eabi/10.3.1/../../../../arm-none-eabi/lib/thumb/v7e-m+fp/hard/libc_nano.a(lib_a-mprec.o)
                0x0000000008005e8c                _Balloc
 .text._Bfree   0x0000000008005f0c       0x44 /opt/gcc-arm-none-eabi-10.3-2021.10/bin/../lib/gcc/arm-none-eabi/10.3.1/../../../../arm-none-eabi/lib/thumb/v7e-m+fp/hard/libc_nano.a(lib_a-mprec.o)
                0x0000000008005f0c                _Bfree
 .text.__multadd
                0x0000000008005f50       0x8c /opt/gcc-arm-none-eabi-10.3-2021.10/bin/../lib/gcc/arm-none-eabi/10.3.1/../../../../arm-none-eabi/lib/thumb/v7e-m+fp/hard/libc_nano.a(lib_a-mprec.o)
                0x0000000008005f50                __multadd
 .text.__hi0bits
                0x0000000008005fdc       0x40 /opt/gcc-arm-none-eabi-10.3-2021.10/bin/../lib/gcc/arm-none-eabi/10.3.1/../../../../arm-none-eabi/lib/thumb/v7e-m+fp/hard/libc_nano.a(lib_a-mprec.o)
                0x0000000008005fdc                __hi0bits
 .text.__lo0bits
                0x000000000800601c       0x5e /opt/gcc-arm-none-eabi-10.3-2021.10/bin/../lib/gcc/arm-none-eabi/10.3.1/../../../../arm-none-eabi/lib/thumb/v7e-m+fp/hard/libc_nano.a(lib_a-mprec.o)
                0x000000000800601c                __lo0bits
 *fill*         0x000000000800607a        0x2 
 .text.__i2b    0x000000000800607c       0x2c /opt/gcc-arm-none-eabi-10.3-2021.10/bin/../lib/gcc/arm-none-eabi/10.3.1/../../../../arm-none-eabi/lib/thumb/v7e-m+fp/hard/libc_nano.a(lib_a-mprec.o)
                0x000000000800607c                __i2b
 .text.__multiply
                0x00000000080060a8      0x154 /opt/gcc-arm-none-eabi-10.3-2021.10/bin/../lib/gcc/arm-none-eabi/10.3.1/../../../../arm-none-eabi/lib/thumb/v7e-m+fp/hard/libc_nano.a(lib_a-mprec.o)
                0x00000000080060a8                __multiply
 .text.__pow5mult
                0x00000000080061fc       0xb4 /opt/gcc-arm-none-eabi-10.3-2021.10/bin/../lib/gcc/arm-none-eabi/10.3.1/../../../../arm-none-eabi/lib/thumb/v7e-m+fp/hard/libc_nano.a(lib_a-mprec.o)
                0x00000000080061fc                __pow5mult
 .text.__lshift
                0x00000000080062b0       0xe0 /opt/gcc-arm-none-eabi-10.3-2021.10/bin/../lib/gcc/arm-none-eabi/10.3.1/../../../../arm-none-eabi/lib/thumb/v7e-m+fp/hard/libc_nano.a(lib_a-mprec.o)
                0x00000000080062b0                __lshift
 .text.__mcmp   0x0000000008006390       0x38 /opt/gcc-arm-none-eabi-10.3-2021.10/bin/../lib/gcc/arm-none-eabi/10.3.1/../../../../arm-none-eabi/lib/thumb/v7e-m+fp/hard/libc_nano.a(lib_a-mprec.o)
                0x0000000008006390                __mcmp
 .text.__mdiff  0x00000000080063c8      0x114 /opt/gcc-arm-none-eabi-10.3-2021.10/bin/../lib/gcc/arm-none-eabi/10.3.1/../../../../arm-none-eabi/lib/thumb/v7e-m+fp/hard/libc_nano.a(lib_a-mprec.o)
                0x00000000080063c8                __mdiff
 .text.__d2b    0x00000000080064dc       0xb8 /opt/gcc-arm-none-eabi-10.3-2021.10/bin/../lib/gcc/arm-none-eabi/10.3.1/../../../../arm-none-eabi/lib/thumb/v7e-m+fp/hard/libc_nano.a(lib_a-mprec.o)
                0x00000000080064dc                __d2b
 .text._calloc_r
                0x0000000008006594       0x2c /opt/gcc-arm-none-eabi-10.3-2021.10/bin/../lib/gcc/arm-none-eabi/10.3.1/../../../../arm-none-eabi/lib/thumb/v7e-m+fp/hard/libc_nano.a(lib_a-nano-callocr.o)
                0x0000000008006594                _calloc_r
 .text._free_r  0x00000000080065c0       0x98 /opt/gcc-arm-none-eabi-10.3-2021.10/bin/../lib/gcc/arm-none-eabi/10.3.1/../../../../arm-none-eabi/lib/thumb/v7e-m+fp/hard/libc_nano.a(lib_a-nano-freer.o)
                0x00000000080065c0                _free_r
 .text.sbrk_aligned
                0x0000000008006658       0x40 /opt/gcc-arm-none-eabi-10.3-2021.10/bin/../lib/gcc/arm-none-eabi/10.3.1/../../../../arm-none-eabi/lib/thumb/v7e-m+fp/hard/libc_nano.a(lib_a-nano-mallocr.o)
 .text._malloc_r
                0x0000000008006698       0xe8 /opt/gcc-arm-none-eabi-10.3-2021.10/bin/../lib/gcc/arm-none-eabi/10.3.1/../../../../arm-none-eabi/lib/thumb/v7e-m+fp/hard/libc_nano.a(lib_a-nano-mallocr.o)
                0x0000000008006698                _malloc_r
 .text.__sfputc_r
                0x0000000008006780       0x2e /opt/gcc-arm-none-eabi-10.3-2021.10/bin/../lib/gcc/arm-none-eabi/10.3.1/../../../../arm-none-eabi/lib/thumb/v7e-m+fp/hard/libc_nano.a(lib_a-nano-vfprintf.o)
 .text.__sfputs_r
                0x00000000080067ae       0x24 /opt/gcc-arm-none-eabi-10.3-2021.10/bin/../lib/gcc/arm-none-eabi/10.3.1/../../../../arm-none-eabi/lib/thumb/v7e-m+fp/hard/libc_nano.a(lib_a-nano-vfprintf.o)
                0x00000000080067ae                __sfputs_r
 *fill*         0x00000000080067d2        0x2 
 .text._vfprintf_r
                0x00000000080067d4      0x260 /opt/gcc-arm-none-eabi-10.3-2021.10/bin/../lib/gcc/arm-none-eabi/10.3.1/../../../../arm-none-eabi/lib/thumb/v7e-m+fp/hard/libc_nano.a(lib_a-nano-vfprintf.o)
                0x00000000080067d4                _vfiprintf_r
                0x00000000080067d4                _vfprintf_r
 .text.__sread  0x0000000008006a34       0x22 /opt/gcc-arm-none-eabi-10.3-2021.10/bin/../lib/gcc/arm-none-eabi/10.3.1/../../../../arm-none-eabi/lib/thumb/v7e-m+fp/hard/libc_nano.a(lib_a-stdio.o)
                0x0000000008006a34                __sread
 .text.__swrite
                0x0000000008006a56       0x38 /opt/gcc-arm-none-eabi-10.3-2021.10/bin/../lib/gcc/arm-none-eabi/10.3.1/../../../../arm-none-eabi/lib/thumb/v7e-m+fp/hard/libc_nano.a(lib_a-stdio.o)
                0x0000000008006a56                __swrite
 .text.__sseek  0x0000000008006a8e       0x24 /opt/gcc-arm-none-eabi-10.3-2021.10/bin/../lib/gcc/arm-none-eabi/10.3.1/../../../../arm-none-eabi/lib/thumb/v7e-m+fp/hard/libc_nano.a(lib_a-stdio.o)
                0x0000000008006a8e                __sseek
 .text.__sclose
                0x0000000008006ab2        0x8 /opt/gcc-arm-none-eabi-10.3-2021.10/bin/../lib/gcc/arm-none-eabi/10.3.1/../../../../arm-none-eabi/lib/thumb/v7e-m+fp/hard/libc_nano.a(lib_a-stdio.o)
                0x0000000008006ab2                __sclose
 *fill*         0x0000000008006aba        0x2 
 .text.__assert_func
                0x0000000008006abc       0x3c /opt/gcc-arm-none-eabi-10.3-2021.10/bin/../lib/gcc/arm-none-eabi/10.3.1/../../../../arm-none-eabi/lib/thumb/v7e-m+fp/hard/libc_nano.a(lib_a-assert.o)
                0x0000000008006abc                __assert_func
 .text.fprintf  0x0000000008006af8       0x24 /opt/gcc-arm-none-eabi-10.3-2021.10/bin/../lib/gcc/arm-none-eabi/10.3.1/../../../../arm-none-eabi/lib/thumb/v7e-m+fp/hard/libc_nano.a(lib_a-fprintf.o)
                0x0000000008006af8                fprintf
                0x0000000008006af8                fiprintf
 .text.__ascii_mbtowc
                0x0000000008006b1c       0x24 /opt/gcc-arm-none-eabi-10.3-2021.10/bin/../lib/gcc/arm-none-eabi/10.3.1/../../../../arm-none-eabi/lib/thumb/v7e-m+fp/hard/libc_nano.a(lib_a-mbtowc_r.o)
                0x0000000008006b1c                __ascii_mbtowc
 .text.__malloc_lock
                0x0000000008006b40        0xc /opt/gcc-arm-none-eabi-10.3-2021.10/bin/../lib/gcc/arm-none-eabi/10.3.1/../../../../arm-none-eabi/lib/thumb/v7e-m+fp/hard/libc_nano.a(lib_a-mlock.o)
                0x0000000008006b40                __malloc_lock
 .text.__malloc_unlock
                0x0000000008006b4c        0xc /opt/gcc-arm-none-eabi-10.3-2021.10/bin/../lib/gcc/arm-none-eabi/10.3.1/../../../../arm-none-eabi/lib/thumb/v7e-m+fp/hard/libc_nano.a(lib_a-mlock.o)
                0x0000000008006b4c                __malloc_unlock
 .text.__ascii_wctomb
                0x0000000008006b58       0x1a /opt/gcc-arm-none-eabi-10.3-2021.10/bin/../lib/gcc/arm-none-eabi/10.3.1/../../../../arm-none-eabi/lib/thumb/v7e-m+fp/hard/libc_nano.a(lib_a-wctomb_r.o)
                0x0000000008006b58                __ascii_wctomb
 .text.abort    0x0000000008006b72        0xe /opt/gcc-arm-none-eabi-10.3-2021.10/bin/../lib/gcc/arm-none-eabi/10.3.1/../../../../arm-none-eabi/lib/thumb/v7e-m+fp/hard/libc_nano.a(lib_a-abort.o)
                0x0000000008006b72                abort
 .text._raise_r
                0x0000000008006b80       0x50 /opt/gcc-arm-none-eabi-10.3-2021.10/bin/../lib/gcc/arm-none-eabi/10.3.1/../../../../arm-none-eabi/lib/thumb/v7e-m+fp/hard/libc_nano.a(lib_a-signal.o)
                0x0000000008006b80                _raise_r
 .text.raise    0x0000000008006bd0       0x10 /opt/gcc-arm-none-eabi-10.3-2021.10/bin/../lib/gcc/arm-none-eabi/10.3.1/../../../../arm-none-eabi/lib/thumb/v7e-m+fp/hard/libc_nano.a(lib_a-signal.o)
                0x0000000008006bd0                raise
 .text          0x0000000008006be0       0x2c /opt/gcc-arm-none-eabi-10.3-2021.10/bin/../lib/gcc/arm-none-eabi/10.3.1/thumb/v7e-m+fp/hard/libgcc.a(_arm_unorddf2.o)
                0x0000000008006be0                __aeabi_dcmpun
                0x0000000008006be0                __unorddf2
 .text          0x0000000008006c0c       0x50 /opt/gcc-arm-none-eabi-10.3-2021.10/bin/../lib/gcc/arm-none-eabi/10.3.1/thumb/v7e-m+fp/hard/libgcc.a(_arm_fixdfsi.o)
                0x0000000008006c0c                __fixdfsi
                0x0000000008006c0c                __aeabi_d2iz
 *(.glue_7t)
 .glue_7t       0x0000000008006c5c        0x0 linker stubs
 *(.glue_7)
 .glue_7        0x0000000008006c5c        0x0 linker stubs
 *(.rodata .rodata* .gnu.linkonce.r.*)
 .rodata._exit.str1.4
                0x0000000008006c5c       0x1a /home/obrol/RIOT/practice/coremark_stm/bin/nucleo-f401re/newlib_syscalls_default/syscalls.o
 *fill*         0x0000000008006c76        0x2 
 .rodata.nmi_default.str1.4
                0x0000000008006c78        0xc /home/obrol/RIOT/practice/coremark_stm/bin/nucleo-f401re/cortexm_common.a(vectors_cortexm.o)
 .rodata.mem_manage_default.str1.4
                0x0000000008006c84       0x13 /home/obrol/RIOT/practice/coremark_stm/bin/nucleo-f401re/cortexm_common.a(vectors_cortexm.o)
 *fill*         0x0000000008006c97        0x1 
 .rodata.bus_fault_default.str1.4
                0x0000000008006c98       0x12 /home/obrol/RIOT/practice/coremark_stm/bin/nucleo-f401re/cortexm_common.a(vectors_cortexm.o)
 *fill*         0x0000000008006caa        0x2 
 .rodata.usage_fault_default.str1.4
                0x0000000008006cac       0x14 /home/obrol/RIOT/practice/coremark_stm/bin/nucleo-f401re/cortexm_common.a(vectors_cortexm.o)
 .rodata.debug_mon_default.str1.4
                0x0000000008006cc0       0x12 /home/obrol/RIOT/practice/coremark_stm/bin/nucleo-f401re/cortexm_common.a(vectors_cortexm.o)
 *fill*         0x0000000008006cd2        0x2 
 .rodata.dummy_handler_default.str1.4
                0x0000000008006cd4        0xe /home/obrol/RIOT/practice/coremark_stm/bin/nucleo-f401re/cortexm_common.a(vectors_cortexm.o)
 *fill*         0x0000000008006ce2        0x2 
 .rodata.hard_fault_handler.str1.4
                0x0000000008006ce4      0x20b /home/obrol/RIOT/practice/coremark_stm/bin/nucleo-f401re/cortexm_common.a(vectors_cortexm.o)
 *fill*         0x0000000008006eef        0x1 
 .rodata.spi_config
                0x0000000008006ef0       0x60 /home/obrol/RIOT/practice/coremark_stm/bin/nucleo-f401re/stm32_common_periph.a(pm.o)
 .rodata.uart_config
                0x0000000008006f50       0x48 /home/obrol/RIOT/practice/coremark_stm/bin/nucleo-f401re/stm32_common_periph.a(uart.o)
 .rodata.core_panic.str1.4
                0x0000000008006f98       0x2e /home/obrol/RIOT/practice/coremark_stm/bin/nucleo-f401re/core.a(panic.o)
 *fill*         0x0000000008006fc6        0x2 
 .rodata.assert_crash_message
                0x0000000008006fc8       0x12 /home/obrol/RIOT/practice/coremark_stm/bin/nucleo-f401re/core.a(panic.o)
                0x0000000008006fc8                assert_crash_message
 *fill*         0x0000000008006fda        0x2 
 .rodata.main_trampoline.str1.4
                0x0000000008006fdc       0x30 /home/obrol/RIOT/practice/coremark_stm/bin/nucleo-f401re/core.a(kernel_init.o)
 .rodata.str1.4
                0x000000000800700c        0xd /home/obrol/RIOT/practice/coremark_stm/bin/nucleo-f401re/core.a(kernel_init.o)
 *fill*         0x0000000008007019        0x3 
 .rodata.CSWTCH.2
                0x000000000800701c       0x51 /home/obrol/RIOT/practice/coremark_stm/bin/nucleo-f401re/stm32_common.a(stm_status.o)
 *fill*         0x000000000800706d        0x3 
 .rodata.apbmul
                0x0000000008007070        0x2 /home/obrol/RIOT/practice/coremark_stm/bin/nucleo-f401re/stm32_common.a(cpu_common.o)
 *fill*         0x0000000008007072        0x2 
 .rodata.timer_config
                0x0000000008007074       0x10 /home/obrol/RIOT/practice/coremark_stm/bin/nucleo-f401re/stm32_common_periph.a(timer.o)
 .rodata.main.str1.4
                0x0000000008007084      0x447 /home/obrol/RIOT/practice/coremark_stm/bin/nucleo-f401re/application_coremark_stm.a(core_main.o)
                                        0x44b (size before relaxing)
 *fill*         0x00000000080074cb        0x1 
 .rodata.str1.4
                0x00000000080074cc       0xad /home/obrol/RIOT/practice/coremark_stm/bin/nucleo-f401re/application_coremark_stm.a(core_state.o)
 *fill*         0x0000000008007579        0x3 
 .rodata.errpat
                0x000000000800757c       0x10 /home/obrol/RIOT/practice/coremark_stm/bin/nucleo-f401re/application_coremark_stm.a(core_state.o)
 .rodata.floatpat
                0x000000000800758c       0x10 /home/obrol/RIOT/practice/coremark_stm/bin/nucleo-f401re/application_coremark_stm.a(core_state.o)
 .rodata.intpat
                0x000000000800759c       0x10 /home/obrol/RIOT/practice/coremark_stm/bin/nucleo-f401re/application_coremark_stm.a(core_state.o)
 .rodata.scipat
                0x00000000080075ac       0x10 /home/obrol/RIOT/practice/coremark_stm/bin/nucleo-f401re/application_coremark_stm.a(core_state.o)
 .rodata._global_impure_ptr
                0x00000000080075bc        0x4 /opt/gcc-arm-none-eabi-10.3-2021.10/bin/../lib/gcc/arm-none-eabi/10.3.1/../../../../arm-none-eabi/lib/thumb/v7e-m+fp/hard/libc_nano.a(lib_a-impure.o)
                0x00000000080075bc                _global_impure_ptr
 .rodata._printf_float.str1.1
                0x00000000080075c0       0x12 /opt/gcc-arm-none-eabi-10.3-2021.10/bin/../lib/gcc/arm-none-eabi/10.3.1/../../../../arm-none-eabi/lib/thumb/v7e-m+fp/hard/libc_nano.a(lib_a-nano-vfprintf_float.o)
 .rodata._printf_i.str1.1
                0x00000000080075d2       0x22 /opt/gcc-arm-none-eabi-10.3-2021.10/bin/../lib/gcc/arm-none-eabi/10.3.1/../../../../arm-none-eabi/lib/thumb/v7e-m+fp/hard/libc_nano.a(lib_a-nano-vfprintf_i.o)
 .rodata._dtoa_r.str1.1
                0x00000000080075f4       0xb3 /opt/gcc-arm-none-eabi-10.3-2021.10/bin/../lib/gcc/arm-none-eabi/10.3.1/../../../../arm-none-eabi/lib/thumb/v7e-m+fp/hard/libc_nano.a(lib_a-dtoa.o)
                                         0xb5 (size before relaxing)
 *fill*         0x00000000080076a7        0x1 
 .rodata.__sf_fake_stderr
                0x00000000080076a8       0x20 /opt/gcc-arm-none-eabi-10.3-2021.10/bin/../lib/gcc/arm-none-eabi/10.3.1/../../../../arm-none-eabi/lib/thumb/v7e-m+fp/hard/libc_nano.a(lib_a-findfp.o)
                0x00000000080076a8                __sf_fake_stderr
 .rodata.__sf_fake_stdin
                0x00000000080076c8       0x20 /opt/gcc-arm-none-eabi-10.3-2021.10/bin/../lib/gcc/arm-none-eabi/10.3.1/../../../../arm-none-eabi/lib/thumb/v7e-m+fp/hard/libc_nano.a(lib_a-findfp.o)
                0x00000000080076c8                __sf_fake_stdin
 .rodata.__sf_fake_stdout
                0x00000000080076e8       0x20 /opt/gcc-arm-none-eabi-10.3-2021.10/bin/../lib/gcc/arm-none-eabi/10.3.1/../../../../arm-none-eabi/lib/thumb/v7e-m+fp/hard/libc_nano.a(lib_a-findfp.o)
                0x00000000080076e8                __sf_fake_stdout
 .rodata._Balloc.str1.1
                0x0000000008007708       0x7f /opt/gcc-arm-none-eabi-10.3-2021.10/bin/../lib/gcc/arm-none-eabi/10.3.1/../../../../arm-none-eabi/lib/thumb/v7e-m+fp/hard/libc_nano.a(lib_a-mprec.o)
                                         0x96 (size before relaxing)
 .rodata.__multadd.str1.1
                0x0000000008007787       0x11 /opt/gcc-arm-none-eabi-10.3-2021.10/bin/../lib/gcc/arm-none-eabi/10.3.1/../../../../arm-none-eabi/lib/thumb/v7e-m+fp/hard/libc_nano.a(lib_a-mprec.o)
 *fill*         0x0000000008007787        0x1 
 .rodata.__mprec_bigtens
                0x0000000008007788       0x28 /opt/gcc-arm-none-eabi-10.3-2021.10/bin/../lib/gcc/arm-none-eabi/10.3.1/../../../../arm-none-eabi/lib/thumb/v7e-m+fp/hard/libc_nano.a(lib_a-mprec.o)
                0x0000000008007788                __mprec_bigtens
 .rodata.__mprec_tens
                0x00000000080077b0       0xc8 /opt/gcc-arm-none-eabi-10.3-2021.10/bin/../lib/gcc/arm-none-eabi/10.3.1/../../../../arm-none-eabi/lib/thumb/v7e-m+fp/hard/libc_nano.a(lib_a-mprec.o)
                0x00000000080077b0                __mprec_tens
 .rodata.p05.0  0x0000000008007878        0xc /opt/gcc-arm-none-eabi-10.3-2021.10/bin/../lib/gcc/arm-none-eabi/10.3.1/../../../../arm-none-eabi/lib/thumb/v7e-m+fp/hard/libc_nano.a(lib_a-mprec.o)
 .rodata._vfprintf_r.str1.1
                0x0000000008007884       0x11 /opt/gcc-arm-none-eabi-10.3-2021.10/bin/../lib/gcc/arm-none-eabi/10.3.1/../../../../arm-none-eabi/lib/thumb/v7e-m+fp/hard/libc_nano.a(lib_a-nano-vfprintf.o)
 .rodata.__assert_func.str1.1
                0x0000000008007895       0x3c /opt/gcc-arm-none-eabi-10.3-2021.10/bin/../lib/gcc/arm-none-eabi/10.3.1/../../../../arm-none-eabi/lib/thumb/v7e-m+fp/hard/libc_nano.a(lib_a-assert.o)
                                         0x3d (size before relaxing)
 .rodata._setlocale_r.str1.1
                0x00000000080078d1        0x8 /opt/gcc-arm-none-eabi-10.3-2021.10/bin/../lib/gcc/arm-none-eabi/10.3.1/../../../../arm-none-eabi/lib/thumb/v7e-m+fp/hard/libc_nano.a(lib_a-locale.o)
                                          0x9 (size before relaxing)
 .rodata.str1.1
                0x00000000080078d9        0x2 /opt/gcc-arm-none-eabi-10.3-2021.10/bin/../lib/gcc/arm-none-eabi/10.3.1/../../../../arm-none-eabi/lib/thumb/v7e-m+fp/hard/libc_nano.a(lib_a-locale.o)
 .rodata._ctype_
                0x00000000080078db      0x101 /opt/gcc-arm-none-eabi-10.3-2021.10/bin/../lib/gcc/arm-none-eabi/10.3.1/../../../../arm-none-eabi/lib/thumb/v7e-m+fp/hard/libc_nano.a(lib_a-ctype_.o)
                0x00000000080078db                _ctype_
 *(.ARM.extab* .gnu.linkonce.armextab.*)
                0x00000000080079dc                . = ALIGN (0x4)
 *(.init)
                0x00000000080079dc                . = ALIGN (0x4)
                0x00000000080079dc                __preinit_array_start = .
 *(.preinit_array)
                0x00000000080079dc                __preinit_array_end = .
                0x00000000080079dc                . = ALIGN (0x4)
                0x00000000080079dc                __init_array_start = .
 *(SORT_BY_NAME(.init_array.*))
 *(.init_array)
                0x00000000080079dc                __init_array_end = .
                0x00000000080079dc                . = ALIGN (0x4)
 *crtbegin.o(.ctors)
 *(EXCLUDE_FILE(*crtend.o) .ctors)
 *(SORT_BY_NAME(.ctors.*))
 *crtend.o(.ctors)
                0x00000000080079dc                . = ALIGN (0x4)
 *(.fini)
                0x00000000080079dc                . = ALIGN (0x4)
                0x00000000080079dc                __fini_array_start = .
 *(.fini_array)
 *(SORT_BY_NAME(.fini_array.*))
                0x00000000080079dc                __fini_array_end = .
 *crtbegin.o(.dtors)
 *(EXCLUDE_FILE(*crtend.o) .dtors)
 *(SORT_BY_NAME(.dtors.*))
 *crtend.o(.dtors)
                0x00000000080079dc                . = ALIGN (0x4)
                0x00000000080079dc                _efixed = .
                [!provide]                        PROVIDE (__exidx_start = .)

.vfp11_veneer   0x00000000080079dc        0x0
 .vfp11_veneer  0x00000000080079dc        0x0 linker stubs

.v4_bx          0x00000000080079dc        0x0
 .v4_bx         0x00000000080079dc        0x0 linker stubs

.iplt           0x00000000080079dc        0x0
 .iplt          0x00000000080079dc        0x0 /home/obrol/RIOT/practice/coremark_stm/bin/nucleo-f401re/cpu/vectors.o

.igot.plt       0x00000000080079dc        0x0
 .igot.plt      0x00000000080079dc        0x0 /home/obrol/RIOT/practice/coremark_stm/bin/nucleo-f401re/cpu/vectors.o

.rel.dyn        0x00000000080079dc        0x0
 .rel.iplt      0x00000000080079dc        0x0 /home/obrol/RIOT/practice/coremark_stm/bin/nucleo-f401re/cpu/vectors.o

.ARM.exidx
 *(.ARM.exidx* .gnu.linkonce.armexidx.*)
                [!provide]                        PROVIDE (__exidx_end = .)
                0x00000000080079dc                . = ALIGN (0x4)

.eh_frame
 *(.eh_frame)
                0x00000000080079dc                . = ALIGN (0x4)
                0x00000000080079dc                _etext = .

.stack          0x0000000020000000      0x200
 *(.puf)
                0x0000000020000000                . = ALIGN (0x8)
                0x0000000020000000                _sstack = .
 *(.isr_stack)
 .isr_stack     0x0000000020000000      0x200 /home/obrol/RIOT/practice/coremark_stm/bin/nucleo-f401re/cortexm_common.a(vectors_cortexm.o)
                0x0000000020000000                isr_stack
                0x0000000020000200                . = ALIGN (0x8)
                0x0000000020000200                _estack = .

.relocate       0x0000000020000200      0x204 load address 0x00000000080079dc
                0x0000000020000200                . = ALIGN (0x4)
                0x0000000020000200                _srelocate = .
 *(.ramfunc .ramfunc.*)
 *(.data .data.*)
 .data.heap_top
                0x0000000020000200        0x4 /home/obrol/RIOT/practice/coremark_stm/bin/nucleo-f401re/newlib_syscalls_default/syscalls.o
                0x0000000020000200                heap_top
 .data.stdio_uart_isrpipe
                0x0000000020000204       0x14 /home/obrol/RIOT/practice/coremark_stm/bin/nucleo-f401re/stdio_uart.a(stdio_uart.o)
                0x0000000020000204                stdio_uart_isrpipe
 .data.idle_name
                0x0000000020000218        0x4 /home/obrol/RIOT/practice/coremark_stm/bin/nucleo-f401re/core.a(kernel_init.o)
                0x0000000020000218                idle_name
 .data.main_name
                0x000000002000021c        0x4 /home/obrol/RIOT/practice/coremark_stm/bin/nucleo-f401re/core.a(kernel_init.o)
                0x000000002000021c                main_name
 .data.pm_blocker
                0x0000000020000220        0x4 /home/obrol/RIOT/practice/coremark_stm/bin/nucleo-f401re/pm_layered.a(pm.o)
                0x0000000020000220                pm_blocker
 .data.default_num_contexts
                0x0000000020000224        0x4 /home/obrol/RIOT/practice/coremark_stm/bin/nucleo-f401re/application_coremark_stm.a(core_portme.o)
                0x0000000020000224                default_num_contexts
 .data.seed3_volatile
                0x0000000020000228        0x4 /home/obrol/RIOT/practice/coremark_stm/bin/nucleo-f401re/application_coremark_stm.a(core_portme.o)
                0x0000000020000228                seed3_volatile
 .data.seed4_volatile
                0x000000002000022c        0x4 /home/obrol/RIOT/practice/coremark_stm/bin/nucleo-f401re/application_coremark_stm.a(core_portme.o)
                0x000000002000022c                seed4_volatile
 .data._impure_ptr
                0x0000000020000230        0x4 /opt/gcc-arm-none-eabi-10.3-2021.10/bin/../lib/gcc/arm-none-eabi/10.3.1/../../../../arm-none-eabi/lib/thumb/v7e-m+fp/hard/libc_nano.a(lib_a-impure.o)
                0x0000000020000230                _impure_ptr
 .data.impure_data
                0x0000000020000234       0x60 /opt/gcc-arm-none-eabi-10.3-2021.10/bin/../lib/gcc/arm-none-eabi/10.3.1/../../../../arm-none-eabi/lib/thumb/v7e-m+fp/hard/libc_nano.a(lib_a-impure.o)
 .data.__global_locale
                0x0000000020000294      0x16c /opt/gcc-arm-none-eabi-10.3-2021.10/bin/../lib/gcc/arm-none-eabi/10.3.1/../../../../arm-none-eabi/lib/thumb/v7e-m+fp/hard/libc_nano.a(lib_a-locale.o)
                0x0000000020000294                __global_locale
 *(.openocd .openocd.*)
 .openocd       0x0000000020000400        0x2 /home/obrol/RIOT/practice/coremark_stm/bin/nucleo-f401re/core.a(sched.o)
                0x0000000020000400                _tcb_name_offset
                0x0000000020000401                max_threads
                0x0000000020000404                . = ALIGN (0x4)
 *fill*         0x0000000020000402        0x2 
                0x0000000020000404                _erelocate = .

.noinit         0x0000000020000404        0x0 load address 0x0000000008007be0
                0x0000000020000404                __noinit_start = .
 *(.noinit)
                0x0000000020000404                . = ALIGN (0x4)
                0x0000000020000404                __noinit_end = .

.bss            0x0000000020000404      0xef8 load address 0x0000000008007be0
                0x0000000020000404                . = ALIGN (0x4)
                0x0000000020000404                _sbss = .
                0x0000000020000404                _szero = .
 *(.bss .bss.*)
 .bss.runqueue_bitcache
                0x0000000020000404        0x4 /home/obrol/RIOT/practice/coremark_stm/bin/nucleo-f401re/core.a(sched.o)
 .bss.sched_active_pid
                0x0000000020000408        0x2 /home/obrol/RIOT/practice/coremark_stm/bin/nucleo-f401re/core.a(sched.o)
                0x0000000020000408                sched_active_pid
 *fill*         0x000000002000040a        0x2 
 .bss.sched_active_thread
                0x000000002000040c        0x4 /home/obrol/RIOT/practice/coremark_stm/bin/nucleo-f401re/core.a(sched.o)
                0x000000002000040c                sched_active_thread
 .bss.sched_context_switch_request
                0x0000000020000410        0x4 /home/obrol/RIOT/practice/coremark_stm/bin/nucleo-f401re/core.a(sched.o)
                0x0000000020000410                sched_context_switch_request
 .bss.sched_num_threads
                0x0000000020000414        0x4 /home/obrol/RIOT/practice/coremark_stm/bin/nucleo-f401re/core.a(sched.o)
                0x0000000020000414                sched_num_threads
 .bss.sched_runqueues
                0x0000000020000418       0x40 /home/obrol/RIOT/practice/coremark_stm/bin/nucleo-f401re/core.a(sched.o)
                0x0000000020000418                sched_runqueues
 .bss.sched_threads
                0x0000000020000458       0x84 /home/obrol/RIOT/practice/coremark_stm/bin/nucleo-f401re/core.a(sched.o)
                0x0000000020000458                sched_threads
 .bss._rx_buf_mem
                0x00000000200004dc       0x40 /home/obrol/RIOT/practice/coremark_stm/bin/nucleo-f401re/stdio_uart.a(stdio_uart.o)
 .bss.lpm_gpio_moder
                0x000000002000051c       0x20 /home/obrol/RIOT/practice/coremark_stm/bin/nucleo-f401re/stm32_common_periph.a(pm.o)
 .bss.lpm_gpio_otyper
                0x000000002000053c       0x10 /home/obrol/RIOT/practice/coremark_stm/bin/nucleo-f401re/stm32_common_periph.a(pm.o)
 .bss.lpm_gpio_pupdr
                0x000000002000054c       0x20 /home/obrol/RIOT/practice/coremark_stm/bin/nucleo-f401re/stm32_common_periph.a(pm.o)
 .bss.lpm_usart
                0x000000002000056c        0x3 /home/obrol/RIOT/practice/coremark_stm/bin/nucleo-f401re/stm32_common_periph.a(pm.o)
 .bss.powermode
                0x000000002000056f        0x1 /home/obrol/RIOT/practice/coremark_stm/bin/nucleo-f401re/stm32_common_periph.a(pm.o)
 .bss.isr_ctx   0x0000000020000570       0x24 /home/obrol/RIOT/practice/coremark_stm/bin/nucleo-f401re/stm32_common_periph.a(uart.o)
 .bss._in_handler
                0x0000000020000594        0x4 /home/obrol/RIOT/practice/coremark_stm/bin/nucleo-f401re/xtimer.a(xtimer_core.o)
 .bss._long_cnt
                0x0000000020000598        0x4 /home/obrol/RIOT/practice/coremark_stm/bin/nucleo-f401re/xtimer.a(xtimer_core.o)
 .bss.long_list_head
                0x000000002000059c        0x4 /home/obrol/RIOT/practice/coremark_stm/bin/nucleo-f401re/xtimer.a(xtimer_core.o)
 .bss.overflow_list_head
                0x00000000200005a0        0x4 /home/obrol/RIOT/practice/coremark_stm/bin/nucleo-f401re/xtimer.a(xtimer_core.o)
 .bss.timer_list_head
                0x00000000200005a4        0x4 /home/obrol/RIOT/practice/coremark_stm/bin/nucleo-f401re/xtimer.a(xtimer_core.o)
 .bss.crashed   0x00000000200005a8        0x4 /home/obrol/RIOT/practice/coremark_stm/bin/nucleo-f401re/core.a(panic.o)
 .bss.idle_stack
                0x00000000200005ac      0x100 /home/obrol/RIOT/practice/coremark_stm/bin/nucleo-f401re/core.a(kernel_init.o)
 .bss.main_stack
                0x00000000200006ac      0xc00 /home/obrol/RIOT/practice/coremark_stm/bin/nucleo-f401re/core.a(kernel_init.o)
 .bss.cpu_status
                0x00000000200012ac       0x28 /home/obrol/RIOT/practice/coremark_stm/bin/nucleo-f401re/stm32_common.a(stm_status.o)
                0x00000000200012ac                cpu_status
 .bss.isr_ctx   0x00000000200012d4        0x8 /home/obrol/RIOT/practice/coremark_stm/bin/nucleo-f401re/stm32_common_periph.a(timer.o)
 .bss.seed1_volatile
                0x00000000200012dc        0x4 /home/obrol/RIOT/practice/coremark_stm/bin/nucleo-f401re/application_coremark_stm.a(core_portme.o)
                0x00000000200012dc                seed1_volatile
 .bss.seed2_volatile
                0x00000000200012e0        0x4 /home/obrol/RIOT/practice/coremark_stm/bin/nucleo-f401re/application_coremark_stm.a(core_portme.o)
                0x00000000200012e0                seed2_volatile
 .bss.seed5_volatile
                0x00000000200012e4        0x4 /home/obrol/RIOT/practice/coremark_stm/bin/nucleo-f401re/application_coremark_stm.a(core_portme.o)
                0x00000000200012e4                seed5_volatile
 .bss.start_time_val
                0x00000000200012e8        0x4 /home/obrol/RIOT/practice/coremark_stm/bin/nucleo-f401re/application_coremark_stm.a(core_portme.o)
 .bss.stop_time_val
                0x00000000200012ec        0x4 /home/obrol/RIOT/practice/coremark_stm/bin/nucleo-f401re/application_coremark_stm.a(core_portme.o)
 .bss.__lock___malloc_recursive_mutex
                0x00000000200012f0        0x1 /opt/gcc-arm-none-eabi-10.3-2021.10/bin/../lib/gcc/arm-none-eabi/10.3.1/../../../../arm-none-eabi/lib/thumb/v7e-m+fp/hard/libc_nano.a(lib_a-lock.o)
                0x00000000200012f0                __lock___malloc_recursive_mutex
 .bss.__lock___sfp_recursive_mutex
                0x00000000200012f1        0x1 /opt/gcc-arm-none-eabi-10.3-2021.10/bin/../lib/gcc/arm-none-eabi/10.3.1/../../../../arm-none-eabi/lib/thumb/v7e-m+fp/hard/libc_nano.a(lib_a-lock.o)
                0x00000000200012f1                __lock___sfp_recursive_mutex
 .bss.__lock___sinit_recursive_mutex
                0x00000000200012f2        0x1 /opt/gcc-arm-none-eabi-10.3-2021.10/bin/../lib/gcc/arm-none-eabi/10.3.1/../../../../arm-none-eabi/lib/thumb/v7e-m+fp/hard/libc_nano.a(lib_a-lock.o)
                0x00000000200012f2                __lock___sinit_recursive_mutex
 *fill*         0x00000000200012f3        0x1 
 .bss.__malloc_free_list
                0x00000000200012f4        0x4 /opt/gcc-arm-none-eabi-10.3-2021.10/bin/../lib/gcc/arm-none-eabi/10.3.1/../../../../arm-none-eabi/lib/thumb/v7e-m+fp/hard/libc_nano.a(lib_a-nano-mallocr.o)
                0x00000000200012f4                __malloc_free_list
 .bss.__malloc_sbrk_start
                0x00000000200012f8        0x4 /opt/gcc-arm-none-eabi-10.3-2021.10/bin/../lib/gcc/arm-none-eabi/10.3.1/../../../../arm-none-eabi/lib/thumb/v7e-m+fp/hard/libc_nano.a(lib_a-nano-mallocr.o)
                0x00000000200012f8                __malloc_sbrk_start
 *(COMMON)
                0x00000000200012fc                . = ALIGN (0x4)
                0x00000000200012fc                _ebss = .
                0x00000000200012fc                _ezero = .
                0x00000000200012fc                . = ALIGN (0x4)
                0x00000000200012fc                _sheap = .
                0x0000000020018000                _eheap = (ORIGIN (ram) + LENGTH (ram))
                0x0000000020000000                _sram = ORIGIN (ram)
                0x0000000020018000                _eram = (ORIGIN (ram) + LENGTH (ram))
OUTPUT(/home/obrol/RIOT/practice/coremark_stm/bin/nucleo-f401re/coremark_stm.elf elf32-littlearm)
LOAD linker stubs

.debug_info     0x0000000000000000    0x1a142
 .debug_info    0x0000000000000000       0xdb /home/obrol/RIOT/practice/coremark_stm/bin/nucleo-f401re/cpu/vectors.o
 .debug_info    0x00000000000000db     0x1cb0 /home/obrol/RIOT/practice/coremark_stm/bin/nucleo-f401re/newlib_syscalls_default/syscalls.o
 .debug_info    0x0000000000001d8b      0x70f /home/obrol/RIOT/practice/coremark_stm/bin/nucleo-f401re/core.a(sched.o)
 .debug_info    0x000000000000249a      0x7e9 /home/obrol/RIOT/practice/coremark_stm/bin/nucleo-f401re/cortexm_common.a(thread_arch.o)
 .debug_info    0x0000000000002c83     0x13d0 /home/obrol/RIOT/practice/coremark_stm/bin/nucleo-f401re/cortexm_common.a(vectors_cortexm.o)
 .debug_info    0x0000000000004053      0x23f /home/obrol/RIOT/practice/coremark_stm/bin/nucleo-f401re/cortexm_common.a(irq_arch.o)
 .debug_info    0x0000000000004292      0xcc8 /home/obrol/RIOT/practice/coremark_stm/bin/nucleo-f401re/stdio_uart.a(stdio_uart.o)
 .debug_info    0x0000000000004f5a     0x1338 /home/obrol/RIOT/practice/coremark_stm/bin/nucleo-f401re/stm32_common_periph.a(pm.o)
 .debug_info    0x0000000000006292     0x17c7 /home/obrol/RIOT/practice/coremark_stm/bin/nucleo-f401re/stm32_common_periph.a(uart.o)
 .debug_info    0x0000000000007a59     0x1618 /home/obrol/RIOT/practice/coremark_stm/bin/nucleo-f401re/stm32_common_periph.a(gpio.o)
 .debug_info    0x0000000000009071     0x1d5c /home/obrol/RIOT/practice/coremark_stm/bin/nucleo-f401re/xtimer.a(xtimer_core.o)
 .debug_info    0x000000000000adcd      0xa7a /home/obrol/RIOT/practice/coremark_stm/bin/nucleo-f401re/boards_common_nucleo.a(board.o)
 .debug_info    0x000000000000b847      0x2a6 /home/obrol/RIOT/practice/coremark_stm/bin/nucleo-f401re/core.a(panic.o)
 .debug_info    0x000000000000baed      0x29d /home/obrol/RIOT/practice/coremark_stm/bin/nucleo-f401re/core.a(kernel_init.o)
 .debug_info    0x000000000000bd8a      0xb81 /home/obrol/RIOT/practice/coremark_stm/bin/nucleo-f401re/core.a(thread.o)
 .debug_info    0x000000000000c90b      0xa04 /home/obrol/RIOT/practice/coremark_stm/bin/nucleo-f401re/cortexm_common.a(cortexm_init.o)
 .debug_info    0x000000000000d30f     0x12cd /home/obrol/RIOT/practice/coremark_stm/bin/nucleo-f401re/isrpipe.a(isrpipe.o)
 .debug_info    0x000000000000e5dc      0x2b3 /home/obrol/RIOT/practice/coremark_stm/bin/nucleo-f401re/pm_layered.a(pm.o)
 .debug_info    0x000000000000e88f      0xe77 /home/obrol/RIOT/practice/coremark_stm/bin/nucleo-f401re/stm32_common.a(stmclk.o)
 .debug_info    0x000000000000f706      0xd46 /home/obrol/RIOT/practice/coremark_stm/bin/nucleo-f401re/stm32_common.a(stmclk_common.o)
 .debug_info    0x000000000001044c      0xd76 /home/obrol/RIOT/practice/coremark_stm/bin/nucleo-f401re/stm32_common.a(stm_status.o)
 .debug_info    0x00000000000111c2      0xe75 /home/obrol/RIOT/practice/coremark_stm/bin/nucleo-f401re/stm32_common.a(cpu_init.o)
 .debug_info    0x0000000000012037      0xf9a /home/obrol/RIOT/practice/coremark_stm/bin/nucleo-f401re/stm32_common.a(cpu_common.o)
 .debug_info    0x0000000000012fd1     0x160e /home/obrol/RIOT/practice/coremark_stm/bin/nucleo-f401re/stm32_common_periph.a(timer.o)
 .debug_info    0x00000000000145df      0x441 /home/obrol/RIOT/practice/coremark_stm/bin/nucleo-f401re/tsrb.a(tsrb.o)
 .debug_info    0x0000000000014a20       0x3c /home/obrol/RIOT/practice/coremark_stm/bin/nucleo-f401re/periph_common.a(init.o)
 .debug_info    0x0000000000014a5c      0xbb9 /home/obrol/RIOT/practice/coremark_stm/bin/nucleo-f401re/application_coremark_stm.a(core_main.o)
 .debug_info    0x0000000000015615      0xcb6 /home/obrol/RIOT/practice/coremark_stm/bin/nucleo-f401re/application_coremark_stm.a(core_matrix.o)
 .debug_info    0x00000000000162cb      0x6b7 /home/obrol/RIOT/practice/coremark_stm/bin/nucleo-f401re/application_coremark_stm.a(core_util.o)
 .debug_info    0x0000000000016982      0x54d /home/obrol/RIOT/practice/coremark_stm/bin/nucleo-f401re/application_coremark_stm.a(core_state.o)
 .debug_info    0x0000000000016ecf     0x12f9 /home/obrol/RIOT/practice/coremark_stm/bin/nucleo-f401re/application_coremark_stm.a(core_list_join.o)
 .debug_info    0x00000000000181c8      0xdbe /home/obrol/RIOT/practice/coremark_stm/bin/nucleo-f401re/application_coremark_stm.a(core_portme.o)
 .debug_info    0x0000000000018f86      0xa9d /home/obrol/RIOT/practice/coremark_stm/bin/nucleo-f401re/auto_init.a(auto_init.o)
 .debug_info    0x0000000000019a23      0x71f /home/obrol/RIOT/practice/coremark_stm/bin/nucleo-f401re/core.a(mutex.o)

.debug_abbrev   0x0000000000000000     0x509c
 .debug_abbrev  0x0000000000000000       0xb5 /home/obrol/RIOT/practice/coremark_stm/bin/nucleo-f401re/cpu/vectors.o
 .debug_abbrev  0x00000000000000b5      0x45f /home/obrol/RIOT/practice/coremark_stm/bin/nucleo-f401re/newlib_syscalls_default/syscalls.o
 .debug_abbrev  0x0000000000000514      0x2e0 /home/obrol/RIOT/practice/coremark_stm/bin/nucleo-f401re/core.a(sched.o)
 .debug_abbrev  0x00000000000007f4      0x320 /home/obrol/RIOT/practice/coremark_stm/bin/nucleo-f401re/cortexm_common.a(thread_arch.o)
 .debug_abbrev  0x0000000000000b14      0x36f /home/obrol/RIOT/practice/coremark_stm/bin/nucleo-f401re/cortexm_common.a(vectors_cortexm.o)
 .debug_abbrev  0x0000000000000e83      0x172 /home/obrol/RIOT/practice/coremark_stm/bin/nucleo-f401re/cortexm_common.a(irq_arch.o)
 .debug_abbrev  0x0000000000000ff5      0x201 /home/obrol/RIOT/practice/coremark_stm/bin/nucleo-f401re/stdio_uart.a(stdio_uart.o)
 .debug_abbrev  0x00000000000011f6      0x31c /home/obrol/RIOT/practice/coremark_stm/bin/nucleo-f401re/stm32_common_periph.a(pm.o)
 .debug_abbrev  0x0000000000001512      0x42f /home/obrol/RIOT/practice/coremark_stm/bin/nucleo-f401re/stm32_common_periph.a(uart.o)
 .debug_abbrev  0x0000000000001941      0x35f /home/obrol/RIOT/practice/coremark_stm/bin/nucleo-f401re/stm32_common_periph.a(gpio.o)
 .debug_abbrev  0x0000000000001ca0      0x534 /home/obrol/RIOT/practice/coremark_stm/bin/nucleo-f401re/xtimer.a(xtimer_core.o)
 .debug_abbrev  0x00000000000021d4      0x122 /home/obrol/RIOT/practice/coremark_stm/bin/nucleo-f401re/boards_common_nucleo.a(board.o)
 .debug_abbrev  0x00000000000022f6      0x183 /home/obrol/RIOT/practice/coremark_stm/bin/nucleo-f401re/core.a(panic.o)
 .debug_abbrev  0x0000000000002479      0x135 /home/obrol/RIOT/practice/coremark_stm/bin/nucleo-f401re/core.a(kernel_init.o)
 .debug_abbrev  0x00000000000025ae      0x359 /home/obrol/RIOT/practice/coremark_stm/bin/nucleo-f401re/core.a(thread.o)
 .debug_abbrev  0x0000000000002907      0x30f /home/obrol/RIOT/practice/coremark_stm/bin/nucleo-f401re/cortexm_common.a(cortexm_init.o)
 .debug_abbrev  0x0000000000002c16      0x343 /home/obrol/RIOT/practice/coremark_stm/bin/nucleo-f401re/isrpipe.a(isrpipe.o)
 .debug_abbrev  0x0000000000002f59      0x12a /home/obrol/RIOT/practice/coremark_stm/bin/nucleo-f401re/pm_layered.a(pm.o)
 .debug_abbrev  0x0000000000003083      0x185 /home/obrol/RIOT/practice/coremark_stm/bin/nucleo-f401re/stm32_common.a(stmclk.o)
 .debug_abbrev  0x0000000000003208      0x168 /home/obrol/RIOT/practice/coremark_stm/bin/nucleo-f401re/stm32_common.a(stmclk_common.o)
 .debug_abbrev  0x0000000000003370      0x1fd /home/obrol/RIOT/practice/coremark_stm/bin/nucleo-f401re/stm32_common.a(stm_status.o)
 .debug_abbrev  0x000000000000356d      0x1d2 /home/obrol/RIOT/practice/coremark_stm/bin/nucleo-f401re/stm32_common.a(cpu_init.o)
 .debug_abbrev  0x000000000000373f      0x261 /home/obrol/RIOT/practice/coremark_stm/bin/nucleo-f401re/stm32_common.a(cpu_common.o)
 .debug_abbrev  0x00000000000039a0      0x3e3 /home/obrol/RIOT/practice/coremark_stm/bin/nucleo-f401re/stm32_common_periph.a(timer.o)
 .debug_abbrev  0x0000000000003d83      0x18b /home/obrol/RIOT/practice/coremark_stm/bin/nucleo-f401re/tsrb.a(tsrb.o)
 .debug_abbrev  0x0000000000003f0e       0x31 /home/obrol/RIOT/practice/coremark_stm/bin/nucleo-f401re/periph_common.a(init.o)
 .debug_abbrev  0x0000000000003f3f      0x20e /home/obrol/RIOT/practice/coremark_stm/bin/nucleo-f401re/application_coremark_stm.a(core_main.o)
 .debug_abbrev  0x000000000000414d      0x228 /home/obrol/RIOT/practice/coremark_stm/bin/nucleo-f401re/application_coremark_stm.a(core_matrix.o)
 .debug_abbrev  0x0000000000004375      0x1ad /home/obrol/RIOT/practice/coremark_stm/bin/nucleo-f401re/application_coremark_stm.a(core_util.o)
 .debug_abbrev  0x0000000000004522      0x220 /home/obrol/RIOT/practice/coremark_stm/bin/nucleo-f401re/application_coremark_stm.a(core_state.o)
 .debug_abbrev  0x0000000000004742      0x348 /home/obrol/RIOT/practice/coremark_stm/bin/nucleo-f401re/application_coremark_stm.a(core_list_join.o)
 .debug_abbrev  0x0000000000004a8a      0x27b /home/obrol/RIOT/practice/coremark_stm/bin/nucleo-f401re/application_coremark_stm.a(core_portme.o)
 .debug_abbrev  0x0000000000004d05      0x12d /home/obrol/RIOT/practice/coremark_stm/bin/nucleo-f401re/auto_init.a(auto_init.o)
 .debug_abbrev  0x0000000000004e32      0x26a /home/obrol/RIOT/practice/coremark_stm/bin/nucleo-f401re/core.a(mutex.o)

.debug_aranges  0x0000000000000000      0x8f8
 .debug_aranges
                0x0000000000000000       0x20 /home/obrol/RIOT/practice/coremark_stm/bin/nucleo-f401re/cpu/vectors.o
 .debug_aranges
                0x0000000000000020       0xb8 /home/obrol/RIOT/practice/coremark_stm/bin/nucleo-f401re/newlib_syscalls_default/syscalls.o
 .debug_aranges
                0x00000000000000d8       0x38 /home/obrol/RIOT/practice/coremark_stm/bin/nucleo-f401re/core.a(sched.o)
 .debug_aranges
                0x0000000000000110       0x60 /home/obrol/RIOT/practice/coremark_stm/bin/nucleo-f401re/cortexm_common.a(thread_arch.o)
 .debug_aranges
                0x0000000000000170       0x68 /home/obrol/RIOT/practice/coremark_stm/bin/nucleo-f401re/cortexm_common.a(vectors_cortexm.o)
 .debug_aranges
                0x00000000000001d8       0x38 /home/obrol/RIOT/practice/coremark_stm/bin/nucleo-f401re/cortexm_common.a(irq_arch.o)
 .debug_aranges
                0x0000000000000210       0x30 /home/obrol/RIOT/practice/coremark_stm/bin/nucleo-f401re/stdio_uart.a(stdio_uart.o)
 .debug_aranges
                0x0000000000000240       0x38 /home/obrol/RIOT/practice/coremark_stm/bin/nucleo-f401re/stm32_common_periph.a(pm.o)
 .debug_aranges
                0x0000000000000278       0x60 /home/obrol/RIOT/practice/coremark_stm/bin/nucleo-f401re/stm32_common_periph.a(uart.o)
 .debug_aranges
                0x00000000000002d8       0x70 /home/obrol/RIOT/practice/coremark_stm/bin/nucleo-f401re/stm32_common_periph.a(gpio.o)
 .debug_aranges
                0x0000000000000348       0x60 /home/obrol/RIOT/practice/coremark_stm/bin/nucleo-f401re/xtimer.a(xtimer_core.o)
 .debug_aranges
                0x00000000000003a8       0x20 /home/obrol/RIOT/practice/coremark_stm/bin/nucleo-f401re/boards_common_nucleo.a(board.o)
 .debug_aranges
                0x00000000000003c8       0x28 /home/obrol/RIOT/practice/coremark_stm/bin/nucleo-f401re/core.a(panic.o)
 .debug_aranges
                0x00000000000003f0       0x30 /home/obrol/RIOT/practice/coremark_stm/bin/nucleo-f401re/core.a(kernel_init.o)
 .debug_aranges
                0x0000000000000420       0x60 /home/obrol/RIOT/practice/coremark_stm/bin/nucleo-f401re/core.a(thread.o)
 .debug_aranges
                0x0000000000000480       0x38 /home/obrol/RIOT/practice/coremark_stm/bin/nucleo-f401re/cortexm_common.a(cortexm_init.o)
 .debug_aranges
                0x00000000000004b8       0x48 /home/obrol/RIOT/practice/coremark_stm/bin/nucleo-f401re/isrpipe.a(isrpipe.o)
 .debug_aranges
                0x0000000000000500       0x30 /home/obrol/RIOT/practice/coremark_stm/bin/nucleo-f401re/pm_layered.a(pm.o)
 .debug_aranges
                0x0000000000000530       0x20 /home/obrol/RIOT/practice/coremark_stm/bin/nucleo-f401re/stm32_common.a(stmclk.o)
 .debug_aranges
                0x0000000000000550       0x48 /home/obrol/RIOT/practice/coremark_stm/bin/nucleo-f401re/stm32_common.a(stmclk_common.o)
 .debug_aranges
                0x0000000000000598       0x20 /home/obrol/RIOT/practice/coremark_stm/bin/nucleo-f401re/stm32_common.a(stm_status.o)
 .debug_aranges
                0x00000000000005b8       0x20 /home/obrol/RIOT/practice/coremark_stm/bin/nucleo-f401re/stm32_common.a(cpu_init.o)
 .debug_aranges
                0x00000000000005d8       0x40 /home/obrol/RIOT/practice/coremark_stm/bin/nucleo-f401re/stm32_common.a(cpu_common.o)
 .debug_aranges
                0x0000000000000618       0x70 /home/obrol/RIOT/practice/coremark_stm/bin/nucleo-f401re/stm32_common_periph.a(timer.o)
 .debug_aranges
                0x0000000000000688       0x40 /home/obrol/RIOT/practice/coremark_stm/bin/nucleo-f401re/tsrb.a(tsrb.o)
 .debug_aranges
                0x00000000000006c8       0x20 /home/obrol/RIOT/practice/coremark_stm/bin/nucleo-f401re/periph_common.a(init.o)
 .debug_aranges
                0x00000000000006e8       0x28 /home/obrol/RIOT/practice/coremark_stm/bin/nucleo-f401re/application_coremark_stm.a(core_main.o)
 .debug_aranges
                0x0000000000000710       0x60 /home/obrol/RIOT/practice/coremark_stm/bin/nucleo-f401re/application_coremark_stm.a(core_matrix.o)
 .debug_aranges
                0x0000000000000770       0x48 /home/obrol/RIOT/practice/coremark_stm/bin/nucleo-f401re/application_coremark_stm.a(core_util.o)
 .debug_aranges
                0x00000000000007b8       0x30 /home/obrol/RIOT/practice/coremark_stm/bin/nucleo-f401re/application_coremark_stm.a(core_state.o)
 .debug_aranges
                0x00000000000007e8       0x78 /home/obrol/RIOT/practice/coremark_stm/bin/nucleo-f401re/application_coremark_stm.a(core_list_join.o)
 .debug_aranges
                0x0000000000000860       0x48 /home/obrol/RIOT/practice/coremark_stm/bin/nucleo-f401re/application_coremark_stm.a(core_portme.o)
 .debug_aranges
                0x00000000000008a8       0x20 /home/obrol/RIOT/practice/coremark_stm/bin/nucleo-f401re/auto_init.a(auto_init.o)
 .debug_aranges
                0x00000000000008c8       0x30 /home/obrol/RIOT/practice/coremark_stm/bin/nucleo-f401re/core.a(mutex.o)

.debug_ranges   0x0000000000000000     0x21b8
 .debug_ranges  0x0000000000000000       0x10 /home/obrol/RIOT/practice/coremark_stm/bin/nucleo-f401re/cpu/vectors.o
 .debug_ranges  0x0000000000000010      0x118 /home/obrol/RIOT/practice/coremark_stm/bin/nucleo-f401re/newlib_syscalls_default/syscalls.o
 .debug_ranges  0x0000000000000128       0xd0 /home/obrol/RIOT/practice/coremark_stm/bin/nucleo-f401re/core.a(sched.o)
 .debug_ranges  0x00000000000001f8       0x88 /home/obrol/RIOT/practice/coremark_stm/bin/nucleo-f401re/cortexm_common.a(thread_arch.o)