Archive member included to satisfy reference by file (symbol)

/home/obrol/RIOT/practice/DHT11_BME280/bin/unwd-range-l1-r3/core.a(sched.o)
                              /home/obrol/RIOT/practice/DHT11_BME280/bin/unwd-range-l1-r3/newlib_syscalls_default/syscalls.o (sched_active_pid)
/home/obrol/RIOT/practice/DHT11_BME280/bin/unwd-range-l1-r3/cortexm_common.a(thread_arch.o)
                              /home/obrol/RIOT/practice/DHT11_BME280/bin/unwd-range-l1-r3/core.a(sched.o) (cpu_switch_context_exit)
/home/obrol/RIOT/practice/DHT11_BME280/bin/unwd-range-l1-r3/cortexm_common.a(vectors_cortexm.o)
                              /home/obrol/RIOT/practice/DHT11_BME280/bin/unwd-range-l1-r3/cpu/vectors.o (dummy_handler_default)
/home/obrol/RIOT/practice/DHT11_BME280/bin/unwd-range-l1-r3/cortexm_common.a(irq_arch.o)
                              /home/obrol/RIOT/practice/DHT11_BME280/bin/unwd-range-l1-r3/newlib_syscalls_default/syscalls.o (irq_disable)
/home/obrol/RIOT/practice/DHT11_BME280/bin/unwd-range-l1-r3/div.a(div.o)
                              /home/obrol/RIOT/practice/DHT11_BME280/bin/unwd-range-l1-r3/newlib_syscalls_default/syscalls.o (_div_mulhi64)
/home/obrol/RIOT/practice/DHT11_BME280/bin/unwd-range-l1-r3/stdio_uart.a(stdio_uart.o)
                              /home/obrol/RIOT/practice/DHT11_BME280/bin/unwd-range-l1-r3/newlib_syscalls_default/syscalls.o (stdio_init)
/home/obrol/RIOT/practice/DHT11_BME280/bin/unwd-range-l1-r3/stm32_common_periph.a(pm.o)
                              /home/obrol/RIOT/practice/DHT11_BME280/bin/unwd-range-l1-r3/newlib_syscalls_default/syscalls.o (pm_off)
/home/obrol/RIOT/practice/DHT11_BME280/bin/unwd-range-l1-r3/stm32_common_periph.a(uart.o)
                              /home/obrol/RIOT/practice/DHT11_BME280/bin/unwd-range-l1-r3/stdio_uart.a(stdio_uart.o) (uart_write)
/home/obrol/RIOT/practice/DHT11_BME280/bin/unwd-range-l1-r3/stm32_common_periph.a(gpio.o)
                              /home/obrol/RIOT/practice/DHT11_BME280/bin/unwd-range-l1-r3/stm32_common_periph.a(pm.o) (gpio_init)
/home/obrol/RIOT/practice/DHT11_BME280/bin/unwd-range-l1-r3/xtimer.a(xtimer_core.o)
                              /home/obrol/RIOT/practice/DHT11_BME280/bin/unwd-range-l1-r3/newlib_syscalls_default/syscalls.o (_xtimer_now64)
/home/obrol/RIOT/practice/DHT11_BME280/bin/unwd-range-l1-r3/boards_common_unwd.a(board.o)
                              /home/obrol/RIOT/practice/DHT11_BME280/bin/unwd-range-l1-r3/cortexm_common.a(vectors_cortexm.o) (board_init)
/home/obrol/RIOT/practice/DHT11_BME280/bin/unwd-range-l1-r3/core.a(panic.o)
                              /home/obrol/RIOT/practice/DHT11_BME280/bin/unwd-range-l1-r3/cortexm_common.a(vectors_cortexm.o) (core_panic)
/home/obrol/RIOT/practice/DHT11_BME280/bin/unwd-range-l1-r3/core.a(kernel_init.o)
                              /home/obrol/RIOT/practice/DHT11_BME280/bin/unwd-range-l1-r3/cortexm_common.a(vectors_cortexm.o) (kernel_init)
/home/obrol/RIOT/practice/DHT11_BME280/bin/unwd-range-l1-r3/core.a(thread.o)
                              /home/obrol/RIOT/practice/DHT11_BME280/bin/unwd-range-l1-r3/core.a(kernel_init.o) (thread_create)
/home/obrol/RIOT/practice/DHT11_BME280/bin/unwd-range-l1-r3/cortexm_common.a(cortexm_init.o)
                              /home/obrol/RIOT/practice/DHT11_BME280/bin/unwd-range-l1-r3/stm32_common_periph.a(pm.o) (cpu_check_address)
/home/obrol/RIOT/practice/DHT11_BME280/bin/unwd-range-l1-r3/isrpipe.a(isrpipe.o)
                              /home/obrol/RIOT/practice/DHT11_BME280/bin/unwd-range-l1-r3/stdio_uart.a(stdio_uart.o) (isrpipe_write_one)
/home/obrol/RIOT/practice/DHT11_BME280/bin/unwd-range-l1-r3/pm_layered.a(pm.o)
                              /home/obrol/RIOT/practice/DHT11_BME280/bin/unwd-range-l1-r3/core.a(kernel_init.o) (pm_set_lowest)
/home/obrol/RIOT/practice/DHT11_BME280/bin/unwd-range-l1-r3/stm32_common.a(cpu_init.o)
                              /home/obrol/RIOT/practice/DHT11_BME280/bin/unwd-range-l1-r3/boards_common_unwd.a(board.o) (cpu_init)
/home/obrol/RIOT/practice/DHT11_BME280/bin/unwd-range-l1-r3/stm32_common.a(stmclk_l0l1.o)
                              /home/obrol/RIOT/practice/DHT11_BME280/bin/unwd-range-l1-r3/stm32_common_periph.a(pm.o) (stmclk_init_sysclk)
/home/obrol/RIOT/practice/DHT11_BME280/bin/unwd-range-l1-r3/stm32_common.a(cpu_common.o)
                              /home/obrol/RIOT/practice/DHT11_BME280/bin/unwd-range-l1-r3/stm32_common_periph.a(uart.o) (periph_apb_clk)
/home/obrol/RIOT/practice/DHT11_BME280/bin/unwd-range-l1-r3/stm32_common.a(stm_status.o)
                              /home/obrol/RIOT/practice/DHT11_BME280/bin/unwd-range-l1-r3/stm32_common.a(cpu_init.o) (cpu_init_status)
/home/obrol/RIOT/practice/DHT11_BME280/bin/unwd-range-l1-r3/stm32_common_periph.a(timer.o)
                              /home/obrol/RIOT/practice/DHT11_BME280/bin/unwd-range-l1-r3/xtimer.a(xtimer_core.o) (timer_set_absolute)
[...]
Memory Configuration

Name             Origin             Length             Attributes
ccmram           0x0000000010000000 0x0000000000000000
rom              0x0000000008000000 0x0000000000080000 xr
ram              0x0000000020000000 0x0000000000014000 w !xr
*default*        0x0000000000000000 0xffffffffffffffff

Linker script and memory map

LOAD /home/obrol/RIOT/practice/DHT11_BME280/bin/unwd-range-l1-r3/cpu/vectors.o
LOAD /home/obrol/RIOT/practice/DHT11_BME280/bin/unwd-range-l1-r3/newlib_syscalls_default/syscalls.o
START GROUP
LOAD /home/obrol/RIOT/practice/DHT11_BME280/bin/unwd-range-l1-r3/application_sensors.a
LOAD /home/obrol/RIOT/practice/DHT11_BME280/bin/unwd-range-l1-r3/auto_init.a
LOAD /home/obrol/RIOT/practice/DHT11_BME280/bin/unwd-range-l1-r3/bmx280.a
LOAD /home/obrol/RIOT/practice/DHT11_BME280/bin/unwd-range-l1-r3/board.a
LOAD /home/obrol/RIOT/practice/DHT11_BME280/bin/unwd-range-l1-r3/boards_common_unwd.a
LOAD /home/obrol/RIOT/practice/DHT11_BME280/bin/unwd-range-l1-r3/core.a
LOAD /home/obrol/RIOT/practice/DHT11_BME280/bin/unwd-range-l1-r3/cortexm_common.a
LOAD /home/obrol/RIOT/practice/DHT11_BME280/bin/unwd-range-l1-r3/cortexm_common_periph.a
LOAD /home/obrol/RIOT/practice/DHT11_BME280/bin/unwd-range-l1-r3/cpu.a
LOAD /home/obrol/RIOT/practice/DHT11_BME280/bin/unwd-range-l1-r3/dht.a
LOAD /home/obrol/RIOT/practice/DHT11_BME280/bin/unwd-range-l1-r3/div.a
LOAD /home/obrol/RIOT/practice/DHT11_BME280/bin/unwd-range-l1-r3/fmt.a
LOAD /home/obrol/RIOT/practice/DHT11_BME280/bin/unwd-range-l1-r3/isrpipe.a
LOAD /home/obrol/RIOT/practice/DHT11_BME280/bin/unwd-range-l1-r3/lptimer.a
LOAD /home/obrol/RIOT/practice/DHT11_BME280/bin/unwd-range-l1-r3/newlib_syscalls_default.a
LOAD /home/obrol/RIOT/practice/DHT11_BME280/bin/unwd-range-l1-r3/periph.a
LOAD /home/obrol/RIOT/practice/DHT11_BME280/bin/unwd-range-l1-r3/pm_layered.a
LOAD /home/obrol/RIOT/practice/DHT11_BME280/bin/unwd-range-l1-r3/stdio_uart.a
LOAD /home/obrol/RIOT/practice/DHT11_BME280/bin/unwd-range-l1-r3/stm32_common.a
LOAD /home/obrol/RIOT/practice/DHT11_BME280/bin/unwd-range-l1-r3/stm32_common_periph.a
LOAD /home/obrol/RIOT/practice/DHT11_BME280/bin/unwd-range-l1-r3/sys.a
LOAD /home/obrol/RIOT/practice/DHT11_BME280/bin/unwd-range-l1-r3/tsrb.a
LOAD /home/obrol/RIOT/practice/DHT11_BME280/bin/unwd-range-l1-r3/xtimer.a
LOAD /home/obrol/RIOT/practice/DHT11_BME280/bin/unwd-range-l1-r3/periph_common.a
LOAD /opt/gcc-arm-none-eabi-10.3-2021.10/bin/../lib/gcc/arm-none-eabi/10.3.1/../../../../arm-none-eabi/lib/thumb/v7-m/nofp/libm.a
END GROUP
LOAD /opt/gcc-arm-none-eabi-10.3-2021.10/bin/../lib/gcc/arm-none-eabi/10.3.1/thumb/v7-m/nofp/libgcc.a
                0x0000000008000000                _rom_start_addr = 0x8000000
                0x0000000020000000                _ram_start_addr = 0x20000000
                0x0000000000080000                _rom_length = 0x80000
                0x0000000000014000                _ram_length = 0x14000
LOAD /opt/gcc-arm-none-eabi-10.3-2021.10/bin/../lib/gcc/arm-none-eabi/10.3.1/../../../../arm-none-eabi/lib/thumb/v7-m/nofp/libc_nano.a
START GROUP
LOAD /opt/gcc-arm-none-eabi-10.3-2021.10/bin/../lib/gcc/arm-none-eabi/10.3.1/thumb/v7-m/nofp/libgcc.a
LOAD /opt/gcc-arm-none-eabi-10.3-2021.10/bin/../lib/gcc/arm-none-eabi/10.3.1/../../../../arm-none-eabi/lib/thumb/v7-m/nofp/libg_nano.a
LOAD /opt/gcc-arm-none-eabi-10.3-2021.10/bin/../lib/gcc/arm-none-eabi/10.3.1/../../../../arm-none-eabi/lib/thumb/v7-m/nofp/libc_nano.a
END GROUP
START GROUP
LOAD /opt/gcc-arm-none-eabi-10.3-2021.10/bin/../lib/gcc/arm-none-eabi/10.3.1/thumb/v7-m/nofp/libgcc.a
LOAD /opt/gcc-arm-none-eabi-10.3-2021.10/bin/../lib/gcc/arm-none-eabi/10.3.1/../../../../arm-none-eabi/lib/thumb/v7-m/nofp/libc_nano.a
END GROUP
                0x0000000000000000                ccmram_length = DEFINED (ccmram_len)?ccmram_len:0x0
                0x0000000000000000                _rom_offset = DEFINED (_rom_offset)?_rom_offset:0x0
                0x0000000000080000                _fw_rom_length = DEFINED (_fw_rom_length)?_fw_rom_length:(_rom_length - _rom_offset)
                0x0000000000000001                ASSERT ((_fw_rom_length <= (_rom_length - _rom_offset)), Specified firmware size does not fit in ROM)

.text           0x0000000008000000     0x47e0
                0x0000000008000000                . = ALIGN (0x4)
                0x0000000008000000                _sfixed = .
                0x0000000008000000                _isr_vectors = DEFINED (_isr_vectors)?_isr_vectors:.
 *(SORT_BY_NAME(.vectors*))
 .vectors.0     0x0000000008000000       0x40 /home/obrol/RIOT/practice/DHT11_BME280/bin/unwd-range-l1-r3/cortexm_common.a(vectors_cortexm.o)
                0x0000000008000000                cortex_vector_base
 .vectors.1     0x0000000008000040       0xe4 /home/obrol/RIOT/practice/DHT11_BME280/bin/unwd-range-l1-r3/cpu/vectors.o
                0x0000000008000040                vector_cpu
 *(.text .text.* .gnu.linkonce.t.*)
 .text.dummy_handler
                0x0000000008000124        0x4 /home/obrol/RIOT/practice/DHT11_BME280/bin/unwd-range-l1-r3/cpu/vectors.o
                0x0000000008000124                isr_pvd
                0x0000000008000124                isr_rtc_wkup
                0x0000000008000124                isr_comp_acq
                0x0000000008000124                isr_tim10
                0x0000000008000124                isr_dac
                0x0000000008000124                isr_dma2_ch5
                0x0000000008000124                isr_dma1_ch2
                0x0000000008000124                isr_tim7
                0x0000000008000124                isr_tim5
                0x0000000008000124                isr_i2c1_ev
                0x0000000008000124                isr_dma1_ch7
                0x0000000008000124                isr_tim4
                0x0000000008000124                isr_dma1_ch3
                0x0000000008000124                isr_dma2_ch3
                0x0000000008000124                isr_tim2
                0x0000000008000124                isr_sdio
                0x0000000008000124                isr_spi2
                0x0000000008000124                dummy_handler
                0x0000000008000124                isr_usb_hp
                0x0000000008000124                isr_aes
                0x0000000008000124                isr_dma2_ch4
                0x0000000008000124                isr_dma1_ch1
                0x0000000008000124                isr_comp
                0x0000000008000124                isr_dma1_ch6
                0x0000000008000124                isr_spi1
                0x0000000008000124                isr_tim6
                0x0000000008000124                isr_usb_lp
                0x0000000008000124                isr_rcc
                0x0000000008000124                isr_flash
                0x0000000008000124                isr_uart5
                0x0000000008000124                isr_dma2_ch2
                0x0000000008000124                isr_adc1
                0x0000000008000124                isr_uart4
                0x0000000008000124                isr_i2c2_er
                0x0000000008000124                isr_usb_fs_wkup
                0x0000000008000124                isr_dma2_ch1
                0x0000000008000124                isr_spi3
                0x0000000008000124                isr_lcd
                0x0000000008000124                isr_tim3
                0x0000000008000124                isr_dma1_ch5
                0x0000000008000124                isr_dma1_ch4
                0x0000000008000124                isr_i2c2_ev
                0x0000000008000124                isr_tamper_stamp
                0x0000000008000124                isr_i2c1_er
                0x0000000008000124                isr_wwdg
 .text._init    0x0000000008000128        0x4 /home/obrol/RIOT/practice/DHT11_BME280/bin/unwd-range-l1-r3/newlib_syscalls_default/syscalls.o
                0x0000000008000128                _init
 .text._fini    0x000000000800012c        0x2 /home/obrol/RIOT/practice/DHT11_BME280/bin/unwd-range-l1-r3/newlib_syscalls_default/syscalls.o
                0x000000000800012c                _fini
 *fill*         0x000000000800012e        0x2 
 .text._sbrk_r  0x0000000008000130       0x3c /home/obrol/RIOT/practice/DHT11_BME280/bin/unwd-range-l1-r3/newlib_syscalls_default/syscalls.o
                0x0000000008000130                _sbrk_r
 .text._read_r  0x000000000800016c        0x8 /home/obrol/RIOT/practice/DHT11_BME280/bin/unwd-range-l1-r3/newlib_syscalls_default/syscalls.o
                0x000000000800016c                _read_r
 .text._write_r
                0x0000000008000174        0x8 /home/obrol/RIOT/practice/DHT11_BME280/bin/unwd-range-l1-r3/newlib_syscalls_default/syscalls.o
                0x0000000008000174                _write_r
 .text._close_r
                0x000000000800017c        0xa /home/obrol/RIOT/practice/DHT11_BME280/bin/unwd-range-l1-r3/newlib_syscalls_default/syscalls.o
                0x000000000800017c                _close_r
 .text._lseek_r
                0x0000000008000186        0xa /home/obrol/RIOT/practice/DHT11_BME280/bin/unwd-range-l1-r3/newlib_syscalls_default/syscalls.o
                0x0000000008000186                _lseek_r
 .text._fstat_r
                0x0000000008000190        0xa /home/obrol/RIOT/practice/DHT11_BME280/bin/unwd-range-l1-r3/newlib_syscalls_default/syscalls.o
                0x0000000008000190                _fstat_r
 .text._isatty_r
                0x000000000800019a        0xe /home/obrol/RIOT/practice/DHT11_BME280/bin/unwd-range-l1-r3/newlib_syscalls_default/syscalls.o
                0x000000000800019a                _isatty_r
 .text.sched_run
                0x00000000080001a8       0x64 /home/obrol/RIOT/practice/DHT11_BME280/bin/unwd-range-l1-r3/core.a(sched.o)
                0x00000000080001a8                sched_run
 .text.sched_set_status
                0x000000000800020c       0x80 /home/obrol/RIOT/practice/DHT11_BME280/bin/unwd-range-l1-r3/core.a(sched.o)
                0x000000000800020c                sched_set_status
 .text.sched_switch
                0x000000000800028c       0x30 /home/obrol/RIOT/practice/DHT11_BME280/bin/unwd-range-l1-r3/core.a(sched.o)
                0x000000000800028c                sched_switch
 .text.sched_task_exit
                0x00000000080002bc       0x3c /home/obrol/RIOT/practice/DHT11_BME280/bin/unwd-range-l1-r3/core.a(sched.o)
                0x00000000080002bc                sched_task_exit
 .text.thread_stack_init
                0x00000000080002f8       0x68 /home/obrol/RIOT/practice/DHT11_BME280/bin/unwd-range-l1-r3/cortexm_common.a(thread_arch.o)
                0x00000000080002f8                thread_stack_init
 .text.cpu_switch_context_exit
                0x0000000008000360        0x8 /home/obrol/RIOT/practice/DHT11_BME280/bin/unwd-range-l1-r3/cortexm_common.a(thread_arch.o)
                0x0000000008000360                cpu_switch_context_exit
 .text.thread_yield_higher
                0x0000000008000368       0x10 /home/obrol/RIOT/practice/DHT11_BME280/bin/unwd-range-l1-r3/cortexm_common.a(thread_arch.o)
                0x0000000008000368                thread_yield_higher
 .text.isr_pendsv
                0x0000000008000378       0x1c /home/obrol/RIOT/practice/DHT11_BME280/bin/unwd-range-l1-r3/cortexm_common.a(thread_arch.o)
                0x0000000008000378                isr_pendsv
 .text.isr_svc  0x0000000008000394       0x1c /home/obrol/RIOT/practice/DHT11_BME280/bin/unwd-range-l1-r3/cortexm_common.a(thread_arch.o)
                0x0000000008000394                isr_svc
 .text.hard_fault_default
                0x00000000080003b0       0x44 /home/obrol/RIOT/practice/DHT11_BME280/bin/unwd-range-l1-r3/cortexm_common.a(vectors_cortexm.o)
                0x00000000080003b0                hard_fault_default
 .text.nmi_default
                0x00000000080003f4       0x10 /home/obrol/RIOT/practice/DHT11_BME280/bin/unwd-range-l1-r3/cortexm_common.a(vectors_cortexm.o)
                0x00000000080003f4                nmi_default
 .text.mem_manage_default
                0x0000000008000404       0x10 /home/obrol/RIOT/practice/DHT11_BME280/bin/unwd-range-l1-r3/cortexm_common.a(vectors_cortexm.o)
                0x0000000008000404                mem_manage_default
 .text.bus_fault_default
                0x0000000008000414       0x10 /home/obrol/RIOT/practice/DHT11_BME280/bin/unwd-range-l1-r3/cortexm_common.a(vectors_cortexm.o)
                0x0000000008000414                bus_fault_default
 .text.usage_fault_default
                0x0000000008000424       0x10 /home/obrol/RIOT/practice/DHT11_BME280/bin/unwd-range-l1-r3/cortexm_common.a(vectors_cortexm.o)
                0x0000000008000424                usage_fault_default
 .text.debug_mon_default
                0x0000000008000434       0x10 /home/obrol/RIOT/practice/DHT11_BME280/bin/unwd-range-l1-r3/cortexm_common.a(vectors_cortexm.o)
                0x0000000008000434                debug_mon_default
 .text.dummy_handler_default
                0x0000000008000444       0x10 /home/obrol/RIOT/practice/DHT11_BME280/bin/unwd-range-l1-r3/cortexm_common.a(vectors_cortexm.o)
                0x0000000008000444                dummy_handler_default
                0x0000000008000444                isr_systick
 .text.pre_startup
                0x0000000008000454        0x2 /home/obrol/RIOT/practice/DHT11_BME280/bin/unwd-range-l1-r3/cortexm_common.a(vectors_cortexm.o)
                0x0000000008000454                pre_startup
 .text.post_startup
                0x0000000008000456        0x2 /home/obrol/RIOT/practice/DHT11_BME280/bin/unwd-range-l1-r3/cortexm_common.a(vectors_cortexm.o)
                0x0000000008000456                post_startup
 .text.reset_handler_default
                0x0000000008000458       0x6c /home/obrol/RIOT/practice/DHT11_BME280/bin/unwd-range-l1-r3/cortexm_common.a(vectors_cortexm.o)
                0x0000000008000458                reset_handler_default
 .text.hard_fault_handler
                0x00000000080004c4      0x188 /home/obrol/RIOT/practice/DHT11_BME280/bin/unwd-range-l1-r3/cortexm_common.a(vectors_cortexm.o)
                0x00000000080004c4                hard_fault_handler
 .text.irq_disable
                0x000000000800064c        0x8 /home/obrol/RIOT/practice/DHT11_BME280/bin/unwd-range-l1-r3/cortexm_common.a(irq_arch.o)
                0x000000000800064c                irq_disable
 .text.irq_enable
                0x0000000008000654        0x8 /home/obrol/RIOT/practice/DHT11_BME280/bin/unwd-range-l1-r3/cortexm_common.a(irq_arch.o)
                0x0000000008000654                irq_enable
 .text.irq_restore
                0x000000000800065c        0x6 /home/obrol/RIOT/practice/DHT11_BME280/bin/unwd-range-l1-r3/cortexm_common.a(irq_arch.o)
                0x000000000800065c                irq_restore
 .text.irq_is_in
                0x0000000008000662        0x8 /home/obrol/RIOT/practice/DHT11_BME280/bin/unwd-range-l1-r3/cortexm_common.a(irq_arch.o)
                0x0000000008000662                irq_is_in
 *fill*         0x000000000800066a        0x2 
 .text.stdio_init
                0x000000000800066c       0x18 /home/obrol/RIOT/practice/DHT11_BME280/bin/unwd-range-l1-r3/stdio_uart.a(stdio_uart.o)
                0x000000000800066c                stdio_init
 .text.stdio_read
                0x0000000008000684       0x10 /home/obrol/RIOT/practice/DHT11_BME280/bin/unwd-range-l1-r3/stdio_uart.a(stdio_uart.o)
                0x0000000008000684                stdio_read
 .text.stdio_write
                0x0000000008000694       0x12 /home/obrol/RIOT/practice/DHT11_BME280/bin/unwd-range-l1-r3/stdio_uart.a(stdio_uart.o)
                0x0000000008000694                stdio_write
 *fill*         0x00000000080006a6        0x2 
 .text.pm_set   0x00000000080006a8      0x250 /home/obrol/RIOT/practice/DHT11_BME280/bin/unwd-range-l1-r3/stm32_common_periph.a(pm.o)
                0x00000000080006a8                pm_set
 .text.pm_off   0x00000000080008f8       0x14 /home/obrol/RIOT/practice/DHT11_BME280/bin/unwd-range-l1-r3/stm32_common_periph.a(pm.o)
                0x00000000080008f8                pm_off
 .text.irq_handler
                0x000000000800090c       0x48 /home/obrol/RIOT/practice/DHT11_BME280/bin/unwd-range-l1-r3/stm32_common_periph.a(uart.o)
 .text.uart_set_baudrate
                0x0000000008000954       0x8c /home/obrol/RIOT/practice/DHT11_BME280/bin/unwd-range-l1-r3/stm32_common_periph.a(uart.o)
                0x0000000008000954                uart_set_baudrate
 .text.uart_write
                0x00000000080009e0       0x44 /home/obrol/RIOT/practice/DHT11_BME280/bin/unwd-range-l1-r3/stm32_common_periph.a(uart.o)
                0x00000000080009e0                uart_write
 .text.uart_poweron
                0x0000000008000a24       0x2c /home/obrol/RIOT/practice/DHT11_BME280/bin/unwd-range-l1-r3/stm32_common_periph.a(uart.o)
                0x0000000008000a24                uart_poweron
 .text.uart_init
                0x0000000008000a50       0xc4 /home/obrol/RIOT/practice/DHT11_BME280/bin/unwd-range-l1-r3/stm32_common_periph.a(uart.o)
                0x0000000008000a50                uart_init
 .text.isr_usart1
                0x0000000008000b14        0x6 /home/obrol/RIOT/practice/DHT11_BME280/bin/unwd-range-l1-r3/stm32_common_periph.a(uart.o)
                0x0000000008000b14                isr_usart1
 .text.isr_usart2
                0x0000000008000b1a        0x6 /home/obrol/RIOT/practice/DHT11_BME280/bin/unwd-range-l1-r3/stm32_common_periph.a(uart.o)
                0x0000000008000b1a                isr_usart2
 .text.isr_usart3
                0x0000000008000b20        0x6 /home/obrol/RIOT/practice/DHT11_BME280/bin/unwd-range-l1-r3/stm32_common_periph.a(uart.o)
                0x0000000008000b20                isr_usart3
 .text.gpio_init
                0x0000000008000b26       0x7a /home/obrol/RIOT/practice/DHT11_BME280/bin/unwd-range-l1-r3/stm32_common_periph.a(gpio.o)
                0x0000000008000b26                gpio_init
 .text.gpio_init_af
                0x0000000008000ba0       0x56 /home/obrol/RIOT/practice/DHT11_BME280/bin/unwd-range-l1-r3/stm32_common_periph.a(gpio.o)
                0x0000000008000ba0                gpio_init_af
 *fill*         0x0000000008000bf6        0x2 
 .text.gpio_irq_disable
                0x0000000008000bf8       0x44 /home/obrol/RIOT/practice/DHT11_BME280/bin/unwd-range-l1-r3/stm32_common_periph.a(gpio.o)
                0x0000000008000bf8                gpio_irq_disable
 .text.gpio_read
                0x0000000008000c3c       0x44 /home/obrol/RIOT/practice/DHT11_BME280/bin/unwd-range-l1-r3/stm32_common_periph.a(gpio.o)
                0x0000000008000c3c                gpio_read
 .text.gpio_set
                0x0000000008000c80       0x16 /home/obrol/RIOT/practice/DHT11_BME280/bin/unwd-range-l1-r3/stm32_common_periph.a(gpio.o)
                0x0000000008000c80                gpio_set
 .text.gpio_clear
                0x0000000008000c96       0x18 /home/obrol/RIOT/practice/DHT11_BME280/bin/unwd-range-l1-r3/stm32_common_periph.a(gpio.o)
                0x0000000008000c96                gpio_clear
 *fill*         0x0000000008000cae        0x2 
 .text.gpio_init_int
                0x0000000008000cb0       0xc0 /home/obrol/RIOT/practice/DHT11_BME280/bin/unwd-range-l1-r3/stm32_common_periph.a(gpio.o)
                0x0000000008000cb0                gpio_init_int
 .text.isr_exti
                0x0000000008000d70       0x4c /home/obrol/RIOT/practice/DHT11_BME280/bin/unwd-range-l1-r3/stm32_common_periph.a(gpio.o)
                0x0000000008000d70                isr_exti
 .text._xtimer_lltimer_now
                0x0000000008000dbc        0x6 /home/obrol/RIOT/practice/DHT11_BME280/bin/unwd-range-l1-r3/xtimer.a(xtimer_core.o)
 *fill*         0x0000000008000dc2        0x2 
 .text._xtimer_now
                0x0000000008000dc4       0x18 /home/obrol/RIOT/practice/DHT11_BME280/bin/unwd-range-l1-r3/xtimer.a(xtimer_core.o)
 .text._lltimer_set
                0x0000000008000ddc       0x14 /home/obrol/RIOT/practice/DHT11_BME280/bin/unwd-range-l1-r3/xtimer.a(xtimer_core.o)
 .text._add_timer_to_long_list.constprop.0
                0x0000000008000df0       0x2c /home/obrol/RIOT/practice/DHT11_BME280/bin/unwd-range-l1-r3/xtimer.a(xtimer_core.o)
 .text._next_period
                0x0000000008000e1c       0xc4 /home/obrol/RIOT/practice/DHT11_BME280/bin/unwd-range-l1-r3/xtimer.a(xtimer_core.o)
 .text._periph_timer_callback
                0x0000000008000ee0       0xe0 /home/obrol/RIOT/practice/DHT11_BME280/bin/unwd-range-l1-r3/xtimer.a(xtimer_core.o)
 .text._remove  0x0000000008000fc0       0x5c /home/obrol/RIOT/practice/DHT11_BME280/bin/unwd-range-l1-r3/xtimer.a(xtimer_core.o)
 .text.xtimer_init
                0x000000000800101c       0x24 /home/obrol/RIOT/practice/DHT11_BME280/bin/unwd-range-l1-r3/xtimer.a(xtimer_core.o)
                0x000000000800101c                xtimer_init
 .text._xtimer_set_absolute
                0x0000000008001040       0xcc /home/obrol/RIOT/practice/DHT11_BME280/bin/unwd-range-l1-r3/xtimer.a(xtimer_core.o)
                0x0000000008001040                _xtimer_set_absolute
 .text.xtimer_remove
                0x000000000800110c       0x22 /home/obrol/RIOT/practice/DHT11_BME280/bin/unwd-range-l1-r3/xtimer.a(xtimer_core.o)
                0x000000000800110c                xtimer_remove
 .text._xtimer_set
                0x000000000800112e       0x40 /home/obrol/RIOT/practice/DHT11_BME280/bin/unwd-range-l1-r3/xtimer.a(xtimer_core.o)
                0x000000000800112e                _xtimer_set
 *fill*         0x000000000800116e        0x2 
 .text._xtimer_set64
                0x0000000008001170       0x60 /home/obrol/RIOT/practice/DHT11_BME280/bin/unwd-range-l1-r3/xtimer.a(xtimer_core.o)
                0x0000000008001170                _xtimer_set64
 .text.board_init
                0x00000000080011d0       0x18 /home/obrol/RIOT/practice/DHT11_BME280/bin/unwd-range-l1-r3/boards_common_unwd.a(board.o)
                0x00000000080011d0                board_init
 .text.panic_arch
                0x00000000080011e8        0x2 /home/obrol/RIOT/practice/DHT11_BME280/bin/unwd-range-l1-r3/core.a(panic.o)
                0x00000000080011e8                panic_arch
 *fill*         0x00000000080011ea        0x2 
 .text.core_panic
                0x00000000080011ec       0x44 /home/obrol/RIOT/practice/DHT11_BME280/bin/unwd-range-l1-r3/core.a(panic.o)
                0x00000000080011ec                core_panic
 .text.main_trampoline
                0x0000000008001230       0x18 /home/obrol/RIOT/practice/DHT11_BME280/bin/unwd-range-l1-r3/core.a(kernel_init.o)
 .text.idle_thread
                0x0000000008001248        0x8 /home/obrol/RIOT/practice/DHT11_BME280/bin/unwd-range-l1-r3/core.a(kernel_init.o)
 .text.kernel_init
                0x0000000008001250       0x58 /home/obrol/RIOT/practice/DHT11_BME280/bin/unwd-range-l1-r3/core.a(kernel_init.o)
                0x0000000008001250                kernel_init
 .text.thread_add_to_list
                0x00000000080012a8       0x30 /home/obrol/RIOT/practice/DHT11_BME280/bin/unwd-range-l1-r3/core.a(thread.o)
                0x00000000080012a8                thread_add_to_list
 .text.thread_create
                0x00000000080012d8       0xf8 /home/obrol/RIOT/practice/DHT11_BME280/bin/unwd-range-l1-r3/core.a(thread.o)
                0x00000000080012d8                thread_create
 .text.cpu_check_address
                0x00000000080013d0       0x38 /home/obrol/RIOT/practice/DHT11_BME280/bin/unwd-range-l1-r3/cortexm_common.a(cortexm_init.o)
                0x00000000080013d0                cpu_check_address
 .text.cpu_find_memory_size
                0x0000000008001408       0x1e /home/obrol/RIOT/practice/DHT11_BME280/bin/unwd-range-l1-r3/cortexm_common.a(cortexm_init.o)
                0x0000000008001408                cpu_find_memory_size
 *fill*         0x0000000008001426        0x2 
 .text.cortexm_init
                0x0000000008001428       0x40 /home/obrol/RIOT/practice/DHT11_BME280/bin/unwd-range-l1-r3/cortexm_common.a(cortexm_init.o)
                0x0000000008001428                cortexm_init
 .text.isrpipe_write_one
                0x0000000008001468       0x16 /home/obrol/RIOT/practice/DHT11_BME280/bin/unwd-range-l1-r3/isrpipe.a(isrpipe.o)
                0x0000000008001468                isrpipe_write_one
 .text.isrpipe_read
                0x000000000800147e       0x24 /home/obrol/RIOT/practice/DHT11_BME280/bin/unwd-range-l1-r3/isrpipe.a(isrpipe.o)
                0x000000000800147e                isrpipe_read
 *fill*         0x00000000080014a2        0x2 
 .text.pm_set_lowest
                0x00000000080014a4       0x40 /home/obrol/RIOT/practice/DHT11_BME280/bin/unwd-range-l1-r3/pm_layered.a(pm.o)
                0x00000000080014a4                pm_set_lowest
 .text.cpu_init
                0x00000000080014e4       0x84 /home/obrol/RIOT/practice/DHT11_BME280/bin/unwd-range-l1-r3/stm32_common.a(cpu_init.o)
                0x00000000080014e4                cpu_init
 .text.utils_delay
                0x0000000008001568        0x6 /home/obrol/RIOT/practice/DHT11_BME280/bin/unwd-range-l1-r3/stm32_common.a(stmclk_l0l1.o)
 *fill*         0x000000000800156e        0x2 
 .text.stmclk_init_sysclk
                0x0000000008001570      0x200 /home/obrol/RIOT/practice/DHT11_BME280/bin/unwd-range-l1-r3/stm32_common.a(stmclk_l0l1.o)
                0x0000000008001570                stmclk_init_sysclk
 .text.periph_apb_clk
                0x0000000008001770        0xc /home/obrol/RIOT/practice/DHT11_BME280/bin/unwd-range-l1-r3/stm32_common.a(cpu_common.o)
                0x0000000008001770                periph_apb_clk
 .text.periph_timer_clk
                0x000000000800177c       0x14 /home/obrol/RIOT/practice/DHT11_BME280/bin/unwd-range-l1-r3/stm32_common.a(cpu_common.o)
                0x000000000800177c                periph_timer_clk
 .text.periph_clk_en
                0x0000000008001790       0x30 /home/obrol/RIOT/practice/DHT11_BME280/bin/unwd-range-l1-r3/stm32_common.a(cpu_common.o)
                0x0000000008001790                periph_clk_en
 .text.periph_clk_dis
                0x00000000080017c0       0x34 /home/obrol/RIOT/practice/DHT11_BME280/bin/unwd-range-l1-r3/stm32_common.a(cpu_common.o)
                0x00000000080017c0                periph_clk_dis
 .text.is_periph_clk
                0x00000000080017f4       0x30 /home/obrol/RIOT/practice/DHT11_BME280/bin/unwd-range-l1-r3/stm32_common.a(cpu_common.o)
                0x00000000080017f4                is_periph_clk
 .text.cpu_init_status
                0x0000000008001824       0x78 /home/obrol/RIOT/practice/DHT11_BME280/bin/unwd-range-l1-r3/stm32_common.a(stm_status.o)
                0x0000000008001824                cpu_init_status
 .text.irq_handler
                0x000000000800189c       0x84 /home/obrol/RIOT/practice/DHT11_BME280/bin/unwd-range-l1-r3/stm32_common_periph.a(timer.o)
 .text.timer_set_absolute
                0x0000000008001920       0x48 /home/obrol/RIOT/practice/DHT11_BME280/bin/unwd-range-l1-r3/stm32_common_periph.a(timer.o)
                0x0000000008001920                timer_set_absolute
 .text.timer_read
                0x0000000008001968       0x10 /home/obrol/RIOT/practice/DHT11_BME280/bin/unwd-range-l1-r3/stm32_common_periph.a(timer.o)
                0x0000000008001968                timer_read
 .text.timer_start
                0x0000000008001978       0x18 /home/obrol/RIOT/practice/DHT11_BME280/bin/unwd-range-l1-r3/stm32_common_periph.a(timer.o)
                0x0000000008001978                timer_start
 .text.timer_init
                0x0000000008001990       0x88 /home/obrol/RIOT/practice/DHT11_BME280/bin/unwd-range-l1-r3/stm32_common_periph.a(timer.o)
                0x0000000008001990                timer_init
 .text.isr_tim11
                0x0000000008001a18        0x6 /home/obrol/RIOT/practice/DHT11_BME280/bin/unwd-range-l1-r3/stm32_common_periph.a(timer.o)
                0x0000000008001a18                isr_tim11
 .text.isr_tim9
                0x0000000008001a1e        0x6 /home/obrol/RIOT/practice/DHT11_BME280/bin/unwd-range-l1-r3/stm32_common_periph.a(timer.o)
                0x0000000008001a1e                isr_tim9
 .text._pop     0x0000000008001a24       0x12 /home/obrol/RIOT/practice/DHT11_BME280/bin/unwd-range-l1-r3/tsrb.a(tsrb.o)
 .text.tsrb_get
                0x0000000008001a36       0x26 /home/obrol/RIOT/practice/DHT11_BME280/bin/unwd-range-l1-r3/tsrb.a(tsrb.o)
                0x0000000008001a36                tsrb_get
 .text.tsrb_add_one
                0x0000000008001a5c       0x26 /home/obrol/RIOT/practice/DHT11_BME280/bin/unwd-range-l1-r3/tsrb.a(tsrb.o)
                0x0000000008001a5c                tsrb_add_one
 .text.periph_init
                0x0000000008001a82        0x2 /home/obrol/RIOT/practice/DHT11_BME280/bin/unwd-range-l1-r3/periph_common.a(init.o)
                0x0000000008001a82                periph_init
 .text.startup.main
                0x0000000008001a84       0xdc /home/obrol/RIOT/practice/DHT11_BME280/bin/unwd-range-l1-r3/application_sensors.a(main.o)
                0x0000000008001a84                main
 .text.auto_init
                0x0000000008001b60        0xe /home/obrol/RIOT/practice/DHT11_BME280/bin/unwd-range-l1-r3/auto_init.a(auto_init.o)
                0x0000000008001b60                auto_init
 .text.read_u8_reg
                0x0000000008001b6e       0x2e /home/obrol/RIOT/practice/DHT11_BME280/bin/unwd-range-l1-r3/bmx280.a(bmx280.o)
 .text.write_u8_reg
                0x0000000008001b9c       0x2a /home/obrol/RIOT/practice/DHT11_BME280/bin/unwd-range-l1-r3/bmx280.a(bmx280.o)
 *fill*         0x0000000008001bc6        0x2 
 .text.lptimer_now_msec
                0x0000000008001bc8       0x28 /home/obrol/RIOT/practice/DHT11_BME280/bin/unwd-range-l1-r3/bmx280.a(bmx280.o)
 .text.bmx280_init
                0x0000000008001bf0      0x1d8 /home/obrol/RIOT/practice/DHT11_BME280/bin/unwd-range-l1-r3/bmx280.a(bmx280.o)
                0x0000000008001bf0                bmx280_init
 .text.bmx280_read_temperature
                0x0000000008001dc8       0xe4 /home/obrol/RIOT/practice/DHT11_BME280/bin/unwd-range-l1-r3/bmx280.a(bmx280.o)
                0x0000000008001dc8                bmx280_read_temperature
 .text.bme280_read_humidity
                0x0000000008001eac       0x88 /home/obrol/RIOT/practice/DHT11_BME280/bin/unwd-range-l1-r3/bmx280.a(bmx280.o)
                0x0000000008001eac                bme280_read_humidity
 .text._mutex_lock
                0x0000000008001f34       0x60 /home/obrol/RIOT/practice/DHT11_BME280/bin/unwd-range-l1-r3/core.a(mutex.o)
                0x0000000008001f34                _mutex_lock
 .text.mutex_unlock
                0x0000000008001f94       0x4c /home/obrol/RIOT/practice/DHT11_BME280/bin/unwd-range-l1-r3/core.a(mutex.o)
                0x0000000008001f94                mutex_unlock
 .text.high_lev_handler
                0x0000000008001fe0       0x20 /home/obrol/RIOT/practice/DHT11_BME280/bin/unwd-range-l1-r3/dht.a(dht.o)
 .text._xtimer_now
                0x0000000008002000       0x1c /home/obrol/RIOT/practice/DHT11_BME280/bin/unwd-range-l1-r3/dht.a(dht.o)
 .text.wait_for.isra.0
                0x000000000800201c       0x54 /home/obrol/RIOT/practice/DHT11_BME280/bin/unwd-range-l1-r3/dht.a(dht.o)
 .text.read     0x0000000008002070       0x44 /home/obrol/RIOT/practice/DHT11_BME280/bin/unwd-range-l1-r3/dht.a(dht.o)
 .text.dht_init
                0x00000000080020b4       0xa0 /home/obrol/RIOT/practice/DHT11_BME280/bin/unwd-range-l1-r3/dht.a(dht.o)
                0x00000000080020b4                dht_init
 .text.dht_read
                0x0000000008002154      0x128 /home/obrol/RIOT/practice/DHT11_BME280/bin/unwd-range-l1-r3/dht.a(dht.o)
                0x0000000008002154                dht_read
 .text.fmt_u32_dec
                0x000000000800227c       0x40 /home/obrol/RIOT/practice/DHT11_BME280/bin/unwd-range-l1-r3/fmt.a(fmt.o)
                0x000000000800227c                fmt_u32_dec
 .text.fmt_s32_dec
                0x00000000080022bc       0x1e /home/obrol/RIOT/practice/DHT11_BME280/bin/unwd-range-l1-r3/fmt.a(fmt.o)
                0x00000000080022bc                fmt_s32_dec
 .text.fmt_lpad
                0x00000000080022da       0x2c /home/obrol/RIOT/practice/DHT11_BME280/bin/unwd-range-l1-r3/fmt.a(fmt.o)
                0x00000000080022da                fmt_lpad
 *fill*         0x0000000008002306        0x2 
 .text.fmt_s32_dfp
                0x0000000008002308       0xac /home/obrol/RIOT/practice/DHT11_BME280/bin/unwd-range-l1-r3/fmt.a(fmt.o)
                0x0000000008002308                fmt_s32_dfp
 .text.fmt_s16_dfp
                0x00000000080023b4        0x4 /home/obrol/RIOT/practice/DHT11_BME280/bin/unwd-range-l1-r3/fmt.a(fmt.o)
                0x00000000080023b4                fmt_s16_dfp
 .text._callback_unlock_mutex
                0x00000000080023b8        0x4 /home/obrol/RIOT/practice/DHT11_BME280/bin/unwd-range-l1-r3/lptimer.a(lptimer.o)
 .text._lptimer_spin
                0x00000000080023bc       0x1e /home/obrol/RIOT/practice/DHT11_BME280/bin/unwd-range-l1-r3/lptimer.a(lptimer.o)
 *fill*         0x00000000080023da        0x2 
 .text._lptimer_tsleep
                0x00000000080023dc       0x58 /home/obrol/RIOT/practice/DHT11_BME280/bin/unwd-range-l1-r3/lptimer.a(lptimer.o)
                0x00000000080023dc                _lptimer_tsleep
 .text._lptimer_now
                0x0000000008002434       0x18 /home/obrol/RIOT/practice/DHT11_BME280/bin/unwd-range-l1-r3/lptimer.a(lptimer_core.o)
 .text._lltimer_set
                0x000000000800244c       0x1c /home/obrol/RIOT/practice/DHT11_BME280/bin/unwd-range-l1-r3/lptimer.a(lptimer_core.o)
 .text._add_timer_to_long_list.constprop.0
                0x0000000008002468       0x2c /home/obrol/RIOT/practice/DHT11_BME280/bin/unwd-range-l1-r3/lptimer.a(lptimer_core.o)
 .text._next_period
                0x0000000008002494       0xc4 /home/obrol/RIOT/practice/DHT11_BME280/bin/unwd-range-l1-r3/lptimer.a(lptimer_core.o)
 .text._periph_timer_callback
                0x0000000008002558       0xdc /home/obrol/RIOT/practice/DHT11_BME280/bin/unwd-range-l1-r3/lptimer.a(lptimer_core.o)
 .text._remove  0x0000000008002634       0x5c /home/obrol/RIOT/practice/DHT11_BME280/bin/unwd-range-l1-r3/lptimer.a(lptimer_core.o)
 .text.lptimer_init
                0x0000000008002690       0x12 /home/obrol/RIOT/practice/DHT11_BME280/bin/unwd-range-l1-r3/lptimer.a(lptimer_core.o)
                0x0000000008002690                lptimer_init
 *fill*         0x00000000080026a2        0x2 
 .text._lptimer_set_absolute
                0x00000000080026a4       0xdc /home/obrol/RIOT/practice/DHT11_BME280/bin/unwd-range-l1-r3/lptimer.a(lptimer_core.o)
                0x00000000080026a4                _lptimer_set_absolute
 .text.lptimer_remove
                0x0000000008002780       0x22 /home/obrol/RIOT/practice/DHT11_BME280/bin/unwd-range-l1-r3/lptimer.a(lptimer_core.o)
                0x0000000008002780                lptimer_remove
 .text._lptimer_set
                0x00000000080027a2       0x42 /home/obrol/RIOT/practice/DHT11_BME280/bin/unwd-range-l1-r3/lptimer.a(lptimer_core.o)
                0x00000000080027a2                _lptimer_set
 .text._lptimer_set64
                0x00000000080027e4       0x60 /home/obrol/RIOT/practice/DHT11_BME280/bin/unwd-range-l1-r3/lptimer.a(lptimer_core.o)
                0x00000000080027e4                _lptimer_set64
 .text.rtt_init
                0x0000000008002844       0xa8 /home/obrol/RIOT/practice/DHT11_BME280/bin/unwd-range-l1-r3/stm32_common_periph.a(rtt.o)
                0x0000000008002844                rtt_init
 .text.rtt_get_counter
                0x00000000080028ec       0x20 /home/obrol/RIOT/practice/DHT11_BME280/bin/unwd-range-l1-r3/stm32_common_periph.a(rtt.o)
                0x00000000080028ec                rtt_get_counter
 .text.rtt_set_alarm
                0x000000000800290c       0x64 /home/obrol/RIOT/practice/DHT11_BME280/bin/unwd-range-l1-r3/stm32_common_periph.a(rtt.o)
                0x000000000800290c                rtt_set_alarm
 .text.isr_rtc_alarm
                0x0000000008002970       0x4c /home/obrol/RIOT/practice/DHT11_BME280/bin/unwd-range-l1-r3/stm32_common_periph.a(rtt.o)
                0x0000000008002970                isr_rtc_alarm
 .text._wait_for_bus
                0x00000000080029bc       0x24 /home/obrol/RIOT/practice/DHT11_BME280/bin/unwd-range-l1-r3/stm32_common_periph.a(i2c_2.o)
 .text._stop    0x00000000080029e0       0x42 /home/obrol/RIOT/practice/DHT11_BME280/bin/unwd-range-l1-r3/stm32_common_periph.a(i2c_2.o)
 .text._is_sr1_mask_set
                0x0000000008002a22       0x54 /home/obrol/RIOT/practice/DHT11_BME280/bin/unwd-range-l1-r3/stm32_common_periph.a(i2c_2.o)
 *fill*         0x0000000008002a76        0x2 
 .text._start   0x0000000008002a78       0xa4 /home/obrol/RIOT/practice/DHT11_BME280/bin/unwd-range-l1-r3/stm32_common_periph.a(i2c_2.o)
 .text.i2c_init
                0x0000000008002b1c      0x124 /home/obrol/RIOT/practice/DHT11_BME280/bin/unwd-range-l1-r3/stm32_common_periph.a(i2c_2.o)
                0x0000000008002b1c                i2c_init
 .text.i2c_acquire
                0x0000000008002c40       0x3c /home/obrol/RIOT/practice/DHT11_BME280/bin/unwd-range-l1-r3/stm32_common_periph.a(i2c_2.o)
                0x0000000008002c40                i2c_acquire
 .text.i2c_release
                0x0000000008002c7c       0x38 /home/obrol/RIOT/practice/DHT11_BME280/bin/unwd-range-l1-r3/stm32_common_periph.a(i2c_2.o)
                0x0000000008002c7c                i2c_release
 .text.i2c_read_bytes
                0x0000000008002cb4       0xa8 /home/obrol/RIOT/practice/DHT11_BME280/bin/unwd-range-l1-r3/stm32_common_periph.a(i2c_2.o)
                0x0000000008002cb4                i2c_read_bytes
 .text.i2c_write_bytes
                0x0000000008002d5c       0x80 /home/obrol/RIOT/practice/DHT11_BME280/bin/unwd-range-l1-r3/stm32_common_periph.a(i2c_2.o)
                0x0000000008002d5c                i2c_write_bytes
 .text._callback_unlock_mutex
                0x0000000008002ddc        0x4 /home/obrol/RIOT/practice/DHT11_BME280/bin/unwd-range-l1-r3/xtimer.a(xtimer.o)
 .text._xtimer_spin
                0x0000000008002de0       0x1e /home/obrol/RIOT/practice/DHT11_BME280/bin/unwd-range-l1-r3/xtimer.a(xtimer.o)
 *fill*         0x0000000008002dfe        0x2 
 .text._xtimer_tsleep
                0x0000000008002e00       0x58 /home/obrol/RIOT/practice/DHT11_BME280/bin/unwd-range-l1-r3/xtimer.a(xtimer.o)
                0x0000000008002e00                _xtimer_tsleep
 .text.i2c_read_regs
                0x0000000008002e58       0x4c /home/obrol/RIOT/practice/DHT11_BME280/bin/unwd-range-l1-r3/periph_common.a(i2c.o)
                0x0000000008002e58                i2c_read_regs
 .text.i2c_read_reg
                0x0000000008002ea4       0x14 /home/obrol/RIOT/practice/DHT11_BME280/bin/unwd-range-l1-r3/periph_common.a(i2c.o)
                0x0000000008002ea4                i2c_read_reg
 .text.i2c_write_regs
                0x0000000008002eb8       0x50 /home/obrol/RIOT/practice/DHT11_BME280/bin/unwd-range-l1-r3/periph_common.a(i2c.o)
                0x0000000008002eb8                i2c_write_regs
 .text.i2c_write_reg
                0x0000000008002f08       0x1e /home/obrol/RIOT/practice/DHT11_BME280/bin/unwd-range-l1-r3/periph_common.a(i2c.o)
                0x0000000008002f08                i2c_write_reg
 *fill*         0x0000000008002f26        0x2 
 .text._msg_receive
                0x0000000008002f28      0x108 /home/obrol/RIOT/practice/DHT11_BME280/bin/unwd-range-l1-r3/core.a(msg.o)
 .text.queue_msg
                0x0000000008003030       0x2a /home/obrol/RIOT/practice/DHT11_BME280/bin/unwd-range-l1-r3/core.a(msg.o)
 *fill*         0x000000000800305a        0x2 
 .text._msg_send
                0x000000000800305c       0xac /home/obrol/RIOT/practice/DHT11_BME280/bin/unwd-range-l1-r3/core.a(msg.o)
 .text.msg_send_to_self
                0x0000000008003108       0x30 /home/obrol/RIOT/practice/DHT11_BME280/bin/unwd-range-l1-r3/core.a(msg.o)
                0x0000000008003108                msg_send_to_self
 .text.msg_send_int
                0x0000000008003138       0x48 /home/obrol/RIOT/practice/DHT11_BME280/bin/unwd-range-l1-r3/core.a(msg.o)
                0x0000000008003138                msg_send_int
 .text.msg_send
                0x0000000008003180       0x44 /home/obrol/RIOT/practice/DHT11_BME280/bin/unwd-range-l1-r3/core.a(msg.o)
                0x0000000008003180                msg_send
 .text.msg_receive
                0x00000000080031c4        0x6 /home/obrol/RIOT/practice/DHT11_BME280/bin/unwd-range-l1-r3/core.a(msg.o)
                0x00000000080031c4                msg_receive
 *fill*         0x00000000080031ca        0x2 
 .text.stmclk_dbp_unlock
                0x00000000080031cc       0x10 /home/obrol/RIOT/practice/DHT11_BME280/bin/unwd-range-l1-r3/stm32_common.a(stmclk_common.o)
                0x00000000080031cc                stmclk_dbp_unlock
 .text.stmclk_dbp_lock
                0x00000000080031dc       0x10 /home/obrol/RIOT/practice/DHT11_BME280/bin/unwd-range-l1-r3/stm32_common.a(stmclk_common.o)
                0x00000000080031dc                stmclk_dbp_lock
 .text.stmclk_enable_lfclk
                0x00000000080031ec       0x24 /home/obrol/RIOT/practice/DHT11_BME280/bin/unwd-range-l1-r3/stm32_common.a(stmclk_common.o)
                0x00000000080031ec                stmclk_enable_lfclk
 .text.__libc_init_array
                0x0000000008003210       0x48 /opt/gcc-arm-none-eabi-10.3-2021.10/bin/../lib/gcc/arm-none-eabi/10.3.1/../../../../arm-none-eabi/lib/thumb/v7-m/nofp/libc_nano.a(lib_a-init.o)
                0x0000000008003210                __libc_init_array
 .text.memmove  0x0000000008003258       0x34 /opt/gcc-arm-none-eabi-10.3-2021.10/bin/../lib/gcc/arm-none-eabi/10.3.1/../../../../arm-none-eabi/lib/thumb/v7-m/nofp/libc_nano.a(lib_a-memmove.o)
                0x0000000008003258                memmove
 .text.memset   0x000000000800328c       0x10 /opt/gcc-arm-none-eabi-10.3-2021.10/bin/../lib/gcc/arm-none-eabi/10.3.1/../../../../arm-none-eabi/lib/thumb/v7-m/nofp/libc_nano.a(lib_a-memset.o)
                0x000000000800328c                memset
 .text.printf   0x000000000800329c       0x30 /opt/gcc-arm-none-eabi-10.3-2021.10/bin/../lib/gcc/arm-none-eabi/10.3.1/../../../../arm-none-eabi/lib/thumb/v7-m/nofp/libc_nano.a(lib_a-printf.o)
                0x000000000800329c                printf
                0x000000000800329c                iprintf
 .text._puts_r  0x00000000080032cc       0xdc /opt/gcc-arm-none-eabi-10.3-2021.10/bin/../lib/gcc/arm-none-eabi/10.3.1/../../../../arm-none-eabi/lib/thumb/v7-m/nofp/libc_nano.a(lib_a-puts.o)
                0x00000000080032cc                _puts_r
 .text.puts     0x00000000080033a8       0x10 /opt/gcc-arm-none-eabi-10.3-2021.10/bin/../lib/gcc/arm-none-eabi/10.3.1/../../../../arm-none-eabi/lib/thumb/v7-m/nofp/libc_nano.a(lib_a-puts.o)
                0x00000000080033a8                puts
 .text.__swbuf_r
                0x00000000080033b8       0xa4 /opt/gcc-arm-none-eabi-10.3-2021.10/bin/../lib/gcc/arm-none-eabi/10.3.1/../../../../arm-none-eabi/lib/thumb/v7-m/nofp/libc_nano.a(lib_a-wbuf.o)
                0x00000000080033b8                __swbuf_r
 .text.__swsetup_r
                0x000000000800345c       0xdc /opt/gcc-arm-none-eabi-10.3-2021.10/bin/../lib/gcc/arm-none-eabi/10.3.1/../../../../arm-none-eabi/lib/thumb/v7-m/nofp/libc_nano.a(lib_a-wsetup.o)
                0x000000000800345c                __swsetup_r
 .text.__sflush_r
                0x0000000008003538      0x104 /opt/gcc-arm-none-eabi-10.3-2021.10/bin/../lib/gcc/arm-none-eabi/10.3.1/../../../../arm-none-eabi/lib/thumb/v7-m/nofp/libc_nano.a(lib_a-fflush.o)
                0x0000000008003538                __sflush_r
 .text._fflush_r
                0x000000000800363c       0x78 /opt/gcc-arm-none-eabi-10.3-2021.10/bin/../lib/gcc/arm-none-eabi/10.3.1/../../../../arm-none-eabi/lib/thumb/v7-m/nofp/libc_nano.a(lib_a-fflush.o)
                0x000000000800363c                _fflush_r
 .text.std      0x00000000080036b4       0x48 /opt/gcc-arm-none-eabi-10.3-2021.10/bin/../lib/gcc/arm-none-eabi/10.3.1/../../../../arm-none-eabi/lib/thumb/v7-m/nofp/libc_nano.a(lib_a-findfp.o)
 .text._cleanup_r
                0x00000000080036fc        0xc /opt/gcc-arm-none-eabi-10.3-2021.10/bin/../lib/gcc/arm-none-eabi/10.3.1/../../../../arm-none-eabi/lib/thumb/v7-m/nofp/libc_nano.a(lib_a-findfp.o)
                0x00000000080036fc                _cleanup_r
 .text.__sfmoreglue
                0x0000000008003708       0x2c /opt/gcc-arm-none-eabi-10.3-2021.10/bin/../lib/gcc/arm-none-eabi/10.3.1/../../../../arm-none-eabi/lib/thumb/v7-m/nofp/libc_nano.a(lib_a-findfp.o)
                0x0000000008003708                __sfmoreglue
 .text.__sfp_lock_acquire
                0x0000000008003734        0xc /opt/gcc-arm-none-eabi-10.3-2021.10/bin/../lib/gcc/arm-none-eabi/10.3.1/../../../../arm-none-eabi/lib/thumb/v7-m/nofp/libc_nano.a(lib_a-findfp.o)
                0x0000000008003734                __sfp_lock_acquire
 .text.__sfp_lock_release
                0x0000000008003740        0xc /opt/gcc-arm-none-eabi-10.3-2021.10/bin/../lib/gcc/arm-none-eabi/10.3.1/../../../../arm-none-eabi/lib/thumb/v7-m/nofp/libc_nano.a(lib_a-findfp.o)
                0x0000000008003740                __sfp_lock_release
 .text.__sinit_lock_acquire
                0x000000000800374c        0xc /opt/gcc-arm-none-eabi-10.3-2021.10/bin/../lib/gcc/arm-none-eabi/10.3.1/../../../../arm-none-eabi/lib/thumb/v7-m/nofp/libc_nano.a(lib_a-findfp.o)
                0x000000000800374c                __sinit_lock_acquire
 .text.__sinit_lock_release
                0x0000000008003758        0xc /opt/gcc-arm-none-eabi-10.3-2021.10/bin/../lib/gcc/arm-none-eabi/10.3.1/../../../../arm-none-eabi/lib/thumb/v7-m/nofp/libc_nano.a(lib_a-findfp.o)
                0x0000000008003758                __sinit_lock_release
 .text.__sinit  0x0000000008003764       0x70 /opt/gcc-arm-none-eabi-10.3-2021.10/bin/../lib/gcc/arm-none-eabi/10.3.1/../../../../arm-none-eabi/lib/thumb/v7-m/nofp/libc_nano.a(lib_a-findfp.o)
                0x0000000008003764                __sinit
 .text.__sfp    0x00000000080037d4       0x8c /opt/gcc-arm-none-eabi-10.3-2021.10/bin/../lib/gcc/arm-none-eabi/10.3.1/../../../../arm-none-eabi/lib/thumb/v7-m/nofp/libc_nano.a(lib_a-findfp.o)
                0x00000000080037d4                __sfp
 .text._fwalk_reent
                0x0000000008003860       0x3e /opt/gcc-arm-none-eabi-10.3-2021.10/bin/../lib/gcc/arm-none-eabi/10.3.1/../../../../arm-none-eabi/lib/thumb/v7-m/nofp/libc_nano.a(lib_a-fwalk.o)
                0x0000000008003860                _fwalk_reent
 .text.__retarget_lock_init_recursive
                0x000000000800389e        0x2 /opt/gcc-arm-none-eabi-10.3-2021.10/bin/../lib/gcc/arm-none-eabi/10.3.1/../../../../arm-none-eabi/lib/thumb/v7-m/nofp/libc_nano.a(lib_a-lock.o)
                0x000000000800389e                __retarget_lock_init_recursive
 .text.__retarget_lock_acquire_recursive
                0x00000000080038a0        0x2 /opt/gcc-arm-none-eabi-10.3-2021.10/bin/../lib/gcc/arm-none-eabi/10.3.1/../../../../arm-none-eabi/lib/thumb/v7-m/nofp/libc_nano.a(lib_a-lock.o)
                0x00000000080038a0                __retarget_lock_acquire_recursive
 .text.__retarget_lock_release_recursive
                0x00000000080038a2        0x2 /opt/gcc-arm-none-eabi-10.3-2021.10/bin/../lib/gcc/arm-none-eabi/10.3.1/../../../../arm-none-eabi/lib/thumb/v7-m/nofp/libc_nano.a(lib_a-lock.o)
                0x00000000080038a2                __retarget_lock_release_recursive
 .text.__swhatbuf_r
                0x00000000080038a4       0x4a /opt/gcc-arm-none-eabi-10.3-2021.10/bin/../lib/gcc/arm-none-eabi/10.3.1/../../../../arm-none-eabi/lib/thumb/v7-m/nofp/libc_nano.a(lib_a-makebuf.o)
                0x00000000080038a4                __swhatbuf_r
 *fill*         0x00000000080038ee        0x2 
 .text.__smakebuf_r
                0x00000000080038f0       0x80 /opt/gcc-arm-none-eabi-10.3-2021.10/bin/../lib/gcc/arm-none-eabi/10.3.1/../../../../arm-none-eabi/lib/thumb/v7-m/nofp/libc_nano.a(lib_a-makebuf.o)
                0x00000000080038f0                __smakebuf_r
 .text._free_r  0x0000000008003970       0x90 /opt/gcc-arm-none-eabi-10.3-2021.10/bin/../lib/gcc/arm-none-eabi/10.3.1/../../../../arm-none-eabi/lib/thumb/v7-m/nofp/libc_nano.a(lib_a-nano-freer.o)
                0x0000000008003970                _free_r
 .text.sbrk_aligned
                0x0000000008003a00       0x40 /opt/gcc-arm-none-eabi-10.3-2021.10/bin/../lib/gcc/arm-none-eabi/10.3.1/../../../../arm-none-eabi/lib/thumb/v7-m/nofp/libc_nano.a(lib_a-nano-mallocr.o)
 .text._malloc_r
                0x0000000008003a40       0xe8 /opt/gcc-arm-none-eabi-10.3-2021.10/bin/../lib/gcc/arm-none-eabi/10.3.1/../../../../arm-none-eabi/lib/thumb/v7-m/nofp/libc_nano.a(lib_a-nano-mallocr.o)
                0x0000000008003a40                _malloc_r
 .text.__sfputc_r
                0x0000000008003b28       0x2a /opt/gcc-arm-none-eabi-10.3-2021.10/bin/../lib/gcc/arm-none-eabi/10.3.1/../../../../arm-none-eabi/lib/thumb/v7-m/nofp/libc_nano.a(lib_a-nano-vfprintf.o)
 .text.__sfputs_r
                0x0000000008003b52       0x24 /opt/gcc-arm-none-eabi-10.3-2021.10/bin/../lib/gcc/arm-none-eabi/10.3.1/../../../../arm-none-eabi/lib/thumb/v7-m/nofp/libc_nano.a(lib_a-nano-vfprintf.o)
                0x0000000008003b52                __sfputs_r
 *fill*         0x0000000008003b76        0x2 
 .text._vfprintf_r
                0x0000000008003b78      0x260 /opt/gcc-arm-none-eabi-10.3-2021.10/bin/../lib/gcc/arm-none-eabi/10.3.1/../../../../arm-none-eabi/lib/thumb/v7-m/nofp/libc_nano.a(lib_a-nano-vfprintf.o)
                0x0000000008003b78                _vfiprintf_r
                0x0000000008003b78                _vfprintf_r
 .text._printf_common
                0x0000000008003dd8       0xde /opt/gcc-arm-none-eabi-10.3-2021.10/bin/../lib/gcc/arm-none-eabi/10.3.1/../../../../arm-none-eabi/lib/thumb/v7-m/nofp/libc_nano.a(lib_a-nano-vfprintf_i.o)
                0x0000000008003dd8                _printf_common
 *fill*         0x0000000008003eb6        0x2 
 .text._printf_i
                0x0000000008003eb8      0x24c /opt/gcc-arm-none-eabi-10.3-2021.10/bin/../lib/gcc/arm-none-eabi/10.3.1/../../../../arm-none-eabi/lib/thumb/v7-m/nofp/libc_nano.a(lib_a-nano-vfprintf_i.o)
                0x0000000008003eb8                _printf_i
 .text.__sread  0x0000000008004104       0x22 /opt/gcc-arm-none-eabi-10.3-2021.10/bin/../lib/gcc/arm-none-eabi/10.3.1/../../../../arm-none-eabi/lib/thumb/v7-m/nofp/libc_nano.a(lib_a-stdio.o)
                0x0000000008004104                __sread
 .text.__swrite
                0x0000000008004126       0x38 /opt/gcc-arm-none-eabi-10.3-2021.10/bin/../lib/gcc/arm-none-eabi/10.3.1/../../../../arm-none-eabi/lib/thumb/v7-m/nofp/libc_nano.a(lib_a-stdio.o)
                0x0000000008004126                __swrite
 .text.__sseek  0x000000000800415e       0x24 /opt/gcc-arm-none-eabi-10.3-2021.10/bin/../lib/gcc/arm-none-eabi/10.3.1/../../../../arm-none-eabi/lib/thumb/v7-m/nofp/libc_nano.a(lib_a-stdio.o)
                0x000000000800415e                __sseek
 .text.__sclose
                0x0000000008004182        0x8 /opt/gcc-arm-none-eabi-10.3-2021.10/bin/../lib/gcc/arm-none-eabi/10.3.1/../../../../arm-none-eabi/lib/thumb/v7-m/nofp/libc_nano.a(lib_a-stdio.o)
                0x0000000008004182                __sclose
 .text.memchr   0x000000000800418a       0x1c /opt/gcc-arm-none-eabi-10.3-2021.10/bin/../lib/gcc/arm-none-eabi/10.3.1/../../../../arm-none-eabi/lib/thumb/v7-m/nofp/libc_nano.a(lib_a-memchr-stub.o)
                0x000000000800418a                memchr
 *fill*         0x00000000080041a6        0x2 
 .text.__malloc_lock
                0x00000000080041a8        0xc /opt/gcc-arm-none-eabi-10.3-2021.10/bin/../lib/gcc/arm-none-eabi/10.3.1/../../../../arm-none-eabi/lib/thumb/v7-m/nofp/libc_nano.a(lib_a-mlock.o)
                0x00000000080041a8                __malloc_lock
 .text.__malloc_unlock
                0x00000000080041b4        0xc /opt/gcc-arm-none-eabi-10.3-2021.10/bin/../lib/gcc/arm-none-eabi/10.3.1/../../../../arm-none-eabi/lib/thumb/v7-m/nofp/libc_nano.a(lib_a-mlock.o)
                0x00000000080041b4                __malloc_unlock
 *(.glue_7t)
 .glue_7t       0x00000000080041c0        0x0 linker stubs
 *(.glue_7)
 .glue_7        0x00000000080041c0        0x0 linker stubs
 *(.rodata .rodata* .gnu.linkonce.r.*)
 .rodata.nmi_default.str1.1
                0x00000000080041c0        0xc /home/obrol/RIOT/practice/DHT11_BME280/bin/unwd-range-l1-r3/cortexm_common.a(vectors_cortexm.o)
 .rodata.mem_manage_default.str1.1
                0x00000000080041cc       0x13 /home/obrol/RIOT/practice/DHT11_BME280/bin/unwd-range-l1-r3/cortexm_common.a(vectors_cortexm.o)
 .rodata.bus_fault_default.str1.1
                0x00000000080041df       0x12 /home/obrol/RIOT/practice/DHT11_BME280/bin/unwd-range-l1-r3/cortexm_common.a(vectors_cortexm.o)
 .rodata.usage_fault_default.str1.1
                0x00000000080041f1       0x14 /home/obrol/RIOT/practice/DHT11_BME280/bin/unwd-range-l1-r3/cortexm_common.a(vectors_cortexm.o)
 .rodata.debug_mon_default.str1.1
                0x0000000008004205       0x12 /home/obrol/RIOT/practice/DHT11_BME280/bin/unwd-range-l1-r3/cortexm_common.a(vectors_cortexm.o)
 .rodata.dummy_handler_default.str1.1
                0x0000000008004217        0xe /home/obrol/RIOT/practice/DHT11_BME280/bin/unwd-range-l1-r3/cortexm_common.a(vectors_cortexm.o)
 .rodata.hard_fault_handler.str1.1
                0x0000000008004225      0x1f4 /home/obrol/RIOT/practice/DHT11_BME280/bin/unwd-range-l1-r3/cortexm_common.a(vectors_cortexm.o)
 *fill*         0x0000000008004419        0x3 
 .rodata.uart_config
                0x000000000800441c       0x48 /home/obrol/RIOT/practice/DHT11_BME280/bin/unwd-range-l1-r3/stm32_common_periph.a(pm.o)
 .rodata.uart_config
                0x0000000008004464       0x48 /home/obrol/RIOT/practice/DHT11_BME280/bin/unwd-range-l1-r3/stm32_common_periph.a(uart.o)
 .rodata.core_panic.str1.1
                0x00000000080044ac       0x2e /home/obrol/RIOT/practice/DHT11_BME280/bin/unwd-range-l1-r3/core.a(panic.o)
 .rodata.assert_crash_message
                0x00000000080044da       0x12 /home/obrol/RIOT/practice/DHT11_BME280/bin/unwd-range-l1-r3/core.a(panic.o)
                0x00000000080044da                assert_crash_message
 .rodata.main_trampoline.str1.1
                0x00000000080044ec       0x30 /home/obrol/RIOT/practice/DHT11_BME280/bin/unwd-range-l1-r3/core.a(kernel_init.o)
 .rodata.str1.1
                0x000000000800451c        0xa /home/obrol/RIOT/practice/DHT11_BME280/bin/unwd-range-l1-r3/core.a(kernel_init.o)
 .rodata.apbmul
                0x0000000008004526        0x2 /home/obrol/RIOT/practice/DHT11_BME280/bin/unwd-range-l1-r3/stm32_common.a(cpu_common.o)
 .rodata.CSWTCH.1
                0x0000000008004528       0x22 /home/obrol/RIOT/practice/DHT11_BME280/bin/unwd-range-l1-r3/stm32_common.a(stm_status.o)
 *fill*         0x000000000800454a        0x2 
 .rodata.timer_config
                0x000000000800454c       0x20 /home/obrol/RIOT/practice/DHT11_BME280/bin/unwd-range-l1-r3/stm32_common_periph.a(timer.o)
 .rodata.main.str1.1
                0x000000000800456c       0xb5 /home/obrol/RIOT/practice/DHT11_BME280/bin/unwd-range-l1-r3/application_sensors.a(main.o)
 .rodata.bmx280_init.str1.1
                0x0000000008004621       0x21 /home/obrol/RIOT/practice/DHT11_BME280/bin/unwd-range-l1-r3/bmx280.a(bmx280.o)
 .rodata.bmx280_read_temperature.str1.1
                0x0000000008004642       0x37 /home/obrol/RIOT/practice/DHT11_BME280/bin/unwd-range-l1-r3/bmx280.a(bmx280.o)
 .rodata.dht_init.str1.1
                0x0000000008004679       0x41 /home/obrol/RIOT/practice/DHT11_BME280/bin/unwd-range-l1-r3/dht.a(dht.o)
 .rodata.dht_read.str1.1
                0x00000000080046ba       0x19 /home/obrol/RIOT/practice/DHT11_BME280/bin/unwd-range-l1-r3/dht.a(dht.o)
 .rodata.__FUNCTION__.0
                0x00000000080046d3        0x9 /home/obrol/RIOT/practice/DHT11_BME280/bin/unwd-range-l1-r3/dht.a(dht.o)
 .rodata.__FUNCTION__.1
                0x00000000080046dc        0x9 /home/obrol/RIOT/practice/DHT11_BME280/bin/unwd-range-l1-r3/dht.a(dht.o)
 *fill*         0x00000000080046e5        0x3 
 .rodata._tenmap
                0x00000000080046e8       0x20 /home/obrol/RIOT/practice/DHT11_BME280/bin/unwd-range-l1-r3/fmt.a(fmt.o)
 .rodata.i2c_config
                0x0000000008004708       0x40 /home/obrol/RIOT/practice/DHT11_BME280/bin/unwd-range-l1-r3/stm32_common_periph.a(i2c_2.o)
 .rodata._global_impure_ptr
                0x0000000008004748        0x4 /opt/gcc-arm-none-eabi-10.3-2021.10/bin/../lib/gcc/arm-none-eabi/10.3.1/../../../../arm-none-eabi/lib/thumb/v7-m/nofp/libc_nano.a(lib_a-impure.o)
                0x0000000008004748                _global_impure_ptr
 .rodata.__sf_fake_stderr
                0x000000000800474c       0x20 /opt/gcc-arm-none-eabi-10.3-2021.10/bin/../lib/gcc/arm-none-eabi/10.3.1/../../../../arm-none-eabi/lib/thumb/v7-m/nofp/libc_nano.a(lib_a-findfp.o)
                0x000000000800474c                __sf_fake_stderr
 .rodata.__sf_fake_stdin
                0x000000000800476c       0x20 /opt/gcc-arm-none-eabi-10.3-2021.10/bin/../lib/gcc/arm-none-eabi/10.3.1/../../../../arm-none-eabi/lib/thumb/v7-m/nofp/libc_nano.a(lib_a-findfp.o)
                0x000000000800476c                __sf_fake_stdin
 .rodata.__sf_fake_stdout
                0x000000000800478c       0x20 /opt/gcc-arm-none-eabi-10.3-2021.10/bin/../lib/gcc/arm-none-eabi/10.3.1/../../../../arm-none-eabi/lib/thumb/v7-m/nofp/libc_nano.a(lib_a-findfp.o)
                0x000000000800478c                __sf_fake_stdout
 .rodata._vfprintf_r.str1.1
                0x00000000080047ac       0x11 /opt/gcc-arm-none-eabi-10.3-2021.10/bin/../lib/gcc/arm-none-eabi/10.3.1/../../../../arm-none-eabi/lib/thumb/v7-m/nofp/libc_nano.a(lib_a-nano-vfprintf.o)
 .rodata._printf_i.str1.1
                0x00000000080047bd       0x22 /opt/gcc-arm-none-eabi-10.3-2021.10/bin/../lib/gcc/arm-none-eabi/10.3.1/../../../../arm-none-eabi/lib/thumb/v7-m/nofp/libc_nano.a(lib_a-nano-vfprintf_i.o)
 *(.ARM.extab* .gnu.linkonce.armextab.*)
                0x00000000080047e0                . = ALIGN (0x4)
 *fill*         0x00000000080047df        0x1 
 *(.init)
                0x00000000080047e0                . = ALIGN (0x4)
                0x00000000080047e0                __preinit_array_start = .
 *(.preinit_array)
                0x00000000080047e0                __preinit_array_end = .
                0x00000000080047e0                . = ALIGN (0x4)
                0x00000000080047e0                __init_array_start = .
 *(SORT_BY_NAME(.init_array.*))
 *(.init_array)
                0x00000000080047e0                __init_array_end = .
                0x00000000080047e0                . = ALIGN (0x4)
 *crtbegin.o(.ctors)
 *(EXCLUDE_FILE(*crtend.o) .ctors)
 *(SORT_BY_NAME(.ctors.*))
 *crtend.o(.ctors)
                0x00000000080047e0                . = ALIGN (0x4)
 *(.fini)
                0x00000000080047e0                . = ALIGN (0x4)
                0x00000000080047e0                __fini_array_start = .
 *(.fini_array)
 *(SORT_BY_NAME(.fini_array.*))
                0x00000000080047e0                __fini_array_end = .
 *crtbegin.o(.dtors)
 *(EXCLUDE_FILE(*crtend.o) .dtors)
 *(SORT_BY_NAME(.dtors.*))
 *crtend.o(.dtors)
                0x00000000080047e0                . = ALIGN (0x4)
                0x00000000080047e0                _efixed = .
                [!provide]                        PROVIDE (__exidx_start = .)

.vfp11_veneer   0x00000000080047e0        0x0
 .vfp11_veneer  0x00000000080047e0        0x0 linker stubs

.v4_bx          0x00000000080047e0        0x0
 .v4_bx         0x00000000080047e0        0x0 linker stubs

.iplt           0x00000000080047e0        0x0
 .iplt          0x00000000080047e0        0x0 /home/obrol/RIOT/practice/DHT11_BME280/bin/unwd-range-l1-r3/cpu/vectors.o

.igot.plt       0x00000000080047e0        0x0
 .igot.plt      0x00000000080047e0        0x0 /home/obrol/RIOT/practice/DHT11_BME280/bin/unwd-range-l1-r3/cpu/vectors.o

.rel.dyn        0x00000000080047e0        0x0
 .rel.iplt      0x00000000080047e0        0x0 /home/obrol/RIOT/practice/DHT11_BME280/bin/unwd-range-l1-r3/cpu/vectors.o

.ARM.exidx
 *(.ARM.exidx* .gnu.linkonce.armexidx.*)
                [!provide]                        PROVIDE (__exidx_end = .)
                0x00000000080047e0                . = ALIGN (0x4)

.eh_frame
 *(.eh_frame)
                0x00000000080047e0                . = ALIGN (0x4)
                0x00000000080047e0                _etext = .

.stack          0x0000000020000000      0x200
 *(.puf)
                0x0000000020000000                . = ALIGN (0x8)
                0x0000000020000000                _sstack = .
 *(.isr_stack)
 .isr_stack     0x0000000020000000      0x200 /home/obrol/RIOT/practice/DHT11_BME280/bin/unwd-range-l1-r3/cortexm_common.a(vectors_cortexm.o)
                0x0000000020000000                isr_stack
                0x0000000020000200                . = ALIGN (0x8)
                0x0000000020000200                _estack = .

.relocate       0x0000000020000200       0xa4 load address 0x00000000080047e0
                0x0000000020000200                . = ALIGN (0x4)
                0x0000000020000200                _srelocate = .
 *(.ramfunc .ramfunc.*)
 *(.data .data.*)
 .data.heap_top
                0x0000000020000200        0x4 /home/obrol/RIOT/practice/DHT11_BME280/bin/unwd-range-l1-r3/newlib_syscalls_default/syscalls.o
                0x0000000020000200                heap_top
 .data.stdio_uart_isrpipe
                0x0000000020000204       0x14 /home/obrol/RIOT/practice/DHT11_BME280/bin/unwd-range-l1-r3/stdio_uart.a(stdio_uart.o)
                0x0000000020000204                stdio_uart_isrpipe
 .data.idle_name
                0x0000000020000218        0x4 /home/obrol/RIOT/practice/DHT11_BME280/bin/unwd-range-l1-r3/core.a(kernel_init.o)
                0x0000000020000218                idle_name
 .data.main_name
                0x000000002000021c        0x4 /home/obrol/RIOT/practice/DHT11_BME280/bin/unwd-range-l1-r3/core.a(kernel_init.o)
                0x000000002000021c                main_name
 .data.pm_blocker
                0x0000000020000220        0x4 /home/obrol/RIOT/practice/DHT11_BME280/bin/unwd-range-l1-r3/pm_layered.a(pm.o)
                0x0000000020000220                pm_blocker
 .data.bme280_params
                0x0000000020000224        0xc /home/obrol/RIOT/practice/DHT11_BME280/bin/unwd-range-l1-r3/application_sensors.a(main.o)
 .data.params   0x0000000020000230        0xc /home/obrol/RIOT/practice/DHT11_BME280/bin/unwd-range-l1-r3/application_sensors.a(main.o)
 .data._impure_ptr
                0x000000002000023c        0x4 /opt/gcc-arm-none-eabi-10.3-2021.10/bin/../lib/gcc/arm-none-eabi/10.3.1/../../../../arm-none-eabi/lib/thumb/v7-m/nofp/libc_nano.a(lib_a-impure.o)
                0x000000002000023c                _impure_ptr
 .data.impure_data
                0x0000000020000240       0x60 /opt/gcc-arm-none-eabi-10.3-2021.10/bin/../lib/gcc/arm-none-eabi/10.3.1/../../../../arm-none-eabi/lib/thumb/v7-m/nofp/libc_nano.a(lib_a-impure.o)
 *(.openocd .openocd.*)
 .openocd       0x00000000200002a0        0x2 /home/obrol/RIOT/practice/DHT11_BME280/bin/unwd-range-l1-r3/core.a(sched.o)
                0x00000000200002a0                _tcb_name_offset
                0x00000000200002a1                max_threads
                0x00000000200002a4                . = ALIGN (0x4)
 *fill*         0x00000000200002a2        0x2 
                0x00000000200002a4                _erelocate = .

.noinit         0x00000000200002a4        0x0 load address 0x0000000008004884
                0x00000000200002a4                __noinit_start = .
 *(.noinit)
                0x00000000200002a4                . = ALIGN (0x4)
                0x00000000200002a4                __noinit_end = .

.bss            0x00000000200002a4      0xfec load address 0x0000000008004884
                0x00000000200002a4                . = ALIGN (0x4)
                0x00000000200002a4                _sbss = .
                0x00000000200002a4                _szero = .
 *(.bss .bss.*)
 .bss.runqueue_bitcache
                0x00000000200002a4        0x4 /home/obrol/RIOT/practice/DHT11_BME280/bin/unwd-range-l1-r3/core.a(sched.o)
 .bss.sched_active_pid
                0x00000000200002a8        0x2 /home/obrol/RIOT/practice/DHT11_BME280/bin/unwd-range-l1-r3/core.a(sched.o)
                0x00000000200002a8                sched_active_pid
 *fill*         0x00000000200002aa        0x2 
 .bss.sched_active_thread
                0x00000000200002ac        0x4 /home/obrol/RIOT/practice/DHT11_BME280/bin/unwd-range-l1-r3/core.a(sched.o)
                0x00000000200002ac                sched_active_thread
 .bss.sched_context_switch_request
                0x00000000200002b0        0x4 /home/obrol/RIOT/practice/DHT11_BME280/bin/unwd-range-l1-r3/core.a(sched.o)
                0x00000000200002b0                sched_context_switch_request
 .bss.sched_num_threads
                0x00000000200002b4        0x4 /home/obrol/RIOT/practice/DHT11_BME280/bin/unwd-range-l1-r3/core.a(sched.o)
                0x00000000200002b4                sched_num_threads
 .bss.sched_runqueues
                0x00000000200002b8       0x40 /home/obrol/RIOT/practice/DHT11_BME280/bin/unwd-range-l1-r3/core.a(sched.o)
                0x00000000200002b8                sched_runqueues
 .bss.sched_threads
                0x00000000200002f8       0x84 /home/obrol/RIOT/practice/DHT11_BME280/bin/unwd-range-l1-r3/core.a(sched.o)
                0x00000000200002f8                sched_threads
 .bss._rx_buf_mem
                0x000000002000037c       0x40 /home/obrol/RIOT/practice/DHT11_BME280/bin/unwd-range-l1-r3/stdio_uart.a(stdio_uart.o)
 .bss.lpm_gpio_brr
                0x00000000200003bc       0x10 /home/obrol/RIOT/practice/DHT11_BME280/bin/unwd-range-l1-r3/stm32_common_periph.a(pm.o)
 .bss.lpm_gpio_moder
                0x00000000200003cc       0x20 /home/obrol/RIOT/practice/DHT11_BME280/bin/unwd-range-l1-r3/stm32_common_periph.a(pm.o)
 .bss.lpm_gpio_otyper
                0x00000000200003ec       0x10 /home/obrol/RIOT/practice/DHT11_BME280/bin/unwd-range-l1-r3/stm32_common_periph.a(pm.o)
 .bss.lpm_gpio_pupdr
                0x00000000200003fc       0x20 /home/obrol/RIOT/practice/DHT11_BME280/bin/unwd-range-l1-r3/stm32_common_periph.a(pm.o)
 .bss.lpm_usart
                0x000000002000041c        0x3 /home/obrol/RIOT/practice/DHT11_BME280/bin/unwd-range-l1-r3/stm32_common_periph.a(pm.o)
 .bss.powermode
                0x000000002000041f        0x1 /home/obrol/RIOT/practice/DHT11_BME280/bin/unwd-range-l1-r3/stm32_common_periph.a(pm.o)
 .bss.isr_ctx   0x0000000020000420       0x24 /home/obrol/RIOT/practice/DHT11_BME280/bin/unwd-range-l1-r3/stm32_common_periph.a(uart.o)
 .bss.isr_ctx   0x0000000020000444       0x80 /home/obrol/RIOT/practice/DHT11_BME280/bin/unwd-range-l1-r3/stm32_common_periph.a(gpio.o)
 .bss._in_handler
                0x00000000200004c4        0x4 /home/obrol/RIOT/practice/DHT11_BME280/bin/unwd-range-l1-r3/xtimer.a(xtimer_core.o)
 .bss._long_cnt
                0x00000000200004c8        0x4 /home/obrol/RIOT/practice/DHT11_BME280/bin/unwd-range-l1-r3/xtimer.a(xtimer_core.o)
 .bss._xtimer_high_cnt
                0x00000000200004cc        0x4 /home/obrol/RIOT/practice/DHT11_BME280/bin/unwd-range-l1-r3/xtimer.a(xtimer_core.o)
                0x00000000200004cc                _xtimer_high_cnt
 .bss.long_list_head
                0x00000000200004d0        0x4 /home/obrol/RIOT/practice/DHT11_BME280/bin/unwd-range-l1-r3/xtimer.a(xtimer_core.o)
 .bss.overflow_list_head
                0x00000000200004d4        0x4 /home/obrol/RIOT/practice/DHT11_BME280/bin/unwd-range-l1-r3/xtimer.a(xtimer_core.o)
 .bss.timer_list_head
                0x00000000200004d8        0x4 /home/obrol/RIOT/practice/DHT11_BME280/bin/unwd-range-l1-r3/xtimer.a(xtimer_core.o)
 .bss.crashed   0x00000000200004dc        0x4 /home/obrol/RIOT/practice/DHT11_BME280/bin/unwd-range-l1-r3/core.a(panic.o)
 .bss.idle_stack
                0x00000000200004e0      0x100 /home/obrol/RIOT/practice/DHT11_BME280/bin/unwd-range-l1-r3/core.a(kernel_init.o)
 .bss.main_stack
                0x00000000200005e0      0xc00 /home/obrol/RIOT/practice/DHT11_BME280/bin/unwd-range-l1-r3/core.a(kernel_init.o)
 .bss.clock_source_rdy
                0x00000000200011e0        0x4 /home/obrol/RIOT/practice/DHT11_BME280/bin/unwd-range-l1-r3/stm32_common.a(stmclk_l0l1.o)
 .bss.cpu_status
                0x00000000200011e4       0x28 /home/obrol/RIOT/practice/DHT11_BME280/bin/unwd-range-l1-r3/stm32_common.a(stm_status.o)
                0x00000000200011e4                cpu_status
 .bss.isr_ctx   0x000000002000120c       0x10 /home/obrol/RIOT/practice/DHT11_BME280/bin/unwd-range-l1-r3/stm32_common_periph.a(timer.o)
 .bss.dev_bmx280
                0x000000002000121c       0x30 /home/obrol/RIOT/practice/DHT11_BME280/bin/unwd-range-l1-r3/application_sensors.a(main.o)
 .bss.measurement_regs
                0x000000002000124c        0x8 /home/obrol/RIOT/practice/DHT11_BME280/bin/unwd-range-l1-r3/bmx280.a(bmx280.o)
 .bss.t_fine    0x0000000020001254        0x4 /home/obrol/RIOT/practice/DHT11_BME280/bin/unwd-range-l1-r3/bmx280.a(bmx280.o)
 .bss.get_value
                0x0000000020001258        0x1 /home/obrol/RIOT/practice/DHT11_BME280/bin/unwd-range-l1-r3/dht.a(dht.o)
                0x0000000020001258                get_value
 .bss.sync      0x0000000020001259        0x1 /home/obrol/RIOT/practice/DHT11_BME280/bin/unwd-range-l1-r3/dht.a(dht.o)
                0x0000000020001259                sync
 *fill*         0x000000002000125a        0x2 
 .bss._in_handler
                0x000000002000125c        0x4 /home/obrol/RIOT/practice/DHT11_BME280/bin/unwd-range-l1-r3/lptimer.a(lptimer_core.o)
 .bss._long_cnt
                0x0000000020001260        0x4 /home/obrol/RIOT/practice/DHT11_BME280/bin/unwd-range-l1-r3/lptimer.a(lptimer_core.o)
 .bss._lptimer_high_cnt
                0x0000000020001264        0x4 /home/obrol/RIOT/practice/DHT11_BME280/bin/unwd-range-l1-r3/lptimer.a(lptimer_core.o)
                0x0000000020001264                _lptimer_high_cnt
 .bss.long_list_head
                0x0000000020001268        0x4 /home/obrol/RIOT/practice/DHT11_BME280/bin/unwd-range-l1-r3/lptimer.a(lptimer_core.o)
 .bss.overflow_list_head
                0x000000002000126c        0x4 /home/obrol/RIOT/practice/DHT11_BME280/bin/unwd-range-l1-r3/lptimer.a(lptimer_core.o)
 .bss.timer_list_head
                0x0000000020001270        0x4 /home/obrol/RIOT/practice/DHT11_BME280/bin/unwd-range-l1-r3/lptimer.a(lptimer_core.o)
 .bss.arg_a     0x0000000020001274        0x4 /home/obrol/RIOT/practice/DHT11_BME280/bin/unwd-range-l1-r3/stm32_common_periph.a(rtt.o)
                0x0000000020001274                arg_a
 .bss.cb_a      0x0000000020001278        0x4 /home/obrol/RIOT/practice/DHT11_BME280/bin/unwd-range-l1-r3/stm32_common_periph.a(rtt.o)
                0x0000000020001278                cb_a
 .bss.locks     0x000000002000127c        0x8 /home/obrol/RIOT/practice/DHT11_BME280/bin/unwd-range-l1-r3/stm32_common_periph.a(i2c_2.o)
 .bss.__lock___malloc_recursive_mutex
                0x0000000020001284        0x1 /opt/gcc-arm-none-eabi-10.3-2021.10/bin/../lib/gcc/arm-none-eabi/10.3.1/../../../../arm-none-eabi/lib/thumb/v7-m/nofp/libc_nano.a(lib_a-lock.o)
                0x0000000020001284                __lock___malloc_recursive_mutex
 .bss.__lock___sfp_recursive_mutex
                0x0000000020001285        0x1 /opt/gcc-arm-none-eabi-10.3-2021.10/bin/../lib/gcc/arm-none-eabi/10.3.1/../../../../arm-none-eabi/lib/thumb/v7-m/nofp/libc_nano.a(lib_a-lock.o)
                0x0000000020001285                __lock___sfp_recursive_mutex
 .bss.__lock___sinit_recursive_mutex
                0x0000000020001286        0x1 /opt/gcc-arm-none-eabi-10.3-2021.10/bin/../lib/gcc/arm-none-eabi/10.3.1/../../../../arm-none-eabi/lib/thumb/v7-m/nofp/libc_nano.a(lib_a-lock.o)
                0x0000000020001286                __lock___sinit_recursive_mutex
 *fill*         0x0000000020001287        0x1 
 .bss.__malloc_free_list
                0x0000000020001288        0x4 /opt/gcc-arm-none-eabi-10.3-2021.10/bin/../lib/gcc/arm-none-eabi/10.3.1/../../../../arm-none-eabi/lib/thumb/v7-m/nofp/libc_nano.a(lib_a-nano-mallocr.o)
                0x0000000020001288                __malloc_free_list
 .bss.__malloc_sbrk_start
                0x000000002000128c        0x4 /opt/gcc-arm-none-eabi-10.3-2021.10/bin/../lib/gcc/arm-none-eabi/10.3.1/../../../../arm-none-eabi/lib/thumb/v7-m/nofp/libc_nano.a(lib_a-nano-mallocr.o)
                0x000000002000128c                __malloc_sbrk_start
 *(COMMON)
                0x0000000020001290                . = ALIGN (0x4)
                0x0000000020001290                _ebss = .
                0x0000000020001290                _ezero = .
                0x0000000020001290                . = ALIGN (0x4)
                0x0000000020001290                _sheap = .
                0x0000000020014000                _eheap = (ORIGIN (ram) + LENGTH (ram))
                0x0000000020000000                _sram = ORIGIN (ram)
                0x0000000020014000                _eram = (ORIGIN (ram) + LENGTH (ram))
OUTPUT(/home/obrol/RIOT/practice/DHT11_BME280/bin/unwd-range-l1-r3/sensors.elf elf32-littlearm)
LOAD linker stubs

.debug_info     0x0000000000000000    0x29a76
 .debug_info    0x0000000000000000       0xdb /home/obrol/RIOT/practice/DHT11_BME280/bin/unwd-range-l1-r3/cpu/vectors.o
 .debug_info    0x00000000000000db     0x1f90 /home/obrol/RIOT/practice/DHT11_BME280/bin/unwd-range-l1-r3/newlib_syscalls_default/syscalls.o
 .debug_info    0x000000000000206b      0x717 /home/obrol/RIOT/practice/DHT11_BME280/bin/unwd-range-l1-r3/core.a(sched.o)
 .debug_info    0x0000000000002782      0x7df /home/obrol/RIOT/practice/DHT11_BME280/bin/unwd-range-l1-r3/cortexm_common.a(thread_arch.o)
 .debug_info    0x0000000000002f61      0xa3f /home/obrol/RIOT/practice/DHT11_BME280/bin/unwd-range-l1-r3/cortexm_common.a(vectors_cortexm.o)
 .debug_info    0x00000000000039a0      0x23f /home/obrol/RIOT/practice/DHT11_BME280/bin/unwd-range-l1-r3/cortexm_common.a(irq_arch.o)
 .debug_info    0x0000000000003bdf      0xfb1 /home/obrol/RIOT/practice/DHT11_BME280/bin/unwd-range-l1-r3/stdio_uart.a(stdio_uart.o)
 .debug_info    0x0000000000004b90     0x16c0 /home/obrol/RIOT/practice/DHT11_BME280/bin/unwd-range-l1-r3/stm32_common_periph.a(pm.o)
 .debug_info    0x0000000000006250     0x1a0b /home/obrol/RIOT/practice/DHT11_BME280/bin/unwd-range-l1-r3/stm32_common_periph.a(uart.o)
 .debug_info    0x0000000000007c5b     0x1d38 /home/obrol/RIOT/practice/DHT11_BME280/bin/unwd-range-l1-r3/stm32_common_periph.a(gpio.o)
 .debug_info    0x0000000000009993     0x1dd6 /home/obrol/RIOT/practice/DHT11_BME280/bin/unwd-range-l1-r3/xtimer.a(xtimer_core.o)
 .debug_info    0x000000000000b769      0xdff /home/obrol/RIOT/practice/DHT11_BME280/bin/unwd-range-l1-r3/boards_common_unwd.a(board.o)
 .debug_info    0x000000000000c568      0x2a6 /home/obrol/RIOT/practice/DHT11_BME280/bin/unwd-range-l1-r3/core.a(panic.o)
 .debug_info    0x000000000000c80e      0x2b8 /home/obrol/RIOT/practice/DHT11_BME280/bin/unwd-range-l1-r3/core.a(kernel_init.o)
 .debug_info    0x000000000000cac6      0xac9 /home/obrol/RIOT/practice/DHT11_BME280/bin/unwd-range-l1-r3/core.a(thread.o)
 .debug_info    0x000000000000d58f      0x8e4 /home/obrol/RIOT/practice/DHT11_BME280/bin/unwd-range-l1-r3/cortexm_common.a(cortexm_init.o)
 .debug_info    0x000000000000de73     0x14b3 /home/obrol/RIOT/practice/DHT11_BME280/bin/unwd-range-l1-r3/isrpipe.a(isrpipe.o)
 .debug_info    0x000000000000f326      0x2a5 /home/obrol/RIOT/practice/DHT11_BME280/bin/unwd-range-l1-r3/pm_layered.a(pm.o)
 .debug_info    0x000000000000f5cb     0x1057 /home/obrol/RIOT/practice/DHT11_BME280/bin/unwd-range-l1-r3/stm32_common.a(cpu_init.o)
 .debug_info    0x0000000000010622     0x11ca /home/obrol/RIOT/practice/DHT11_BME280/bin/unwd-range-l1-r3/stm32_common.a(stmclk_l0l1.o)
 .debug_info    0x00000000000117ec     0x115f /home/obrol/RIOT/practice/DHT11_BME280/bin/unwd-range-l1-r3/stm32_common.a(cpu_common.o)
 .debug_info    0x000000000001294b     0x1099 /home/obrol/RIOT/practice/DHT11_BME280/bin/unwd-range-l1-r3/stm32_common.a(stm_status.o)
 .debug_info    0x00000000000139e4     0x198e /home/obrol/RIOT/practice/DHT11_BME280/bin/unwd-range-l1-r3/stm32_common_periph.a(timer.o)
 .debug_info    0x0000000000015372      0x418 /home/obrol/RIOT/practice/DHT11_BME280/bin/unwd-range-l1-r3/tsrb.a(tsrb.o)
 .debug_info    0x000000000001578a       0x3c /home/obrol/RIOT/practice/DHT11_BME280/bin/unwd-range-l1-r3/periph_common.a(init.o)
 .debug_info    0x00000000000157c6     0x1545 /home/obrol/RIOT/practice/DHT11_BME280/bin/unwd-range-l1-r3/application_sensors.a(main.o)
 .debug_info    0x0000000000016d0b      0xd9b /home/obrol/RIOT/practice/DHT11_BME280/bin/unwd-range-l1-r3/auto_init.a(auto_init.o)
 .debug_info    0x0000000000017aa6     0x1f1a /home/obrol/RIOT/practice/DHT11_BME280/bin/unwd-range-l1-r3/bmx280.a(bmx280.o)
 .debug_info    0x00000000000199c0      0x726 /home/obrol/RIOT/practice/DHT11_BME280/bin/unwd-range-l1-r3/core.a(mutex.o)
 .debug_info    0x000000000001a0e6     0x1afd /home/obrol/RIOT/practice/DHT11_BME280/bin/unwd-range-l1-r3/dht.a(dht.o)
 .debug_info    0x000000000001bbe3     0x182a /home/obrol/RIOT/practice/DHT11_BME280/bin/unwd-range-l1-r3/fmt.a(fmt.o)
 .debug_info    0x000000000001d40d     0x1fa3 /home/obrol/RIOT/practice/DHT11_BME280/bin/unwd-range-l1-r3/lptimer.a(lptimer.o)
 .debug_info    0x000000000001f3b0     0x1ed2 /home/obrol/RIOT/practice/DHT11_BME280/bin/unwd-range-l1-r3/lptimer.a(lptimer_core.o)
 .debug_info    0x0000000000021282     0x174d /home/obrol/RIOT/practice/DHT11_BME280/bin/unwd-range-l1-r3/stm32_common_periph.a(rtt.o)
 .debug_info    0x00000000000229cf     0x1cba /home/obrol/RIOT/practice/DHT11_BME280/bin/unwd-range-l1-r3/stm32_common_periph.a(i2c_2.o)
 .debug_info    0x0000000000024689     0x2068 /home/obrol/RIOT/practice/DHT11_BME280/bin/unwd-range-l1-r3/xtimer.a(xtimer.o)
 .debug_info    0x00000000000266f1     0x12b5 /home/obrol/RIOT/practice/DHT11_BME280/bin/unwd-range-l1-r3/periph_common.a(i2c.o)
 .debug_info    0x00000000000279a6     0x11f1 /home/obrol/RIOT/practice/DHT11_BME280/bin/unwd-range-l1-r3/core.a(msg.o)
 .debug_info    0x0000000000028b97      0xedf /home/obrol/RIOT/practice/DHT11_BME280/bin/unwd-range-l1-r3/stm32_common.a(stmclk_common.o)

.debug_abbrev   0x0000000000000000     0x70d1
 .debug_abbrev  0x0000000000000000       0xb5 /home/obrol/RIOT/practice/DHT11_BME280/bin/unwd-range-l1-r3/cpu/vectors.o
 .debug_abbrev  0x00000000000000b5      0x470 /home/obrol/RIOT/practice/DHT11_BME280/bin/unwd-range-l1-r3/newlib_syscalls_default/syscalls.o
 .debug_abbrev  0x0000000000000525      0x2f8 /home/obrol/RIOT/practice/DHT11_BME280/bin/unwd-range-l1-r3/core.a(sched.o)
 .debug_abbrev  0x000000000000081d      0x31b /home/obrol/RIOT/practice/DHT11_BME280/bin/unwd-range-l1-r3/cortexm_common.a(thread_arch.o)
 .debug_abbrev  0x0000000000000b38      0x333 /home/obrol/RIOT/practice/DHT11_BME280/bin/unwd-range-l1-r3/cortexm_common.a(vectors_cortexm.o)
 .debug_abbrev  0x0000000000000e6b      0x172 /home/obrol/RIOT/practice/DHT11_BME280/bin/unwd-range-l1-r3/cortexm_common.a(irq_arch.o)
 .debug_abbrev  0x0000000000000fdd      0x212 /home/obrol/RIOT/practice/DHT11_BME280/bin/unwd-range-l1-r3/stdio_uart.a(stdio_uart.o)
 .debug_abbrev  0x00000000000011ef      0x374 /home/obrol/RIOT/practice/DHT11_BME280/bin/unwd-range-l1-r3/stm32_common_periph.a(pm.o)
 .debug_abbrev  0x0000000000001563      0x43c /home/obrol/RIOT/practice/DHT11_BME280/bin/unwd-range-l1-r3/stm32_common_periph.a(uart.o)
 .debug_abbrev  0x000000000000199f      0x4a5 /home/obrol/RIOT/practice/DHT11_BME280/bin/unwd-range-l1-r3/stm32_common_periph.a(gpio.o)
 .debug_abbrev  0x0000000000001e44      0x5a0 /home/obrol/RIOT/practice/DHT11_BME280/bin/unwd-range-l1-r3/xtimer.a(xtimer_core.o)
 .debug_abbrev  0x00000000000023e4      0x17b /home/obrol/RIOT/practice/DHT11_BME280/bin/unwd-range-l1-r3/boards_common_unwd.a(board.o)
 .debug_abbrev  0x000000000000255f      0x183 /home/obrol/RIOT/practice/DHT11_BME280/bin/unwd-range-l1-r3/core.a(panic.o)
 .debug_abbrev  0x00000000000026e2      0x144 /home/obrol/RIOT/practice/DHT11_BME280/bin/unwd-range-l1-r3/core.a(kernel_init.o)
 .debug_abbrev  0x0000000000002826      0x304 /home/obrol/RIOT/practice/DHT11_BME280/bin/unwd-range-l1-r3/core.a(thread.o)
 .debug_abbrev  0x0000000000002b2a      0x2c8 /home/obrol/RIOT/practice/DHT11_BME280/bin/unwd-range-l1-r3/cortexm_common.a(cortexm_init.o)
 .debug_abbrev  0x0000000000002df2      0x31a /home/obrol/RIOT/practice/DHT11_BME280/bin/unwd-range-l1-r3/isrpipe.a(isrpipe.o)
 .debug_abbrev  0x000000000000310c      0x13b /home/obrol/RIOT/practice/DHT11_BME280/bin/unwd-range-l1-r3/pm_layered.a(pm.o)
 .debug_abbrev  0x0000000000003247      0x1cc /home/obrol/RIOT/practice/DHT11_BME280/bin/unwd-range-l1-r3/stm32_common.a(cpu_init.o)
 .debug_abbrev  0x0000000000003413      0x203 /home/obrol/RIOT/practice/DHT11_BME280/bin/unwd-range-l1-r3/stm32_common.a(stmclk_l0l1.o)
 .debug_abbrev  0x0000000000003616      0x27a /home/obrol/RIOT/practice/DHT11_BME280/bin/unwd-range-l1-r3/stm32_common.a(cpu_common.o)
 .debug_abbrev  0x0000000000003890      0x20e /home/obrol/RIOT/practice/DHT11_BME280/bin/unwd-range-l1-r3/stm32_common.a(stm_status.o)
 .debug_abbrev  0x0000000000003a9e      0x3dc /home/obrol/RIOT/practice/DHT11_BME280/bin/unwd-range-l1-r3/stm32_common_periph.a(timer.o)
 .debug_abbrev  0x0000000000003e7a      0x1a8 /home/obrol/RIOT/practice/DHT11_BME280/bin/unwd-range-l1-r3/tsrb.a(tsrb.o)
 .debug_abbrev  0x0000000000004022       0x31 /home/obrol/RIOT/practice/DHT11_BME280/bin/unwd-range-l1-r3/periph_common.a(init.o)
 .debug_abbrev  0x0000000000004053      0x274 /home/obrol/RIOT/practice/DHT11_BME280/bin/unwd-range-l1-r3/application_sensors.a(main.o)
 .debug_abbrev  0x00000000000042c7      0x17a /home/obrol/RIOT/practice/DHT11_BME280/bin/unwd-range-l1-r3/auto_init.a(auto_init.o)
 .debug_abbrev  0x0000000000004441      0x467 /home/obrol/RIOT/practice/DHT11_BME280/bin/unwd-range-l1-r3/bmx280.a(bmx280.o)
 .debug_abbrev  0x00000000000048a8      0x26a /home/obrol/RIOT/practice/DHT11_BME280/bin/unwd-range-l1-r3/core.a(mutex.o)
 .debug_abbrev  0x0000000000004b12      0x3f3 /home/obrol/RIOT/practice/DHT11_BME280/bin/unwd-range-l1-r3/dht.a(dht.o)
 .debug_abbrev  0x0000000000004f05      0x3b7 /home/obrol/RIOT/practice/DHT11_BME280/bin/unwd-range-l1-r3/fmt.a(fmt.o)
 .debug_abbrev  0x00000000000052bc      0x481 /home/obrol/RIOT/practice/DHT11_BME280/bin/unwd-range-l1-r3/lptimer.a(lptimer.o)
 .debug_abbrev  0x000000000000573d      0x5cd /home/obrol/RIOT/practice/DHT11_BME280/bin/unwd-range-l1-r3/lptimer.a(lptimer_core.o)
 .debug_abbrev  0x0000000000005d0a      0x34d /home/obrol/RIOT/practice/DHT11_BME280/bin/unwd-range-l1-r3/stm32_common_periph.a(rtt.o)
 .debug_abbrev  0x0000000000006057      0x3f1 /home/obrol/RIOT/practice/DHT11_BME280/bin/unwd-range-l1-r3/stm32_common_periph.a(i2c_2.o)
 .debug_abbrev  0x0000000000006448      0x48d /home/obrol/RIOT/practice/DHT11_BME280/bin/unwd-range-l1-r3/xtimer.a(xtimer.o)
 .debug_abbrev  0x00000000000068d5      0x269 /home/obrol/RIOT/practice/DHT11_BME280/bin/unwd-range-l1-r3/periph_common.a(i2c.o)
 .debug_abbrev  0x0000000000006b3e      0x41d /home/obrol/RIOT/practice/DHT11_BME280/bin/unwd-range-l1-r3/core.a(msg.o)
 .debug_abbrev  0x0000000000006f5b      0x176 /home/obrol/RIOT/practice/DHT11_BME280/bin/unwd-range-l1-r3/stm32_common.a(stmclk_common.o)

.debug_aranges  0x0000000000000000      0xcb8
 .debug_aranges
                0x0000000000000000       0x20 /home/obrol/RIOT/practice/DHT11_BME280/bin/unwd-range-l1-r3/cpu/vectors.o
 .debug_aranges
                0x0000000000000020       0xb8 /home/obrol/RIOT/practice/DHT11_BME280/bin/unwd-range-l1-r3/newlib_syscalls_default/syscalls.o
 .debug_aranges
                0x00000000000000d8       0x38 /home/obrol/RIOT/practice/DHT11_BME280/bin/unwd-range-l1-r3/core.a(sched.o)
 .debug_aranges
                0x0000000000000110       0x60 /home/obrol/RIOT/practice/DHT11_BME280/bin/unwd-range-l1-r3/cortexm_common.a(thread_arch.o)
 .debug_aranges
                0x0000000000000170       0x68 /home/obrol/RIOT/practice/DHT11_BME280/bin/unwd-range-l1-r3/cortexm_common.a(vectors_cortexm.o)
 .debug_aranges
                0x00000000000001d8       0x38 /home/obrol/RIOT/practice/DHT11_BME280/bin/unwd-range-l1-r3/cortexm_common.a(irq_arch.o)
 .debug_aranges
                0x0000000000000210       0x30 /home/obrol/RIOT/practice/DHT11_BME280/bin/unwd-range-l1-r3/stdio_uart.a(stdio_uart.o)
 .debug_aranges
                0x0000000000000240       0x38 /home/obrol/RIOT/practice/DHT11_BME280/bin/unwd-range-l1-r3/stm32_common_periph.a(pm.o)
 .debug_aranges
                0x0000000000000278       0x68 /home/obrol/RIOT/practice/DHT11_BME280/bin/unwd-range-l1-r3/stm32_common_periph.a(uart.o)
 .debug_aranges
                0x00000000000002e0       0x80 /home/obrol/RIOT/practice/DHT11_BME280/bin/unwd-range-l1-r3/stm32_common_periph.a(gpio.o)
 .debug_aranges
                0x0000000000000360       0x80 /home/obrol/RIOT/practice/DHT11_BME280/bin/unwd-range-l1-r3/xtimer.a(xtimer_core.o)
 .debug_aranges
                0x00000000000003e0       0x20 /home/obrol/RIOT/practice/DHT11_BME280/bin/unwd-range-l1-r3/boards_common_unwd.a(board.o)
 .debug_aranges
                0x0000000000000400       0x28 /home/obrol/RIOT/practice/DHT11_BME280/bin/unwd-range-l1-r3/core.a(panic.o)
 .debug_aranges
                0x0000000000000428       0x30 /home/obrol/RIOT/practice/DHT11_BME280/bin/unwd-range-l1-r3/core.a(kernel_init.o)
 .debug_aranges
                0x0000000000000458       0x60 /home/obrol/RIOT/practice/DHT11_BME280/bin/unwd-range-l1-r3/core.a(thread.o)
 .debug_aranges
                0x00000000000004b8       0x38 /home/obrol/RIOT/practice/DHT11_BME280/bin/unwd-range-l1-r3/cortexm_common.a(cortexm_init.o)
 .debug_aranges
                0x00000000000004f0       0x48 /home/obrol/RIOT/practice/DHT11_BME280/bin/unwd-range-l1-r3/isrpipe.a(isrpipe.o)
 .debug_aranges
                0x0000000000000538       0x30 /home/obrol/RIOT/practice/DHT11_BME280/bin/unwd-range-l1-r3/pm_layered.a(pm.o)
 .debug_aranges
                0x0000000000000568       0x20 /home/obrol/RIOT/practice/DHT11_BME280/bin/unwd-range-l1-r3/stm32_common.a(cpu_init.o)
 .debug_aranges
                0x0000000000000588       0x30 /home/obrol/RIOT/practice/DHT11_BME280/bin/unwd-range-l1-r3/stm32_common.a(stmclk_l0l1.o)
 .debug_aranges
                0x00000000000005b8       0x40 /home/obrol/RIOT/practice/DHT11_BME280/bin/unwd-range-l1-r3/stm32_common.a(cpu_common.o)
 .debug_aranges
                0x00000000000005f8       0x20 /home/obrol/RIOT/practice/DHT11_BME280/bin/unwd-range-l1-r3/stm32_common.a(stm_status.o)
 .debug_aranges
                0x0000000000000618       0x80 /home/obrol/RIOT/practice/DHT11_BME280/bin/unwd-range-l1-r3/stm32_common_periph.a(timer.o)
 .debug_aranges
                0x0000000000000698       0x48 /home/obrol/RIOT/practice/DHT11_BME280/bin/unwd-range-l1-r3/tsrb.a(tsrb.o)
 .debug_aranges
                0x00000000000006e0       0x20 /home/obrol/RIOT/practice/DHT11_BME280/bin/unwd-range-l1-r3/periph_common.a(init.o)
 .debug_aranges
                0x0000000000000700       0x20 /home/obrol/RIOT/practice/DHT11_BME280/bin/unwd-range-l1-r3/application_sensors.a(main.o)
 .debug_aranges
                0x0000000000000720       0x20 /home/obrol/RIOT/practice/DHT11_BME280/bin/unwd-range-l1-r3/auto_init.a(auto_init.o)
 .debug_aranges
                0x0000000000000740       0x50 /home/obrol/RIOT/practice/DHT11_BME280/bin/unwd-range-l1-r3/bmx280.a(bmx280.o)
 .debug_aranges
                0x0000000000000790       0x30 /home/obrol/RIOT/practice/DHT11_BME280/bin/unwd-range-l1-r3/core.a(mutex.o)
 .debug_aranges
                0x00000000000007c0       0x48 /home/obrol/RIOT/practice/DHT11_BME280/bin/unwd-range-l1-r3/dht.a(dht.o)
 .debug_aranges
                0x0000000000000808      0x130 /home/obrol/RIOT/practice/DHT11_BME280/bin/unwd-range-l1-r3/fmt.a(fmt.o)
 .debug_aranges
                0x0000000000000938       0x90 /home/obrol/RIOT/practice/DHT11_BME280/bin/unwd-range-l1-r3/lptimer.a(lptimer.o)
 .debug_aranges
                0x00000000000009c8       0x80 /home/obrol/RIOT/practice/DHT11_BME280/bin/unwd-range-l1-r3/lptimer.a(lptimer_core.o)
 .debug_aranges
                0x0000000000000a48       0x60 /home/obrol/RIOT/practice/DHT11_BME280/bin/unwd-range-l1-r3/stm32_common_periph.a(rtt.o)
 .debug_aranges
                0x0000000000000aa8       0x60 /home/obrol/RIOT/practice/DHT11_BME280/bin/unwd-range-l1-r3/stm32_common_periph.a(i2c_2.o)
 .debug_aranges
                0x0000000000000b08       0x90 /home/obrol/RIOT/practice/DHT11_BME280/bin/unwd-range-l1-r3/xtimer.a(xtimer.o)
 .debug_aranges
                0x0000000000000b98       0x48 /home/obrol/RIOT/practice/DHT11_BME280/bin/unwd-range-l1-r3/periph_common.a(i2c.o)
 .debug_aranges
                0x0000000000000be0       0x90 /home/obrol/RIOT/practice/DHT11_BME280/bin/unwd-range-l1-r3/core.a(msg.o)
 .debug_aranges
                0x0000000000000c70       0x48 /home/obrol/RIOT/practice/DHT11_BME280/bin/unwd-range-l1-r3/stm32_common.a(stmclk_common.o)

.debug_ranges   0x0000000000000000     0x22f8
 .debug_ranges  0x0000000000000000       0x10 /home/obrol/RIOT/practice/DHT11_BME280/bin/unwd-range-l1-r3/cpu/vectors.o
 .debug_ranges  0x0000000000000010      0x130 /home/obrol/RIOT/practice/DHT11_BME280/bin/unwd-range-l1-r3/newlib_syscalls_default/syscalls.o
 .debug_ranges  0x0000000000000140       0x90 /home/obrol/RIOT/practice/DHT11_BME280/bin/unwd-range-l1-r3/core.a(sched.o)
 .debug_ranges  0x00000000000001d0       0xa0 /home/obrol/RIOT/practice/DHT11_BME280/bin/unwd-range-l1-r3/cortexm_common.a(thread_arch.o)
 .debug_ranges  0x0000000000000270       0x58 /home/obrol/RIOT/practice/DHT11_BME280/bin/unwd-range-l1-r3/cortexm_common.a(vectors_cortexm.o)
 .debug_ranges  0x00000000000002c8       0x28 /home/obrol/RIOT/practice/DHT11_BME280/bin/unwd-range-l1-r3/cortexm_common.a(irq_arch.o)
 .debug_ranges  0x00000000000002f0       0x20 /home/obrol/RIOT/practice/DHT11_BME280/bin/unwd-range-l1-r3/stdio_uart.a(stdio_uart.o)
 .debug_ranges  0x0000000000000310       0xa0 /home/obrol/RIOT/practice/DHT11_BME280/bin/unwd-range-l1-r3/stm32_common_periph.a(pm.o)
 .debug_ranges  0x00000000000003b0      0x160 /home/obrol/RIOT/practice/DHT11_BME280/bin/unwd-range-l1-r3/stm32_common_periph.a(uart.o)
 .debug_ranges  0x0000000000000510      0x288 /home/obrol/RIOT/practice/DHT11_BME280/bin/unwd-range-l1-r3/stm32_common_periph.a(gpio.o)
 .debug_ranges  0x0000000000000798      0x308 /home/obrol/RIOT/practice/DHT11_BME280/bin/unwd-range-l1-r3/xtimer.a(xtimer_core.o)
 .debug_ranges  0x0000000000000aa0       0x10 /home/obrol/RIOT/practice/DHT11_BME280/bin/unwd-range-l1-r3/boards_common_unwd.a(board.o)
 .debug_ranges  0x0000000000000ab0       0x18 /home/obrol/RIOT/practice/DHT11_BME280/bin/unwd-range-l1-r3/core.a(panic.o)
 .debug_ranges  0x0000000000000ac8       0x20 /home/obrol/RIOT/practice/DHT11_BME280/bin/unwd-range-l1-r3/core.a(kernel_init.o)
 .debug_ranges  0x0000000000000ae8       0xc0 /home/obrol/RIOT/practice/DHT11_BME280/bin/unwd-range-l1-r3/core.a(thread.o)
 .debug_ranges  0x0000000000000ba8       0xb0 /home/obrol/RIOT/practice/DHT11_BME280/bin/unwd-range-l1-r3/cortexm_common.a(cortexm_init.o)
 .debug_ranges  0x0000000000000c58       0x78 /home/obrol/RIOT/practice/DHT11_BME280/bin/unwd-range-l1-r3/isrpipe.a(isrpipe.o)
 .debug_ranges  0x0000000000000cd0       0x20 /home/obrol/RIOT/practice/DHT11_BME280/bin/unwd-range-l1-r3/pm_layered.a(pm.o)
 .debug_ranges  0x0000000000000cf0       0x10 /home/obrol/RIOT/practice/DHT11_BME280/bin/unwd-range-l1-r3/stm32_common.a(cpu_init.o)
 .debug_ranges  0x0000000000000d00       0x38 /home/obrol/RIOT/practice/DHT11_BME280/bin/unwd-range-l1-r3/stm32_common.a(stmclk_l0l1.o)
 .debug_ranges  0x0000000000000d38       0x30 /home/obrol/RIOT/practice/DHT11_BME280/bin/unwd-range-l1-r3/stm32_common.a(cpu_common.o)
 .debug_ranges  0x0000000000000d68      0x110 /home/obrol/RIOT/practice/DHT11_BME280/bin/unwd-range-l1-r3/stm32_common.a(stm_status.o)
 .debug_ranges  0x0000000000000e78      0x1a0 /home/obrol/RIOT/practice/DHT11_BME280/bin/unwd-range-l1-r3/stm32_common_periph.a(timer.o)
 .debug_ranges  0x0000000000001018       0x98 /home/obrol/RIOT/practice/DHT11_BME280/bin/unwd-range-l1-r3/tsrb.a(tsrb.o)
 .debug_ranges  0x00000000000010b0       0x10 /home/obrol/RIOT/practice/DHT11_BME280/bin/unwd-range-l1-r3/periph_common.a(init.o)
 .debug_ranges  0x00000000000010c0       0x50 /home/obrol/RIOT/practice/DHT11_BME280/bin/unwd-range-l1-r3/application_sensors.a(main.o)
 .debug_ranges  0x0000000000001110       0x10 /home/obrol/RIOT/practice/DHT11_BME280/bin/unwd-range-l1-r3/auto_init.a(auto_init.o)
 .debug_ranges  0x0000000000001120      0x120 /home/obrol/RIOT/practice/DHT11_BME280/bin/unwd-range-l1-r3/bmx280.a(bmx280.o)
 .debug_ranges  0x0000000000001240       0x80 /home/obrol/RIOT/practice/DHT11_BME280/bin/unwd-range-l1-r3/core.a(mutex.o)
 .debug_ranges  0x00000000000012c0      0x1b0 /home/obrol/RIOT/practice/DHT11_BME280/bin/unwd-range-l1-r3/dht.a(dht.o)
 .debug_ranges  0x0000000000001470      0x228 /home/obrol/RIOT/practice/DHT11_BME280/bin/unwd-range-l1-r3/fmt.a(fmt.o)
 .debug_ranges  0x0000000000001698      0x278 /home/obrol/RIOT/practice/DHT11_BME280/bin/unwd-range-l1-r3/lptimer.a(lptimer.o)
 .debug_ranges  0x0000000000001910      0x348 /home/obrol/RIOT/practice/DHT11_BME280/bin/unwd-range-l1-r3/lptimer.a(lptimer_core.o)
 .debug_ranges  0x0000000000001c58       0x80 /home/obrol/RIOT/practice/DHT11_BME280/bin/unwd-range-l1-r3/stm32_common_periph.a(rtt.o)