Archive member included to satisfy reference by file (symbol)

/home/obrol/RIOT/practice/coremark_stm/bin/unwd-range-l1-r3/core.a(sched.o)
                              /home/obrol/RIOT/practice/coremark_stm/bin/unwd-range-l1-r3/newlib_syscalls_default/syscalls.o (sched_active_pid)
/home/obrol/RIOT/practice/coremark_stm/bin/unwd-range-l1-r3/cortexm_common.a(thread_arch.o)
                              /home/obrol/RIOT/practice/coremark_stm/bin/unwd-range-l1-r3/core.a(sched.o) (cpu_switch_context_exit)
/home/obrol/RIOT/practice/coremark_stm/bin/unwd-range-l1-r3/cortexm_common.a(vectors_cortexm.o)
                              /home/obrol/RIOT/practice/coremark_stm/bin/unwd-range-l1-r3/cpu/vectors.o (dummy_handler_default)
/home/obrol/RIOT/practice/coremark_stm/bin/unwd-range-l1-r3/cortexm_common.a(irq_arch.o)
                              /home/obrol/RIOT/practice/coremark_stm/bin/unwd-range-l1-r3/newlib_syscalls_default/syscalls.o (irq_disable)
/home/obrol/RIOT/practice/coremark_stm/bin/unwd-range-l1-r3/div.a(div.o)
                              /home/obrol/RIOT/practice/coremark_stm/bin/unwd-range-l1-r3/newlib_syscalls_default/syscalls.o (_div_mulhi64)
/home/obrol/RIOT/practice/coremark_stm/bin/unwd-range-l1-r3/stdio_uart.a(stdio_uart.o)
                              /home/obrol/RIOT/practice/coremark_stm/bin/unwd-range-l1-r3/newlib_syscalls_default/syscalls.o (stdio_init)
/home/obrol/RIOT/practice/coremark_stm/bin/unwd-range-l1-r3/stm32_common_periph.a(pm.o)
                              /home/obrol/RIOT/practice/coremark_stm/bin/unwd-range-l1-r3/newlib_syscalls_default/syscalls.o (pm_off)
/home/obrol/RIOT/practice/coremark_stm/bin/unwd-range-l1-r3/stm32_common_periph.a(uart.o)
                              /home/obrol/RIOT/practice/coremark_stm/bin/unwd-range-l1-r3/stdio_uart.a(stdio_uart.o) (uart_init)
/home/obrol/RIOT/practice/coremark_stm/bin/unwd-range-l1-r3/stm32_common_periph.a(gpio.o)
                              /home/obrol/RIOT/practice/coremark_stm/bin/unwd-range-l1-r3/stm32_common_periph.a(pm.o) (gpio_init)
/home/obrol/RIOT/practice/coremark_stm/bin/unwd-range-l1-r3/xtimer.a(xtimer_core.o)
                              /home/obrol/RIOT/practice/coremark_stm/bin/unwd-range-l1-r3/newlib_syscalls_default/syscalls.o (_xtimer_now64)
/home/obrol/RIOT/practice/coremark_stm/bin/unwd-range-l1-r3/boards_common_unwd.a(board.o)
                              /home/obrol/RIOT/practice/coremark_stm/bin/unwd-range-l1-r3/cortexm_common.a(vectors_cortexm.o) (board_init)
/home/obrol/RIOT/practice/coremark_stm/bin/unwd-range-l1-r3/core.a(panic.o)
                              /home/obrol/RIOT/practice/coremark_stm/bin/unwd-range-l1-r3/cortexm_common.a(vectors_cortexm.o) (core_panic)
/home/obrol/RIOT/practice/coremark_stm/bin/unwd-range-l1-r3/core.a(kernel_init.o)
                              /home/obrol/RIOT/practice/coremark_stm/bin/unwd-range-l1-r3/cortexm_common.a(vectors_cortexm.o) (kernel_init)
/home/obrol/RIOT/practice/coremark_stm/bin/unwd-range-l1-r3/core.a(thread.o)
                              /home/obrol/RIOT/practice/coremark_stm/bin/unwd-range-l1-r3/core.a(kernel_init.o) (thread_create)
/home/obrol/RIOT/practice/coremark_stm/bin/unwd-range-l1-r3/cortexm_common.a(cortexm_init.o)
                              /home/obrol/RIOT/practice/coremark_stm/bin/unwd-range-l1-r3/stm32_common_periph.a(pm.o) (cpu_check_address)
/home/obrol/RIOT/practice/coremark_stm/bin/unwd-range-l1-r3/isrpipe.a(isrpipe.o)
                              /home/obrol/RIOT/practice/coremark_stm/bin/unwd-range-l1-r3/stdio_uart.a(stdio_uart.o) (isrpipe_write_one)
/home/obrol/RIOT/practice/coremark_stm/bin/unwd-range-l1-r3/pm_layered.a(pm.o)
                              /home/obrol/RIOT/practice/coremark_stm/bin/unwd-range-l1-r3/core.a(kernel_init.o) (pm_set_lowest)
/home/obrol/RIOT/practice/coremark_stm/bin/unwd-range-l1-r3/stm32_common.a(cpu_init.o)
                              /home/obrol/RIOT/practice/coremark_stm/bin/unwd-range-l1-r3/boards_common_unwd.a(board.o) (cpu_init)
/home/obrol/RIOT/practice/coremark_stm/bin/unwd-range-l1-r3/stm32_common.a(stmclk_l0l1.o)
                              /home/obrol/RIOT/practice/coremark_stm/bin/unwd-range-l1-r3/stm32_common_periph.a(pm.o) (stmclk_init_sysclk)
/home/obrol/RIOT/practice/coremark_stm/bin/unwd-range-l1-r3/stm32_common.a(cpu_common.o)
                              /home/obrol/RIOT/practice/coremark_stm/bin/unwd-range-l1-r3/stm32_common_periph.a(uart.o) (periph_apb_clk)
/home/obrol/RIOT/practice/coremark_stm/bin/unwd-range-l1-r3/stm32_common.a(stm_status.o)
                              /home/obrol/RIOT/practice/coremark_stm/bin/unwd-range-l1-r3/stm32_common.a(cpu_init.o) (cpu_init_status)
/home/obrol/RIOT/practice/coremark_stm/bin/unwd-range-l1-r3/stm32_common_periph.a(timer.o)
                              /home/obrol/RIOT/practice/coremark_stm/bin/unwd-range-l1-r3/xtimer.a(xtimer_core.o) (timer_init)
/home/obrol/RIOT/practice/coremark_stm/bin/unwd-range-l1-r3/tsrb.a(tsrb.o)
[...]
Memory Configuration

Name             Origin             Length             Attributes
ccmram           0x0000000010000000 0x0000000000000000
rom              0x0000000008000000 0x0000000000080000 xr
ram              0x0000000020000000 0x0000000000014000 w !xr
*default*        0x0000000000000000 0xffffffffffffffff

Linker script and memory map

LOAD /home/obrol/RIOT/practice/coremark_stm/bin/unwd-range-l1-r3/cpu/vectors.o
LOAD /home/obrol/RIOT/practice/coremark_stm/bin/unwd-range-l1-r3/newlib_syscalls_default/syscalls.o
START GROUP
LOAD /home/obrol/RIOT/practice/coremark_stm/bin/unwd-range-l1-r3/application_coremark_stm.a
LOAD /home/obrol/RIOT/practice/coremark_stm/bin/unwd-range-l1-r3/auto_init.a
LOAD /home/obrol/RIOT/practice/coremark_stm/bin/unwd-range-l1-r3/board.a
LOAD /home/obrol/RIOT/practice/coremark_stm/bin/unwd-range-l1-r3/boards_common_unwd.a
LOAD /home/obrol/RIOT/practice/coremark_stm/bin/unwd-range-l1-r3/core.a
LOAD /home/obrol/RIOT/practice/coremark_stm/bin/unwd-range-l1-r3/cortexm_common.a
LOAD /home/obrol/RIOT/practice/coremark_stm/bin/unwd-range-l1-r3/cortexm_common_periph.a
LOAD /home/obrol/RIOT/practice/coremark_stm/bin/unwd-range-l1-r3/cpu.a
LOAD /home/obrol/RIOT/practice/coremark_stm/bin/unwd-range-l1-r3/div.a
LOAD /home/obrol/RIOT/practice/coremark_stm/bin/unwd-range-l1-r3/isrpipe.a
LOAD /home/obrol/RIOT/practice/coremark_stm/bin/unwd-range-l1-r3/newlib_syscalls_default.a
LOAD /home/obrol/RIOT/practice/coremark_stm/bin/unwd-range-l1-r3/periph.a
LOAD /home/obrol/RIOT/practice/coremark_stm/bin/unwd-range-l1-r3/pm_layered.a
LOAD /home/obrol/RIOT/practice/coremark_stm/bin/unwd-range-l1-r3/stdio_uart.a
LOAD /home/obrol/RIOT/practice/coremark_stm/bin/unwd-range-l1-r3/stm32_common.a
LOAD /home/obrol/RIOT/practice/coremark_stm/bin/unwd-range-l1-r3/stm32_common_periph.a
LOAD /home/obrol/RIOT/practice/coremark_stm/bin/unwd-range-l1-r3/sys.a
LOAD /home/obrol/RIOT/practice/coremark_stm/bin/unwd-range-l1-r3/tsrb.a
LOAD /home/obrol/RIOT/practice/coremark_stm/bin/unwd-range-l1-r3/xtimer.a
LOAD /home/obrol/RIOT/practice/coremark_stm/bin/unwd-range-l1-r3/periph_common.a
LOAD /opt/gcc-arm-none-eabi-10.3-2021.10/bin/../lib/gcc/arm-none-eabi/10.3.1/../../../../arm-none-eabi/lib/thumb/v7-m/nofp/libm.a
END GROUP
LOAD /opt/gcc-arm-none-eabi-10.3-2021.10/bin/../lib/gcc/arm-none-eabi/10.3.1/thumb/v7-m/nofp/libgcc.a
                0x0000000008000000                _rom_start_addr = 0x8000000
                0x0000000020000000                _ram_start_addr = 0x20000000
                0x0000000000080000                _rom_length = 0x80000
                0x0000000000014000                _ram_length = 0x14000
LOAD /opt/gcc-arm-none-eabi-10.3-2021.10/bin/../lib/gcc/arm-none-eabi/10.3.1/../../../../arm-none-eabi/lib/thumb/v7-m/nofp/libc_nano.a
START GROUP
LOAD /opt/gcc-arm-none-eabi-10.3-2021.10/bin/../lib/gcc/arm-none-eabi/10.3.1/thumb/v7-m/nofp/libgcc.a
LOAD /opt/gcc-arm-none-eabi-10.3-2021.10/bin/../lib/gcc/arm-none-eabi/10.3.1/../../../../arm-none-eabi/lib/thumb/v7-m/nofp/libg_nano.a
LOAD /opt/gcc-arm-none-eabi-10.3-2021.10/bin/../lib/gcc/arm-none-eabi/10.3.1/../../../../arm-none-eabi/lib/thumb/v7-m/nofp/libc_nano.a
END GROUP
START GROUP
LOAD /opt/gcc-arm-none-eabi-10.3-2021.10/bin/../lib/gcc/arm-none-eabi/10.3.1/thumb/v7-m/nofp/libgcc.a
LOAD /opt/gcc-arm-none-eabi-10.3-2021.10/bin/../lib/gcc/arm-none-eabi/10.3.1/../../../../arm-none-eabi/lib/thumb/v7-m/nofp/libc_nano.a
END GROUP
                0x0000000000000000                ccmram_length = DEFINED (ccmram_len)?ccmram_len:0x0
                0x0000000000000000                _rom_offset = DEFINED (_rom_offset)?_rom_offset:0x0
                0x0000000000080000                _fw_rom_length = DEFINED (_fw_rom_length)?_fw_rom_length:(_rom_length - _rom_offset)
                0x0000000000000001                ASSERT ((_fw_rom_length <= (_rom_length - _rom_offset)), Specified firmware size does not fit in ROM)

.text           0x0000000008000000     0x7a4c
                0x0000000008000000                . = ALIGN (0x4)
                0x0000000008000000                _sfixed = .
                0x0000000008000000                _isr_vectors = DEFINED (_isr_vectors)?_isr_vectors:.
 *(SORT_BY_NAME(.vectors*))
 .vectors.0     0x0000000008000000       0x40 /home/obrol/RIOT/practice/coremark_stm/bin/unwd-range-l1-r3/cortexm_common.a(vectors_cortexm.o)
                0x0000000008000000                cortex_vector_base
 .vectors.1     0x0000000008000040       0xe4 /home/obrol/RIOT/practice/coremark_stm/bin/unwd-range-l1-r3/cpu/vectors.o
                0x0000000008000040                vector_cpu
 *(.text .text.* .gnu.linkonce.t.*)
 .text.dummy_handler
                0x0000000008000124        0x4 /home/obrol/RIOT/practice/coremark_stm/bin/unwd-range-l1-r3/cpu/vectors.o
                0x0000000008000124                isr_pvd
                0x0000000008000124                isr_rtc_wkup
                0x0000000008000124                isr_comp_acq
                0x0000000008000124                isr_tim10
                0x0000000008000124                isr_dac
                0x0000000008000124                isr_exti
                0x0000000008000124                isr_dma2_ch5
                0x0000000008000124                isr_dma1_ch2
                0x0000000008000124                isr_tim7
                0x0000000008000124                isr_tim5
                0x0000000008000124                isr_i2c1_ev
                0x0000000008000124                isr_dma1_ch7
                0x0000000008000124                isr_tim4
                0x0000000008000124                isr_dma1_ch3
                0x0000000008000124                isr_dma2_ch3
                0x0000000008000124                isr_tim2
                0x0000000008000124                isr_sdio
                0x0000000008000124                isr_spi2
                0x0000000008000124                dummy_handler
                0x0000000008000124                isr_usb_hp
                0x0000000008000124                isr_aes
                0x0000000008000124                isr_dma2_ch4
                0x0000000008000124                isr_dma1_ch1
                0x0000000008000124                isr_comp
                0x0000000008000124                isr_dma1_ch6
                0x0000000008000124                isr_spi1
                0x0000000008000124                isr_tim6
                0x0000000008000124                isr_usb_lp
                0x0000000008000124                isr_rcc
                0x0000000008000124                isr_flash
                0x0000000008000124                isr_uart5
                0x0000000008000124                isr_dma2_ch2
                0x0000000008000124                isr_adc1
                0x0000000008000124                isr_uart4
                0x0000000008000124                isr_i2c2_er
                0x0000000008000124                isr_usb_fs_wkup
                0x0000000008000124                isr_dma2_ch1
                0x0000000008000124                isr_spi3
                0x0000000008000124                isr_lcd
                0x0000000008000124                isr_tim3
                0x0000000008000124                isr_dma1_ch5
                0x0000000008000124                isr_dma1_ch4
                0x0000000008000124                isr_i2c2_ev
                0x0000000008000124                isr_rtc_alarm
                0x0000000008000124                isr_tamper_stamp
                0x0000000008000124                isr_i2c1_er
                0x0000000008000124                isr_wwdg
 .text._init    0x0000000008000128        0x4 /home/obrol/RIOT/practice/coremark_stm/bin/unwd-range-l1-r3/newlib_syscalls_default/syscalls.o
                0x0000000008000128                _init
 .text._fini    0x000000000800012c        0x4 /home/obrol/RIOT/practice/coremark_stm/bin/unwd-range-l1-r3/newlib_syscalls_default/syscalls.o
                0x000000000800012c                _fini
 .text._exit    0x0000000008000130       0x14 /home/obrol/RIOT/practice/coremark_stm/bin/unwd-range-l1-r3/newlib_syscalls_default/syscalls.o
                0x0000000008000130                _exit
 .text._sbrk_r  0x0000000008000144       0x44 /home/obrol/RIOT/practice/coremark_stm/bin/unwd-range-l1-r3/newlib_syscalls_default/syscalls.o
                0x0000000008000144                _sbrk_r
 .text._getpid_r
                0x0000000008000188        0xc /home/obrol/RIOT/practice/coremark_stm/bin/unwd-range-l1-r3/newlib_syscalls_default/syscalls.o
                0x0000000008000188                _getpid_r
 .text._kill_r  0x0000000008000194        0xc /home/obrol/RIOT/practice/coremark_stm/bin/unwd-range-l1-r3/newlib_syscalls_default/syscalls.o
                0x0000000008000194                _kill_r
 .text._read_r  0x00000000080001a0        0x8 /home/obrol/RIOT/practice/coremark_stm/bin/unwd-range-l1-r3/newlib_syscalls_default/syscalls.o
                0x00000000080001a0                _read_r
 .text._write_r
                0x00000000080001a8        0x8 /home/obrol/RIOT/practice/coremark_stm/bin/unwd-range-l1-r3/newlib_syscalls_default/syscalls.o
                0x00000000080001a8                _write_r
 .text._close_r
                0x00000000080001b0        0xc /home/obrol/RIOT/practice/coremark_stm/bin/unwd-range-l1-r3/newlib_syscalls_default/syscalls.o
                0x00000000080001b0                _close_r
 .text._lseek_r
                0x00000000080001bc        0xc /home/obrol/RIOT/practice/coremark_stm/bin/unwd-range-l1-r3/newlib_syscalls_default/syscalls.o
                0x00000000080001bc                _lseek_r
 .text._fstat_r
                0x00000000080001c8        0xc /home/obrol/RIOT/practice/coremark_stm/bin/unwd-range-l1-r3/newlib_syscalls_default/syscalls.o
                0x00000000080001c8                _fstat_r
 .text._isatty_r
                0x00000000080001d4       0x10 /home/obrol/RIOT/practice/coremark_stm/bin/unwd-range-l1-r3/newlib_syscalls_default/syscalls.o
                0x00000000080001d4                _isatty_r
 .text.sched_run
                0x00000000080001e4       0x68 /home/obrol/RIOT/practice/coremark_stm/bin/unwd-range-l1-r3/core.a(sched.o)
                0x00000000080001e4                sched_run
 .text.sched_set_status
                0x000000000800024c       0x8c /home/obrol/RIOT/practice/coremark_stm/bin/unwd-range-l1-r3/core.a(sched.o)
                0x000000000800024c                sched_set_status
 .text.sched_switch
                0x00000000080002d8       0x30 /home/obrol/RIOT/practice/coremark_stm/bin/unwd-range-l1-r3/core.a(sched.o)
                0x00000000080002d8                sched_switch
 .text.sched_task_exit
                0x0000000008000308       0x3c /home/obrol/RIOT/practice/coremark_stm/bin/unwd-range-l1-r3/core.a(sched.o)
                0x0000000008000308                sched_task_exit
 .text.thread_stack_init
                0x0000000008000344       0x90 /home/obrol/RIOT/practice/coremark_stm/bin/unwd-range-l1-r3/cortexm_common.a(thread_arch.o)
                0x0000000008000344                thread_stack_init
 .text.cpu_switch_context_exit
                0x00000000080003d4        0x8 /home/obrol/RIOT/practice/coremark_stm/bin/unwd-range-l1-r3/cortexm_common.a(thread_arch.o)
                0x00000000080003d4                cpu_switch_context_exit
 .text.thread_yield_higher
                0x00000000080003dc       0x10 /home/obrol/RIOT/practice/coremark_stm/bin/unwd-range-l1-r3/cortexm_common.a(thread_arch.o)
                0x00000000080003dc                thread_yield_higher
 .text.isr_pendsv
                0x00000000080003ec       0x1c /home/obrol/RIOT/practice/coremark_stm/bin/unwd-range-l1-r3/cortexm_common.a(thread_arch.o)
                0x00000000080003ec                isr_pendsv
 .text.isr_svc  0x0000000008000408       0x1c /home/obrol/RIOT/practice/coremark_stm/bin/unwd-range-l1-r3/cortexm_common.a(thread_arch.o)
                0x0000000008000408                isr_svc
 .text.hard_fault_default
                0x0000000008000424       0x44 /home/obrol/RIOT/practice/coremark_stm/bin/unwd-range-l1-r3/cortexm_common.a(vectors_cortexm.o)
                0x0000000008000424                hard_fault_default
 .text.nmi_default
                0x0000000008000468       0x10 /home/obrol/RIOT/practice/coremark_stm/bin/unwd-range-l1-r3/cortexm_common.a(vectors_cortexm.o)
                0x0000000008000468                nmi_default
 .text.mem_manage_default
                0x0000000008000478       0x10 /home/obrol/RIOT/practice/coremark_stm/bin/unwd-range-l1-r3/cortexm_common.a(vectors_cortexm.o)
                0x0000000008000478                mem_manage_default
 .text.bus_fault_default
                0x0000000008000488       0x10 /home/obrol/RIOT/practice/coremark_stm/bin/unwd-range-l1-r3/cortexm_common.a(vectors_cortexm.o)
                0x0000000008000488                bus_fault_default
 .text.usage_fault_default
                0x0000000008000498       0x10 /home/obrol/RIOT/practice/coremark_stm/bin/unwd-range-l1-r3/cortexm_common.a(vectors_cortexm.o)
                0x0000000008000498                usage_fault_default
 .text.debug_mon_default
                0x00000000080004a8       0x10 /home/obrol/RIOT/practice/coremark_stm/bin/unwd-range-l1-r3/cortexm_common.a(vectors_cortexm.o)
                0x00000000080004a8                debug_mon_default
 .text.dummy_handler_default
                0x00000000080004b8       0x10 /home/obrol/RIOT/practice/coremark_stm/bin/unwd-range-l1-r3/cortexm_common.a(vectors_cortexm.o)
                0x00000000080004b8                dummy_handler_default
                0x00000000080004b8                isr_systick
 .text.pre_startup
                0x00000000080004c8        0x4 /home/obrol/RIOT/practice/coremark_stm/bin/unwd-range-l1-r3/cortexm_common.a(vectors_cortexm.o)
                0x00000000080004c8                pre_startup
 .text.post_startup
                0x00000000080004cc        0x4 /home/obrol/RIOT/practice/coremark_stm/bin/unwd-range-l1-r3/cortexm_common.a(vectors_cortexm.o)
                0x00000000080004cc                post_startup
 .text.reset_handler_default
                0x00000000080004d0      0x1ac /home/obrol/RIOT/practice/coremark_stm/bin/unwd-range-l1-r3/cortexm_common.a(vectors_cortexm.o)
                0x00000000080004d0                reset_handler_default
 .text.hard_fault_handler
                0x000000000800067c      0x19c /home/obrol/RIOT/practice/coremark_stm/bin/unwd-range-l1-r3/cortexm_common.a(vectors_cortexm.o)
                0x000000000800067c                hard_fault_handler
 .text.irq_disable
                0x0000000008000818        0x8 /home/obrol/RIOT/practice/coremark_stm/bin/unwd-range-l1-r3/cortexm_common.a(irq_arch.o)
                0x0000000008000818                irq_disable
 .text.irq_enable
                0x0000000008000820        0x8 /home/obrol/RIOT/practice/coremark_stm/bin/unwd-range-l1-r3/cortexm_common.a(irq_arch.o)
                0x0000000008000820                irq_enable
 .text.irq_restore
                0x0000000008000828        0x8 /home/obrol/RIOT/practice/coremark_stm/bin/unwd-range-l1-r3/cortexm_common.a(irq_arch.o)
                0x0000000008000828                irq_restore
 .text.irq_is_in
                0x0000000008000830        0x8 /home/obrol/RIOT/practice/coremark_stm/bin/unwd-range-l1-r3/cortexm_common.a(irq_arch.o)
                0x0000000008000830                irq_is_in
 .text.stdio_init
                0x0000000008000838       0x18 /home/obrol/RIOT/practice/coremark_stm/bin/unwd-range-l1-r3/stdio_uart.a(stdio_uart.o)
                0x0000000008000838                stdio_init
 .text.stdio_read
                0x0000000008000850       0x10 /home/obrol/RIOT/practice/coremark_stm/bin/unwd-range-l1-r3/stdio_uart.a(stdio_uart.o)
                0x0000000008000850                stdio_read
 .text.stdio_write
                0x0000000008000860       0x14 /home/obrol/RIOT/practice/coremark_stm/bin/unwd-range-l1-r3/stdio_uart.a(stdio_uart.o)
                0x0000000008000860                stdio_write
 .text.pm_set   0x0000000008000874      0x29c /home/obrol/RIOT/practice/coremark_stm/bin/unwd-range-l1-r3/stm32_common_periph.a(pm.o)
                0x0000000008000874                pm_set
 .text.pm_off   0x0000000008000b10       0x14 /home/obrol/RIOT/practice/coremark_stm/bin/unwd-range-l1-r3/stm32_common_periph.a(pm.o)
                0x0000000008000b10                pm_off
 .text.uart_set_baudrate
                0x0000000008000b24       0x80 /home/obrol/RIOT/practice/coremark_stm/bin/unwd-range-l1-r3/stm32_common_periph.a(uart.o)
                0x0000000008000b24                uart_set_baudrate
 .text.uart_init
                0x0000000008000ba4       0xe8 /home/obrol/RIOT/practice/coremark_stm/bin/unwd-range-l1-r3/stm32_common_periph.a(uart.o)
                0x0000000008000ba4                uart_init
 .text.uart_write
                0x0000000008000c8c       0x4c /home/obrol/RIOT/practice/coremark_stm/bin/unwd-range-l1-r3/stm32_common_periph.a(uart.o)
                0x0000000008000c8c                uart_write
 .text.isr_usart1
                0x0000000008000cd8       0x44 /home/obrol/RIOT/practice/coremark_stm/bin/unwd-range-l1-r3/stm32_common_periph.a(uart.o)
                0x0000000008000cd8                isr_usart1
 .text.isr_usart2
                0x0000000008000d1c       0x44 /home/obrol/RIOT/practice/coremark_stm/bin/unwd-range-l1-r3/stm32_common_periph.a(uart.o)
                0x0000000008000d1c                isr_usart2
 .text.isr_usart3
                0x0000000008000d60       0x44 /home/obrol/RIOT/practice/coremark_stm/bin/unwd-range-l1-r3/stm32_common_periph.a(uart.o)
                0x0000000008000d60                isr_usart3
 .text.gpio_init
                0x0000000008000da4       0x84 /home/obrol/RIOT/practice/coremark_stm/bin/unwd-range-l1-r3/stm32_common_periph.a(gpio.o)
                0x0000000008000da4                gpio_init
 .text.gpio_init_af
                0x0000000008000e28       0x64 /home/obrol/RIOT/practice/coremark_stm/bin/unwd-range-l1-r3/stm32_common_periph.a(gpio.o)
                0x0000000008000e28                gpio_init_af
 .text.gpio_set
                0x0000000008000e8c       0x14 /home/obrol/RIOT/practice/coremark_stm/bin/unwd-range-l1-r3/stm32_common_periph.a(gpio.o)
                0x0000000008000e8c                gpio_set
 .text._next_period
                0x0000000008000ea0      0x104 /home/obrol/RIOT/practice/coremark_stm/bin/unwd-range-l1-r3/xtimer.a(xtimer_core.o)
 .text._periph_timer_callback
                0x0000000008000fa4      0x114 /home/obrol/RIOT/practice/coremark_stm/bin/unwd-range-l1-r3/xtimer.a(xtimer_core.o)
 .text.xtimer_init
                0x00000000080010b8       0x30 /home/obrol/RIOT/practice/coremark_stm/bin/unwd-range-l1-r3/xtimer.a(xtimer_core.o)
                0x00000000080010b8                xtimer_init
 .text.board_init
                0x00000000080010e8       0x18 /home/obrol/RIOT/practice/coremark_stm/bin/unwd-range-l1-r3/boards_common_unwd.a(board.o)
                0x00000000080010e8                board_init
 .text.panic_arch
                0x0000000008001100        0x4 /home/obrol/RIOT/practice/coremark_stm/bin/unwd-range-l1-r3/core.a(panic.o)
                0x0000000008001100                panic_arch
 .text.core_panic
                0x0000000008001104       0x48 /home/obrol/RIOT/practice/coremark_stm/bin/unwd-range-l1-r3/core.a(panic.o)
                0x0000000008001104                core_panic
 .text.main_trampoline
                0x000000000800114c       0x18 /home/obrol/RIOT/practice/coremark_stm/bin/unwd-range-l1-r3/core.a(kernel_init.o)
 .text.idle_thread
                0x0000000008001164        0x8 /home/obrol/RIOT/practice/coremark_stm/bin/unwd-range-l1-r3/core.a(kernel_init.o)
 .text.kernel_init
                0x000000000800116c       0x5c /home/obrol/RIOT/practice/coremark_stm/bin/unwd-range-l1-r3/core.a(kernel_init.o)
                0x000000000800116c                kernel_init
 .text.thread_add_to_list
                0x00000000080011c8       0x34 /home/obrol/RIOT/practice/coremark_stm/bin/unwd-range-l1-r3/core.a(thread.o)
                0x00000000080011c8                thread_add_to_list
 .text.thread_create
                0x00000000080011fc      0x100 /home/obrol/RIOT/practice/coremark_stm/bin/unwd-range-l1-r3/core.a(thread.o)
                0x00000000080011fc                thread_create
 .text.cpu_find_memory_size
                0x00000000080012fc       0x98 /home/obrol/RIOT/practice/coremark_stm/bin/unwd-range-l1-r3/cortexm_common.a(cortexm_init.o)
                0x00000000080012fc                cpu_find_memory_size
 .text.cpu_check_address
                0x0000000008001394       0x38 /home/obrol/RIOT/practice/coremark_stm/bin/unwd-range-l1-r3/cortexm_common.a(cortexm_init.o)
                0x0000000008001394                cpu_check_address
 .text.cortexm_init
                0x00000000080013cc       0x44 /home/obrol/RIOT/practice/coremark_stm/bin/unwd-range-l1-r3/cortexm_common.a(cortexm_init.o)
                0x00000000080013cc                cortexm_init
 .text.isrpipe_write_one
                0x0000000008001410       0x18 /home/obrol/RIOT/practice/coremark_stm/bin/unwd-range-l1-r3/isrpipe.a(isrpipe.o)
                0x0000000008001410                isrpipe_write_one
 .text.isrpipe_read
                0x0000000008001428       0x28 /home/obrol/RIOT/practice/coremark_stm/bin/unwd-range-l1-r3/isrpipe.a(isrpipe.o)
                0x0000000008001428                isrpipe_read
 .text.pm_set_lowest
                0x0000000008001450       0x54 /home/obrol/RIOT/practice/coremark_stm/bin/unwd-range-l1-r3/pm_layered.a(pm.o)
                0x0000000008001450                pm_set_lowest
 .text.cpu_init
                0x00000000080014a4       0x8c /home/obrol/RIOT/practice/coremark_stm/bin/unwd-range-l1-r3/stm32_common.a(cpu_init.o)
                0x00000000080014a4                cpu_init
 .text.utils_delay
                0x0000000008001530        0x8 /home/obrol/RIOT/practice/coremark_stm/bin/unwd-range-l1-r3/stm32_common.a(stmclk_l0l1.o)
 .text.stmclk_init_sysclk
                0x0000000008001538      0x20c /home/obrol/RIOT/practice/coremark_stm/bin/unwd-range-l1-r3/stm32_common.a(stmclk_l0l1.o)
                0x0000000008001538                stmclk_init_sysclk
 .text.periph_apb_clk
                0x0000000008001744        0xc /home/obrol/RIOT/practice/coremark_stm/bin/unwd-range-l1-r3/stm32_common.a(cpu_common.o)
                0x0000000008001744                periph_apb_clk
 .text.periph_timer_clk
                0x0000000008001750       0x18 /home/obrol/RIOT/practice/coremark_stm/bin/unwd-range-l1-r3/stm32_common.a(cpu_common.o)
                0x0000000008001750                periph_timer_clk
 .text.periph_clk_en
                0x0000000008001768       0x40 /home/obrol/RIOT/practice/coremark_stm/bin/unwd-range-l1-r3/stm32_common.a(cpu_common.o)
                0x0000000008001768                periph_clk_en
 .text.periph_clk_dis
                0x00000000080017a8       0x34 /home/obrol/RIOT/practice/coremark_stm/bin/unwd-range-l1-r3/stm32_common.a(cpu_common.o)
                0x00000000080017a8                periph_clk_dis
 .text.is_periph_clk
                0x00000000080017dc       0x40 /home/obrol/RIOT/practice/coremark_stm/bin/unwd-range-l1-r3/stm32_common.a(cpu_common.o)
                0x00000000080017dc                is_periph_clk
 .text.cpu_init_status
                0x000000000800181c       0x7c /home/obrol/RIOT/practice/coremark_stm/bin/unwd-range-l1-r3/stm32_common.a(stm_status.o)
                0x000000000800181c                cpu_init_status
 .text.timer_init
                0x0000000008001898       0x88 /home/obrol/RIOT/practice/coremark_stm/bin/unwd-range-l1-r3/stm32_common_periph.a(timer.o)
                0x0000000008001898                timer_init
 .text.timer_set_absolute
                0x0000000008001920       0x48 /home/obrol/RIOT/practice/coremark_stm/bin/unwd-range-l1-r3/stm32_common_periph.a(timer.o)
                0x0000000008001920                timer_set_absolute
 .text.timer_read
                0x0000000008001968       0x10 /home/obrol/RIOT/practice/coremark_stm/bin/unwd-range-l1-r3/stm32_common_periph.a(timer.o)
                0x0000000008001968                timer_read
 .text.isr_tim11
                0x0000000008001978       0x70 /home/obrol/RIOT/practice/coremark_stm/bin/unwd-range-l1-r3/stm32_common_periph.a(timer.o)
                0x0000000008001978                isr_tim11
 .text.isr_tim9
                0x00000000080019e8       0x70 /home/obrol/RIOT/practice/coremark_stm/bin/unwd-range-l1-r3/stm32_common_periph.a(timer.o)
                0x00000000080019e8                isr_tim9
 .text.tsrb_get
                0x0000000008001a58       0x3c /home/obrol/RIOT/practice/coremark_stm/bin/unwd-range-l1-r3/tsrb.a(tsrb.o)
                0x0000000008001a58                tsrb_get
 .text.tsrb_add_one
                0x0000000008001a94       0x28 /home/obrol/RIOT/practice/coremark_stm/bin/unwd-range-l1-r3/tsrb.a(tsrb.o)
                0x0000000008001a94                tsrb_add_one
 .text.periph_init
                0x0000000008001abc        0x4 /home/obrol/RIOT/practice/coremark_stm/bin/unwd-range-l1-r3/periph_common.a(init.o)
                0x0000000008001abc                periph_init
 .text.iterate  0x0000000008001ac0       0x48 /home/obrol/RIOT/practice/coremark_stm/bin/unwd-range-l1-r3/application_coremark_stm.a(core_main.o)
                0x0000000008001ac0                iterate
 .text.startup.main
                0x0000000008001b08      0x654 /home/obrol/RIOT/practice/coremark_stm/bin/unwd-range-l1-r3/application_coremark_stm.a(core_main.o)
                0x0000000008001b08                main
 .text.matrix_test
                0x000000000800215c      0x5f4 /home/obrol/RIOT/practice/coremark_stm/bin/unwd-range-l1-r3/application_coremark_stm.a(core_matrix.o)
                0x000000000800215c                matrix_test
 .text.core_bench_matrix
                0x0000000008002750       0x20 /home/obrol/RIOT/practice/coremark_stm/bin/unwd-range-l1-r3/application_coremark_stm.a(core_matrix.o)
                0x0000000008002750                core_bench_matrix
 .text.core_init_matrix
                0x0000000008002770       0xd8 /home/obrol/RIOT/practice/coremark_stm/bin/unwd-range-l1-r3/application_coremark_stm.a(core_matrix.o)
                0x0000000008002770                core_init_matrix
 .text.get_seed_32
                0x0000000008002848       0x48 /home/obrol/RIOT/practice/coremark_stm/bin/unwd-range-l1-r3/application_coremark_stm.a(core_util.o)
                0x0000000008002848                get_seed_32
 .text.crcu16   0x0000000008002890      0x13c /home/obrol/RIOT/practice/coremark_stm/bin/unwd-range-l1-r3/application_coremark_stm.a(core_util.o)
                0x0000000008002890                crcu16
 .text.crcu32   0x00000000080029cc      0x290 /home/obrol/RIOT/practice/coremark_stm/bin/unwd-range-l1-r3/application_coremark_stm.a(core_util.o)
                0x00000000080029cc                crcu32
 .text.crc16    0x0000000008002c5c      0x13c /home/obrol/RIOT/practice/coremark_stm/bin/unwd-range-l1-r3/application_coremark_stm.a(core_util.o)
                0x0000000008002c5c                crc16
 .text.check_data_types
                0x0000000008002d98        0x4 /home/obrol/RIOT/practice/coremark_stm/bin/unwd-range-l1-r3/application_coremark_stm.a(core_util.o)
                0x0000000008002d98                check_data_types
 .text.core_init_state
                0x0000000008002d9c      0x130 /home/obrol/RIOT/practice/coremark_stm/bin/unwd-range-l1-r3/application_coremark_stm.a(core_state.o)
                0x0000000008002d9c                core_init_state
 .text.core_state_transition
                0x0000000008002ecc      0x214 /home/obrol/RIOT/practice/coremark_stm/bin/unwd-range-l1-r3/application_coremark_stm.a(core_state.o)
                0x0000000008002ecc                core_state_transition
 .text.core_bench_state
                0x00000000080030e0      0x108 /home/obrol/RIOT/practice/coremark_stm/bin/unwd-range-l1-r3/application_coremark_stm.a(core_state.o)
                0x00000000080030e0                core_bench_state
 .text.cmp_complex
                0x00000000080031e8      0x118 /home/obrol/RIOT/practice/coremark_stm/bin/unwd-range-l1-r3/application_coremark_stm.a(core_list_join.o)
                0x00000000080031e8                cmp_complex
 .text.core_bench_list
                0x0000000008003300      0x37c /home/obrol/RIOT/practice/coremark_stm/bin/unwd-range-l1-r3/application_coremark_stm.a(core_list_join.o)
                0x0000000008003300                core_bench_list
 .text.core_list_init
                0x000000000800367c      0x1a4 /home/obrol/RIOT/practice/coremark_stm/bin/unwd-range-l1-r3/application_coremark_stm.a(core_list_join.o)
                0x000000000800367c                core_list_init
 .text.start_time
                0x0000000008003820       0x24 /home/obrol/RIOT/practice/coremark_stm/bin/unwd-range-l1-r3/application_coremark_stm.a(core_portme.o)
                0x0000000008003820                start_time
 .text.stop_time
                0x0000000008003844       0x24 /home/obrol/RIOT/practice/coremark_stm/bin/unwd-range-l1-r3/application_coremark_stm.a(core_portme.o)
                0x0000000008003844                stop_time
 .text.get_time
                0x0000000008003868       0x14 /home/obrol/RIOT/practice/coremark_stm/bin/unwd-range-l1-r3/application_coremark_stm.a(core_portme.o)
                0x0000000008003868                get_time
 *fill*         0x000000000800387c        0x4 
 .text.time_in_secs
                0x0000000008003880       0x20 /home/obrol/RIOT/practice/coremark_stm/bin/unwd-range-l1-r3/application_coremark_stm.a(core_portme.o)
                0x0000000008003880                time_in_secs
 .text.portable_init
                0x00000000080038a0        0x8 /home/obrol/RIOT/practice/coremark_stm/bin/unwd-range-l1-r3/application_coremark_stm.a(core_portme.o)
                0x00000000080038a0                portable_init
 .text.portable_fini
                0x00000000080038a8        0x8 /home/obrol/RIOT/practice/coremark_stm/bin/unwd-range-l1-r3/application_coremark_stm.a(core_portme.o)
                0x00000000080038a8                portable_fini
 .text.auto_init
                0x00000000080038b0        0x4 /home/obrol/RIOT/practice/coremark_stm/bin/unwd-range-l1-r3/auto_init.a(auto_init.o)
                0x00000000080038b0                auto_init
 .text._mutex_lock
                0x00000000080038b4       0x60 /home/obrol/RIOT/practice/coremark_stm/bin/unwd-range-l1-r3/core.a(mutex.o)
                0x00000000080038b4                _mutex_lock
 .text.mutex_unlock
                0x0000000008003914       0x4c /home/obrol/RIOT/practice/coremark_stm/bin/unwd-range-l1-r3/core.a(mutex.o)
                0x0000000008003914                mutex_unlock
 .text          0x0000000008003960      0x378 /opt/gcc-arm-none-eabi-10.3-2021.10/bin/../lib/gcc/arm-none-eabi/10.3.1/thumb/v7-m/nofp/libgcc.a(_arm_addsubdf3.o)
                0x0000000008003960                __aeabi_drsub
                0x0000000008003968                __aeabi_dsub
                0x0000000008003968                __subdf3
                0x000000000800396c                __adddf3
                0x000000000800396c                __aeabi_dadd
                0x0000000008003be4                __aeabi_ui2d
                0x0000000008003be4                __floatunsidf
                0x0000000008003c04                __floatsidf
                0x0000000008003c04                __aeabi_i2d
                0x0000000008003c28                __extendsfdf2
                0x0000000008003c28                __aeabi_f2d
                0x0000000008003c6c                __aeabi_ul2d
                0x0000000008003c6c                __floatundidf
                0x0000000008003c7c                __floatdidf
                0x0000000008003c7c                __aeabi_l2d
 .text          0x0000000008003cd8      0x424 /opt/gcc-arm-none-eabi-10.3-2021.10/bin/../lib/gcc/arm-none-eabi/10.3.1/thumb/v7-m/nofp/libgcc.a(_arm_muldivdf3.o)
                0x0000000008003cd8                __aeabi_dmul
                0x0000000008003cd8                __muldf3
                0x0000000008003f2c                __aeabi_ddiv
                0x0000000008003f2c                __divdf3
 .text          0x00000000080040fc      0x110 /opt/gcc-arm-none-eabi-10.3-2021.10/bin/../lib/gcc/arm-none-eabi/10.3.1/thumb/v7-m/nofp/libgcc.a(_arm_cmpdf2.o)
                0x00000000080040fc                __gtdf2
                0x00000000080040fc                __gedf2
                0x0000000008004104                __ltdf2
                0x0000000008004104                __ledf2
                0x000000000800410c                __cmpdf2
                0x000000000800410c                __eqdf2
                0x000000000800410c                __nedf2
                0x0000000008004188                __aeabi_cdrcmple
                0x0000000008004198                __aeabi_cdcmple
                0x0000000008004198                __aeabi_cdcmpeq
                0x00000000080041a8                __aeabi_dcmpeq
                0x00000000080041bc                __aeabi_dcmplt
                0x00000000080041d0                __aeabi_dcmple
                0x00000000080041e4                __aeabi_dcmpge
                0x00000000080041f8                __aeabi_dcmpgt
 .text          0x000000000800420c       0x40 /opt/gcc-arm-none-eabi-10.3-2021.10/bin/../lib/gcc/arm-none-eabi/10.3.1/thumb/v7-m/nofp/libgcc.a(_arm_fixunsdfsi.o)
                0x000000000800420c                __fixunsdfsi
                0x000000000800420c                __aeabi_d2uiz
 .text.__libc_init_array
                0x000000000800424c       0x48 /opt/gcc-arm-none-eabi-10.3-2021.10/bin/../lib/gcc/arm-none-eabi/10.3.1/../../../../arm-none-eabi/lib/thumb/v7-m/nofp/libc_nano.a(lib_a-init.o)
                0x000000000800424c                __libc_init_array
 .text.__cvt    0x0000000008004294       0xbe /opt/gcc-arm-none-eabi-10.3-2021.10/bin/../lib/gcc/arm-none-eabi/10.3.1/../../../../arm-none-eabi/lib/thumb/v7-m/nofp/libc_nano.a(lib_a-nano-vfprintf_float.o)
                0x0000000008004294                __cvt
 .text.__exponent
                0x0000000008004352       0x7c /opt/gcc-arm-none-eabi-10.3-2021.10/bin/../lib/gcc/arm-none-eabi/10.3.1/../../../../arm-none-eabi/lib/thumb/v7-m/nofp/libc_nano.a(lib_a-nano-vfprintf_float.o)
                0x0000000008004352                __exponent
 *fill*         0x00000000080043ce        0x2 
 .text._printf_float
                0x00000000080043d0      0x458 /opt/gcc-arm-none-eabi-10.3-2021.10/bin/../lib/gcc/arm-none-eabi/10.3.1/../../../../arm-none-eabi/lib/thumb/v7-m/nofp/libc_nano.a(lib_a-nano-vfprintf_float.o)
                0x00000000080043d0                _printf_float
 .text._printf_common
                0x0000000008004828       0xde /opt/gcc-arm-none-eabi-10.3-2021.10/bin/../lib/gcc/arm-none-eabi/10.3.1/../../../../arm-none-eabi/lib/thumb/v7-m/nofp/libc_nano.a(lib_a-nano-vfprintf_i.o)
                0x0000000008004828                _printf_common
 *fill*         0x0000000008004906        0x2 
 .text._printf_i
                0x0000000008004908      0x24c /opt/gcc-arm-none-eabi-10.3-2021.10/bin/../lib/gcc/arm-none-eabi/10.3.1/../../../../arm-none-eabi/lib/thumb/v7-m/nofp/libc_nano.a(lib_a-nano-vfprintf_i.o)
                0x0000000008004908                _printf_i
 .text.printf   0x0000000008004b54       0x30 /opt/gcc-arm-none-eabi-10.3-2021.10/bin/../lib/gcc/arm-none-eabi/10.3.1/../../../../arm-none-eabi/lib/thumb/v7-m/nofp/libc_nano.a(lib_a-printf.o)
                0x0000000008004b54                printf
                0x0000000008004b54                iprintf
 .text._puts_r  0x0000000008004b84       0xdc /opt/gcc-arm-none-eabi-10.3-2021.10/bin/../lib/gcc/arm-none-eabi/10.3.1/../../../../arm-none-eabi/lib/thumb/v7-m/nofp/libc_nano.a(lib_a-puts.o)
                0x0000000008004b84                _puts_r
 .text.puts     0x0000000008004c60       0x10 /opt/gcc-arm-none-eabi-10.3-2021.10/bin/../lib/gcc/arm-none-eabi/10.3.1/../../../../arm-none-eabi/lib/thumb/v7-m/nofp/libc_nano.a(lib_a-puts.o)
                0x0000000008004c60                puts
 .text          0x0000000008004c70       0x10 /opt/gcc-arm-none-eabi-10.3-2021.10/bin/../lib/gcc/arm-none-eabi/10.3.1/../../../../arm-none-eabi/lib/thumb/v7-m/nofp/libc_nano.a(lib_a-strlen.o)
                0x0000000008004c70                strlen
 .text.__swbuf_r
                0x0000000008004c80       0xa4 /opt/gcc-arm-none-eabi-10.3-2021.10/bin/../lib/gcc/arm-none-eabi/10.3.1/../../../../arm-none-eabi/lib/thumb/v7-m/nofp/libc_nano.a(lib_a-wbuf.o)
                0x0000000008004c80                __swbuf_r
 .text.__swsetup_r
                0x0000000008004d24       0xdc /opt/gcc-arm-none-eabi-10.3-2021.10/bin/../lib/gcc/arm-none-eabi/10.3.1/../../../../arm-none-eabi/lib/thumb/v7-m/nofp/libc_nano.a(lib_a-wsetup.o)
                0x0000000008004d24                __swsetup_r
 .text.quorem   0x0000000008004e00      0x118 /opt/gcc-arm-none-eabi-10.3-2021.10/bin/../lib/gcc/arm-none-eabi/10.3.1/../../../../arm-none-eabi/lib/thumb/v7-m/nofp/libc_nano.a(lib_a-dtoa.o)
 .text._dtoa_r  0x0000000008004f18      0xbdc /opt/gcc-arm-none-eabi-10.3-2021.10/bin/../lib/gcc/arm-none-eabi/10.3.1/../../../../arm-none-eabi/lib/thumb/v7-m/nofp/libc_nano.a(lib_a-dtoa.o)
                0x0000000008004f18                _dtoa_r
 .text.__sflush_r
                0x0000000008005af4      0x104 /opt/gcc-arm-none-eabi-10.3-2021.10/bin/../lib/gcc/arm-none-eabi/10.3.1/../../../../arm-none-eabi/lib/thumb/v7-m/nofp/libc_nano.a(lib_a-fflush.o)
                0x0000000008005af4                __sflush_r
 .text._fflush_r
                0x0000000008005bf8       0x78 /opt/gcc-arm-none-eabi-10.3-2021.10/bin/../lib/gcc/arm-none-eabi/10.3.1/../../../../arm-none-eabi/lib/thumb/v7-m/nofp/libc_nano.a(lib_a-fflush.o)
                0x0000000008005bf8                _fflush_r
 .text.std      0x0000000008005c70       0x48 /opt/gcc-arm-none-eabi-10.3-2021.10/bin/../lib/gcc/arm-none-eabi/10.3.1/../../../../arm-none-eabi/lib/thumb/v7-m/nofp/libc_nano.a(lib_a-findfp.o)
 .text._cleanup_r
                0x0000000008005cb8        0xc /opt/gcc-arm-none-eabi-10.3-2021.10/bin/../lib/gcc/arm-none-eabi/10.3.1/../../../../arm-none-eabi/lib/thumb/v7-m/nofp/libc_nano.a(lib_a-findfp.o)
                0x0000000008005cb8                _cleanup_r
 .text.__sfmoreglue
                0x0000000008005cc4       0x2c /opt/gcc-arm-none-eabi-10.3-2021.10/bin/../lib/gcc/arm-none-eabi/10.3.1/../../../../arm-none-eabi/lib/thumb/v7-m/nofp/libc_nano.a(lib_a-findfp.o)
                0x0000000008005cc4                __sfmoreglue
 .text.__sfp_lock_acquire
                0x0000000008005cf0        0xc /opt/gcc-arm-none-eabi-10.3-2021.10/bin/../lib/gcc/arm-none-eabi/10.3.1/../../../../arm-none-eabi/lib/thumb/v7-m/nofp/libc_nano.a(lib_a-findfp.o)
                0x0000000008005cf0                __sfp_lock_acquire
 .text.__sfp_lock_release
                0x0000000008005cfc        0xc /opt/gcc-arm-none-eabi-10.3-2021.10/bin/../lib/gcc/arm-none-eabi/10.3.1/../../../../arm-none-eabi/lib/thumb/v7-m/nofp/libc_nano.a(lib_a-findfp.o)
                0x0000000008005cfc                __sfp_lock_release
 .text.__sinit_lock_acquire
                0x0000000008005d08        0xc /opt/gcc-arm-none-eabi-10.3-2021.10/bin/../lib/gcc/arm-none-eabi/10.3.1/../../../../arm-none-eabi/lib/thumb/v7-m/nofp/libc_nano.a(lib_a-findfp.o)
                0x0000000008005d08                __sinit_lock_acquire
 .text.__sinit_lock_release
                0x0000000008005d14        0xc /opt/gcc-arm-none-eabi-10.3-2021.10/bin/../lib/gcc/arm-none-eabi/10.3.1/../../../../arm-none-eabi/lib/thumb/v7-m/nofp/libc_nano.a(lib_a-findfp.o)
                0x0000000008005d14                __sinit_lock_release
 .text.__sinit  0x0000000008005d20       0x70 /opt/gcc-arm-none-eabi-10.3-2021.10/bin/../lib/gcc/arm-none-eabi/10.3.1/../../../../arm-none-eabi/lib/thumb/v7-m/nofp/libc_nano.a(lib_a-findfp.o)
                0x0000000008005d20                __sinit
 .text.__sfp    0x0000000008005d90       0x8c /opt/gcc-arm-none-eabi-10.3-2021.10/bin/../lib/gcc/arm-none-eabi/10.3.1/../../../../arm-none-eabi/lib/thumb/v7-m/nofp/libc_nano.a(lib_a-findfp.o)
                0x0000000008005d90                __sfp
 .text._fwalk_reent
                0x0000000008005e1c       0x3e /opt/gcc-arm-none-eabi-10.3-2021.10/bin/../lib/gcc/arm-none-eabi/10.3.1/../../../../arm-none-eabi/lib/thumb/v7-m/nofp/libc_nano.a(lib_a-fwalk.o)
                0x0000000008005e1c                _fwalk_reent
 *fill*         0x0000000008005e5a        0x2 
 .text._localeconv_r
                0x0000000008005e5c        0x8 /opt/gcc-arm-none-eabi-10.3-2021.10/bin/../lib/gcc/arm-none-eabi/10.3.1/../../../../arm-none-eabi/lib/thumb/v7-m/nofp/libc_nano.a(lib_a-localeconv.o)
                0x0000000008005e5c                _localeconv_r
 .text.__retarget_lock_init_recursive
                0x0000000008005e64        0x2 /opt/gcc-arm-none-eabi-10.3-2021.10/bin/../lib/gcc/arm-none-eabi/10.3.1/../../../../arm-none-eabi/lib/thumb/v7-m/nofp/libc_nano.a(lib_a-lock.o)
                0x0000000008005e64                __retarget_lock_init_recursive
 .text.__retarget_lock_acquire_recursive
                0x0000000008005e66        0x2 /opt/gcc-arm-none-eabi-10.3-2021.10/bin/../lib/gcc/arm-none-eabi/10.3.1/../../../../arm-none-eabi/lib/thumb/v7-m/nofp/libc_nano.a(lib_a-lock.o)
                0x0000000008005e66                __retarget_lock_acquire_recursive
 .text.__retarget_lock_release_recursive
                0x0000000008005e68        0x2 /opt/gcc-arm-none-eabi-10.3-2021.10/bin/../lib/gcc/arm-none-eabi/10.3.1/../../../../arm-none-eabi/lib/thumb/v7-m/nofp/libc_nano.a(lib_a-lock.o)
                0x0000000008005e68                __retarget_lock_release_recursive
 .text.__swhatbuf_r
                0x0000000008005e6a       0x4a /opt/gcc-arm-none-eabi-10.3-2021.10/bin/../lib/gcc/arm-none-eabi/10.3.1/../../../../arm-none-eabi/lib/thumb/v7-m/nofp/libc_nano.a(lib_a-makebuf.o)
                0x0000000008005e6a                __swhatbuf_r
 .text.__smakebuf_r
                0x0000000008005eb4       0x80 /opt/gcc-arm-none-eabi-10.3-2021.10/bin/../lib/gcc/arm-none-eabi/10.3.1/../../../../arm-none-eabi/lib/thumb/v7-m/nofp/libc_nano.a(lib_a-makebuf.o)
                0x0000000008005eb4                __smakebuf_r
 .text.malloc   0x0000000008005f34       0x10 /opt/gcc-arm-none-eabi-10.3-2021.10/bin/../lib/gcc/arm-none-eabi/10.3.1/../../../../arm-none-eabi/lib/thumb/v7-m/nofp/libc_nano.a(lib_a-malloc.o)
                0x0000000008005f34                malloc
 .text.memchr   0x0000000008005f44       0x1c /opt/gcc-arm-none-eabi-10.3-2021.10/bin/../lib/gcc/arm-none-eabi/10.3.1/../../../../arm-none-eabi/lib/thumb/v7-m/nofp/libc_nano.a(lib_a-memchr-stub.o)
                0x0000000008005f44                memchr
 .text.memcpy   0x0000000008005f60       0x1c /opt/gcc-arm-none-eabi-10.3-2021.10/bin/../lib/gcc/arm-none-eabi/10.3.1/../../../../arm-none-eabi/lib/thumb/v7-m/nofp/libc_nano.a(lib_a-memcpy-stub.o)
                0x0000000008005f60                memcpy
 .text.memset   0x0000000008005f7c       0x10 /opt/gcc-arm-none-eabi-10.3-2021.10/bin/../lib/gcc/arm-none-eabi/10.3.1/../../../../arm-none-eabi/lib/thumb/v7-m/nofp/libc_nano.a(lib_a-memset.o)
                0x0000000008005f7c                memset
 .text._Balloc  0x0000000008005f8c       0x80 /opt/gcc-arm-none-eabi-10.3-2021.10/bin/../lib/gcc/arm-none-eabi/10.3.1/../../../../arm-none-eabi/lib/thumb/v7-m/nofp/libc_nano.a(lib_a-mprec.o)
                0x0000000008005f8c                _Balloc
 .text._Bfree   0x000000000800600c       0x44 /opt/gcc-arm-none-eabi-10.3-2021.10/bin/../lib/gcc/arm-none-eabi/10.3.1/../../../../arm-none-eabi/lib/thumb/v7-m/nofp/libc_nano.a(lib_a-mprec.o)
                0x000000000800600c                _Bfree
 .text.__multadd
                0x0000000008006050       0x8c /opt/gcc-arm-none-eabi-10.3-2021.10/bin/../lib/gcc/arm-none-eabi/10.3.1/../../../../arm-none-eabi/lib/thumb/v7-m/nofp/libc_nano.a(lib_a-mprec.o)
                0x0000000008006050                __multadd
 .text.__hi0bits
                0x00000000080060dc       0x40 /opt/gcc-arm-none-eabi-10.3-2021.10/bin/../lib/gcc/arm-none-eabi/10.3.1/../../../../arm-none-eabi/lib/thumb/v7-m/nofp/libc_nano.a(lib_a-mprec.o)
                0x00000000080060dc                __hi0bits
 .text.__lo0bits
                0x000000000800611c       0x5a /opt/gcc-arm-none-eabi-10.3-2021.10/bin/../lib/gcc/arm-none-eabi/10.3.1/../../../../arm-none-eabi/lib/thumb/v7-m/nofp/libc_nano.a(lib_a-mprec.o)
                0x000000000800611c                __lo0bits
 *fill*         0x0000000008006176        0x2 
 .text.__i2b    0x0000000008006178       0x2c /opt/gcc-arm-none-eabi-10.3-2021.10/bin/../lib/gcc/arm-none-eabi/10.3.1/../../../../arm-none-eabi/lib/thumb/v7-m/nofp/libc_nano.a(lib_a-mprec.o)
                0x0000000008006178                __i2b
 .text.__multiply
                0x00000000080061a4      0x150 /opt/gcc-arm-none-eabi-10.3-2021.10/bin/../lib/gcc/arm-none-eabi/10.3.1/../../../../arm-none-eabi/lib/thumb/v7-m/nofp/libc_nano.a(lib_a-mprec.o)
                0x00000000080061a4                __multiply
 .text.__pow5mult
                0x00000000080062f4       0xb4 /opt/gcc-arm-none-eabi-10.3-2021.10/bin/../lib/gcc/arm-none-eabi/10.3.1/../../../../arm-none-eabi/lib/thumb/v7-m/nofp/libc_nano.a(lib_a-mprec.o)
                0x00000000080062f4                __pow5mult
 .text.__lshift
                0x00000000080063a8       0xe0 /opt/gcc-arm-none-eabi-10.3-2021.10/bin/../lib/gcc/arm-none-eabi/10.3.1/../../../../arm-none-eabi/lib/thumb/v7-m/nofp/libc_nano.a(lib_a-mprec.o)
                0x00000000080063a8                __lshift
 .text.__mcmp   0x0000000008006488       0x36 /opt/gcc-arm-none-eabi-10.3-2021.10/bin/../lib/gcc/arm-none-eabi/10.3.1/../../../../arm-none-eabi/lib/thumb/v7-m/nofp/libc_nano.a(lib_a-mprec.o)
                0x0000000008006488                __mcmp
 *fill*         0x00000000080064be        0x2 
 .text.__mdiff  0x00000000080064c0      0x118 /opt/gcc-arm-none-eabi-10.3-2021.10/bin/../lib/gcc/arm-none-eabi/10.3.1/../../../../arm-none-eabi/lib/thumb/v7-m/nofp/libc_nano.a(lib_a-mprec.o)
                0x00000000080064c0                __mdiff
 .text.__d2b    0x00000000080065d8       0xb8 /opt/gcc-arm-none-eabi-10.3-2021.10/bin/../lib/gcc/arm-none-eabi/10.3.1/../../../../arm-none-eabi/lib/thumb/v7-m/nofp/libc_nano.a(lib_a-mprec.o)
                0x00000000080065d8                __d2b
 .text._calloc_r
                0x0000000008006690       0x28 /opt/gcc-arm-none-eabi-10.3-2021.10/bin/../lib/gcc/arm-none-eabi/10.3.1/../../../../arm-none-eabi/lib/thumb/v7-m/nofp/libc_nano.a(lib_a-nano-callocr.o)
                0x0000000008006690                _calloc_r
 .text._free_r  0x00000000080066b8       0x90 /opt/gcc-arm-none-eabi-10.3-2021.10/bin/../lib/gcc/arm-none-eabi/10.3.1/../../../../arm-none-eabi/lib/thumb/v7-m/nofp/libc_nano.a(lib_a-nano-freer.o)
                0x00000000080066b8                _free_r
 .text.sbrk_aligned
                0x0000000008006748       0x40 /opt/gcc-arm-none-eabi-10.3-2021.10/bin/../lib/gcc/arm-none-eabi/10.3.1/../../../../arm-none-eabi/lib/thumb/v7-m/nofp/libc_nano.a(lib_a-nano-mallocr.o)
 .text._malloc_r
                0x0000000008006788       0xe8 /opt/gcc-arm-none-eabi-10.3-2021.10/bin/../lib/gcc/arm-none-eabi/10.3.1/../../../../arm-none-eabi/lib/thumb/v7-m/nofp/libc_nano.a(lib_a-nano-mallocr.o)
                0x0000000008006788                _malloc_r
 .text.__sfputc_r
                0x0000000008006870       0x2a /opt/gcc-arm-none-eabi-10.3-2021.10/bin/../lib/gcc/arm-none-eabi/10.3.1/../../../../arm-none-eabi/lib/thumb/v7-m/nofp/libc_nano.a(lib_a-nano-vfprintf.o)
 .text.__sfputs_r
                0x000000000800689a       0x24 /opt/gcc-arm-none-eabi-10.3-2021.10/bin/../lib/gcc/arm-none-eabi/10.3.1/../../../../arm-none-eabi/lib/thumb/v7-m/nofp/libc_nano.a(lib_a-nano-vfprintf.o)
                0x000000000800689a                __sfputs_r
 *fill*         0x00000000080068be        0x2 
 .text._vfprintf_r
                0x00000000080068c0      0x260 /opt/gcc-arm-none-eabi-10.3-2021.10/bin/../lib/gcc/arm-none-eabi/10.3.1/../../../../arm-none-eabi/lib/thumb/v7-m/nofp/libc_nano.a(lib_a-nano-vfprintf.o)
                0x00000000080068c0                _vfiprintf_r
                0x00000000080068c0                _vfprintf_r
 .text.__sread  0x0000000008006b20       0x22 /opt/gcc-arm-none-eabi-10.3-2021.10/bin/../lib/gcc/arm-none-eabi/10.3.1/../../../../arm-none-eabi/lib/thumb/v7-m/nofp/libc_nano.a(lib_a-stdio.o)
                0x0000000008006b20                __sread
 .text.__swrite
                0x0000000008006b42       0x38 /opt/gcc-arm-none-eabi-10.3-2021.10/bin/../lib/gcc/arm-none-eabi/10.3.1/../../../../arm-none-eabi/lib/thumb/v7-m/nofp/libc_nano.a(lib_a-stdio.o)
                0x0000000008006b42                __swrite
 .text.__sseek  0x0000000008006b7a       0x24 /opt/gcc-arm-none-eabi-10.3-2021.10/bin/../lib/gcc/arm-none-eabi/10.3.1/../../../../arm-none-eabi/lib/thumb/v7-m/nofp/libc_nano.a(lib_a-stdio.o)
                0x0000000008006b7a                __sseek
 .text.__sclose
                0x0000000008006b9e        0x8 /opt/gcc-arm-none-eabi-10.3-2021.10/bin/../lib/gcc/arm-none-eabi/10.3.1/../../../../arm-none-eabi/lib/thumb/v7-m/nofp/libc_nano.a(lib_a-stdio.o)
                0x0000000008006b9e                __sclose
 *fill*         0x0000000008006ba6        0x2 
 .text.__assert_func
                0x0000000008006ba8       0x3c /opt/gcc-arm-none-eabi-10.3-2021.10/bin/../lib/gcc/arm-none-eabi/10.3.1/../../../../arm-none-eabi/lib/thumb/v7-m/nofp/libc_nano.a(lib_a-assert.o)
                0x0000000008006ba8                __assert_func
 .text.fprintf  0x0000000008006be4       0x24 /opt/gcc-arm-none-eabi-10.3-2021.10/bin/../lib/gcc/arm-none-eabi/10.3.1/../../../../arm-none-eabi/lib/thumb/v7-m/nofp/libc_nano.a(lib_a-fprintf.o)
                0x0000000008006be4                fprintf
                0x0000000008006be4                fiprintf
 .text.__ascii_mbtowc
                0x0000000008006c08       0x24 /opt/gcc-arm-none-eabi-10.3-2021.10/bin/../lib/gcc/arm-none-eabi/10.3.1/../../../../arm-none-eabi/lib/thumb/v7-m/nofp/libc_nano.a(lib_a-mbtowc_r.o)
                0x0000000008006c08                __ascii_mbtowc
 .text.__malloc_lock
                0x0000000008006c2c        0xc /opt/gcc-arm-none-eabi-10.3-2021.10/bin/../lib/gcc/arm-none-eabi/10.3.1/../../../../arm-none-eabi/lib/thumb/v7-m/nofp/libc_nano.a(lib_a-mlock.o)
                0x0000000008006c2c                __malloc_lock
 .text.__malloc_unlock
                0x0000000008006c38        0xc /opt/gcc-arm-none-eabi-10.3-2021.10/bin/../lib/gcc/arm-none-eabi/10.3.1/../../../../arm-none-eabi/lib/thumb/v7-m/nofp/libc_nano.a(lib_a-mlock.o)
                0x0000000008006c38                __malloc_unlock
 .text.__ascii_wctomb
                0x0000000008006c44       0x1a /opt/gcc-arm-none-eabi-10.3-2021.10/bin/../lib/gcc/arm-none-eabi/10.3.1/../../../../arm-none-eabi/lib/thumb/v7-m/nofp/libc_nano.a(lib_a-wctomb_r.o)
                0x0000000008006c44                __ascii_wctomb
 .text.abort    0x0000000008006c5e        0xe /opt/gcc-arm-none-eabi-10.3-2021.10/bin/../lib/gcc/arm-none-eabi/10.3.1/../../../../arm-none-eabi/lib/thumb/v7-m/nofp/libc_nano.a(lib_a-abort.o)
                0x0000000008006c5e                abort
 .text._raise_r
                0x0000000008006c6c       0x50 /opt/gcc-arm-none-eabi-10.3-2021.10/bin/../lib/gcc/arm-none-eabi/10.3.1/../../../../arm-none-eabi/lib/thumb/v7-m/nofp/libc_nano.a(lib_a-signal.o)
                0x0000000008006c6c                _raise_r
 .text.raise    0x0000000008006cbc       0x10 /opt/gcc-arm-none-eabi-10.3-2021.10/bin/../lib/gcc/arm-none-eabi/10.3.1/../../../../arm-none-eabi/lib/thumb/v7-m/nofp/libc_nano.a(lib_a-signal.o)
                0x0000000008006cbc                raise
 .text          0x0000000008006ccc       0x2c /opt/gcc-arm-none-eabi-10.3-2021.10/bin/../lib/gcc/arm-none-eabi/10.3.1/thumb/v7-m/nofp/libgcc.a(_arm_unorddf2.o)
                0x0000000008006ccc                __aeabi_dcmpun
                0x0000000008006ccc                __unorddf2
 .text          0x0000000008006cf8       0x50 /opt/gcc-arm-none-eabi-10.3-2021.10/bin/../lib/gcc/arm-none-eabi/10.3.1/thumb/v7-m/nofp/libgcc.a(_arm_fixdfsi.o)
                0x0000000008006cf8                __fixdfsi
                0x0000000008006cf8                __aeabi_d2iz
 *(.glue_7t)
 .glue_7t       0x0000000008006d48        0x0 linker stubs
 *(.glue_7)
 .glue_7        0x0000000008006d48        0x0 linker stubs
 *(.rodata .rodata* .gnu.linkonce.r.*)
 .rodata._exit.str1.4
                0x0000000008006d48       0x1a /home/obrol/RIOT/practice/coremark_stm/bin/unwd-range-l1-r3/newlib_syscalls_default/syscalls.o
 *fill*         0x0000000008006d62        0x2 
 .rodata.nmi_default.str1.4
                0x0000000008006d64        0xc /home/obrol/RIOT/practice/coremark_stm/bin/unwd-range-l1-r3/cortexm_common.a(vectors_cortexm.o)
 .rodata.mem_manage_default.str1.4
                0x0000000008006d70       0x13 /home/obrol/RIOT/practice/coremark_stm/bin/unwd-range-l1-r3/cortexm_common.a(vectors_cortexm.o)
 *fill*         0x0000000008006d83        0x1 
 .rodata.bus_fault_default.str1.4
                0x0000000008006d84       0x12 /home/obrol/RIOT/practice/coremark_stm/bin/unwd-range-l1-r3/cortexm_common.a(vectors_cortexm.o)
 *fill*         0x0000000008006d96        0x2 
 .rodata.usage_fault_default.str1.4
                0x0000000008006d98       0x14 /home/obrol/RIOT/practice/coremark_stm/bin/unwd-range-l1-r3/cortexm_common.a(vectors_cortexm.o)
 .rodata.debug_mon_default.str1.4
                0x0000000008006dac       0x12 /home/obrol/RIOT/practice/coremark_stm/bin/unwd-range-l1-r3/cortexm_common.a(vectors_cortexm.o)
 *fill*         0x0000000008006dbe        0x2 
 .rodata.dummy_handler_default.str1.4
                0x0000000008006dc0        0xe /home/obrol/RIOT/practice/coremark_stm/bin/unwd-range-l1-r3/cortexm_common.a(vectors_cortexm.o)
 *fill*         0x0000000008006dce        0x2 
 .rodata.hard_fault_handler.str1.4
                0x0000000008006dd0      0x20b /home/obrol/RIOT/practice/coremark_stm/bin/unwd-range-l1-r3/cortexm_common.a(vectors_cortexm.o)
 *fill*         0x0000000008006fdb        0x1 
 .rodata.uart_config
                0x0000000008006fdc       0x48 /home/obrol/RIOT/practice/coremark_stm/bin/unwd-range-l1-r3/stm32_common_periph.a(uart.o)
 .rodata.core_panic.str1.4
                0x0000000008007024       0x2e /home/obrol/RIOT/practice/coremark_stm/bin/unwd-range-l1-r3/core.a(panic.o)
 *fill*         0x0000000008007052        0x2 
 .rodata.assert_crash_message
                0x0000000008007054       0x12 /home/obrol/RIOT/practice/coremark_stm/bin/unwd-range-l1-r3/core.a(panic.o)
                0x0000000008007054                assert_crash_message
 *fill*         0x0000000008007066        0x2 
 .rodata.main_trampoline.str1.4
                0x0000000008007068       0x30 /home/obrol/RIOT/practice/coremark_stm/bin/unwd-range-l1-r3/core.a(kernel_init.o)
 .rodata.str1.4
                0x0000000008007098        0xd /home/obrol/RIOT/practice/coremark_stm/bin/unwd-range-l1-r3/core.a(kernel_init.o)
 *fill*         0x00000000080070a5        0x3 
 .rodata.apbmul
                0x00000000080070a8        0x2 /home/obrol/RIOT/practice/coremark_stm/bin/unwd-range-l1-r3/stm32_common.a(cpu_common.o)
 *fill*         0x00000000080070aa        0x2 
 .rodata.CSWTCH.1
                0x00000000080070ac       0x22 /home/obrol/RIOT/practice/coremark_stm/bin/unwd-range-l1-r3/stm32_common.a(stm_status.o)
 *fill*         0x00000000080070ce        0x2 
 .rodata.timer_config
                0x00000000080070d0       0x20 /home/obrol/RIOT/practice/coremark_stm/bin/unwd-range-l1-r3/stm32_common_periph.a(timer.o)
 .rodata.main.str1.4
                0x00000000080070f0      0x447 /home/obrol/RIOT/practice/coremark_stm/bin/unwd-range-l1-r3/application_coremark_stm.a(core_main.o)
                                        0x44b (size before relaxing)
 *fill*         0x0000000008007537        0x1 
 .rodata.str1.4
                0x0000000008007538       0xad /home/obrol/RIOT/practice/coremark_stm/bin/unwd-range-l1-r3/application_coremark_stm.a(core_state.o)
 *fill*         0x00000000080075e5        0x3 
 .rodata.errpat
                0x00000000080075e8       0x10 /home/obrol/RIOT/practice/coremark_stm/bin/unwd-range-l1-r3/application_coremark_stm.a(core_state.o)
 .rodata.floatpat
                0x00000000080075f8       0x10 /home/obrol/RIOT/practice/coremark_stm/bin/unwd-range-l1-r3/application_coremark_stm.a(core_state.o)
 .rodata.intpat
                0x0000000008007608       0x10 /home/obrol/RIOT/practice/coremark_stm/bin/unwd-range-l1-r3/application_coremark_stm.a(core_state.o)
 .rodata.scipat
                0x0000000008007618       0x10 /home/obrol/RIOT/practice/coremark_stm/bin/unwd-range-l1-r3/application_coremark_stm.a(core_state.o)
 .rodata._global_impure_ptr
                0x0000000008007628        0x4 /opt/gcc-arm-none-eabi-10.3-2021.10/bin/../lib/gcc/arm-none-eabi/10.3.1/../../../../arm-none-eabi/lib/thumb/v7-m/nofp/libc_nano.a(lib_a-impure.o)
                0x0000000008007628                _global_impure_ptr
 .rodata._printf_float.str1.1
                0x000000000800762c       0x12 /opt/gcc-arm-none-eabi-10.3-2021.10/bin/../lib/gcc/arm-none-eabi/10.3.1/../../../../arm-none-eabi/lib/thumb/v7-m/nofp/libc_nano.a(lib_a-nano-vfprintf_float.o)
 .rodata._printf_i.str1.1
                0x000000000800763e       0x22 /opt/gcc-arm-none-eabi-10.3-2021.10/bin/../lib/gcc/arm-none-eabi/10.3.1/../../../../arm-none-eabi/lib/thumb/v7-m/nofp/libc_nano.a(lib_a-nano-vfprintf_i.o)
 .rodata._dtoa_r.str1.1
                0x0000000008007660       0xb3 /opt/gcc-arm-none-eabi-10.3-2021.10/bin/../lib/gcc/arm-none-eabi/10.3.1/../../../../arm-none-eabi/lib/thumb/v7-m/nofp/libc_nano.a(lib_a-dtoa.o)
                                         0xb5 (size before relaxing)
 *fill*         0x0000000008007713        0x1 
 .rodata.__sf_fake_stderr
                0x0000000008007714       0x20 /opt/gcc-arm-none-eabi-10.3-2021.10/bin/../lib/gcc/arm-none-eabi/10.3.1/../../../../arm-none-eabi/lib/thumb/v7-m/nofp/libc_nano.a(lib_a-findfp.o)
                0x0000000008007714                __sf_fake_stderr
 .rodata.__sf_fake_stdin
                0x0000000008007734       0x20 /opt/gcc-arm-none-eabi-10.3-2021.10/bin/../lib/gcc/arm-none-eabi/10.3.1/../../../../arm-none-eabi/lib/thumb/v7-m/nofp/libc_nano.a(lib_a-findfp.o)
                0x0000000008007734                __sf_fake_stdin
 .rodata.__sf_fake_stdout
                0x0000000008007754       0x20 /opt/gcc-arm-none-eabi-10.3-2021.10/bin/../lib/gcc/arm-none-eabi/10.3.1/../../../../arm-none-eabi/lib/thumb/v7-m/nofp/libc_nano.a(lib_a-findfp.o)
                0x0000000008007754                __sf_fake_stdout
 .rodata._Balloc.str1.1
                0x0000000008007774       0x7f /opt/gcc-arm-none-eabi-10.3-2021.10/bin/../lib/gcc/arm-none-eabi/10.3.1/../../../../arm-none-eabi/lib/thumb/v7-m/nofp/libc_nano.a(lib_a-mprec.o)
                                         0x96 (size before relaxing)
 .rodata.__multadd.str1.1
                0x00000000080077f3       0x11 /opt/gcc-arm-none-eabi-10.3-2021.10/bin/../lib/gcc/arm-none-eabi/10.3.1/../../../../arm-none-eabi/lib/thumb/v7-m/nofp/libc_nano.a(lib_a-mprec.o)
 *fill*         0x00000000080077f3        0x5 
 .rodata.__mprec_bigtens
                0x00000000080077f8       0x28 /opt/gcc-arm-none-eabi-10.3-2021.10/bin/../lib/gcc/arm-none-eabi/10.3.1/../../../../arm-none-eabi/lib/thumb/v7-m/nofp/libc_nano.a(lib_a-mprec.o)
                0x00000000080077f8                __mprec_bigtens
 .rodata.__mprec_tens
                0x0000000008007820       0xc8 /opt/gcc-arm-none-eabi-10.3-2021.10/bin/../lib/gcc/arm-none-eabi/10.3.1/../../../../arm-none-eabi/lib/thumb/v7-m/nofp/libc_nano.a(lib_a-mprec.o)
                0x0000000008007820                __mprec_tens
 .rodata.p05.0  0x00000000080078e8        0xc /opt/gcc-arm-none-eabi-10.3-2021.10/bin/../lib/gcc/arm-none-eabi/10.3.1/../../../../arm-none-eabi/lib/thumb/v7-m/nofp/libc_nano.a(lib_a-mprec.o)
 .rodata._vfprintf_r.str1.1
                0x00000000080078f4       0x11 /opt/gcc-arm-none-eabi-10.3-2021.10/bin/../lib/gcc/arm-none-eabi/10.3.1/../../../../arm-none-eabi/lib/thumb/v7-m/nofp/libc_nano.a(lib_a-nano-vfprintf.o)
 .rodata.__assert_func.str1.1
                0x0000000008007905       0x3c /opt/gcc-arm-none-eabi-10.3-2021.10/bin/../lib/gcc/arm-none-eabi/10.3.1/../../../../arm-none-eabi/lib/thumb/v7-m/nofp/libc_nano.a(lib_a-assert.o)
                                         0x3d (size before relaxing)
 .rodata._setlocale_r.str1.1
                0x0000000008007941        0x8 /opt/gcc-arm-none-eabi-10.3-2021.10/bin/../lib/gcc/arm-none-eabi/10.3.1/../../../../arm-none-eabi/lib/thumb/v7-m/nofp/libc_nano.a(lib_a-locale.o)
                                          0x9 (size before relaxing)
 .rodata.str1.1
                0x0000000008007949        0x2 /opt/gcc-arm-none-eabi-10.3-2021.10/bin/../lib/gcc/arm-none-eabi/10.3.1/../../../../arm-none-eabi/lib/thumb/v7-m/nofp/libc_nano.a(lib_a-locale.o)
 .rodata._ctype_
                0x000000000800794b      0x101 /opt/gcc-arm-none-eabi-10.3-2021.10/bin/../lib/gcc/arm-none-eabi/10.3.1/../../../../arm-none-eabi/lib/thumb/v7-m/nofp/libc_nano.a(lib_a-ctype_.o)
                0x000000000800794b                _ctype_
 *(.ARM.extab* .gnu.linkonce.armextab.*)
                0x0000000008007a4c                . = ALIGN (0x4)
 *(.init)
                0x0000000008007a4c                . = ALIGN (0x4)
                0x0000000008007a4c                __preinit_array_start = .
 *(.preinit_array)
                0x0000000008007a4c                __preinit_array_end = .
                0x0000000008007a4c                . = ALIGN (0x4)
                0x0000000008007a4c                __init_array_start = .
 *(SORT_BY_NAME(.init_array.*))
 *(.init_array)
                0x0000000008007a4c                __init_array_end = .
                0x0000000008007a4c                . = ALIGN (0x4)
 *crtbegin.o(.ctors)
 *(EXCLUDE_FILE(*crtend.o) .ctors)
 *(SORT_BY_NAME(.ctors.*))
 *crtend.o(.ctors)
                0x0000000008007a4c                . = ALIGN (0x4)
 *(.fini)
                0x0000000008007a4c                . = ALIGN (0x4)
                0x0000000008007a4c                __fini_array_start = .
 *(.fini_array)
 *(SORT_BY_NAME(.fini_array.*))
                0x0000000008007a4c                __fini_array_end = .
 *crtbegin.o(.dtors)
 *(EXCLUDE_FILE(*crtend.o) .dtors)
 *(SORT_BY_NAME(.dtors.*))
 *crtend.o(.dtors)
                0x0000000008007a4c                . = ALIGN (0x4)
                0x0000000008007a4c                _efixed = .
                [!provide]                        PROVIDE (__exidx_start = .)

.vfp11_veneer   0x0000000008007a4c        0x0
 .vfp11_veneer  0x0000000008007a4c        0x0 linker stubs

.v4_bx          0x0000000008007a4c        0x0
 .v4_bx         0x0000000008007a4c        0x0 linker stubs

.iplt           0x0000000008007a4c        0x0
 .iplt          0x0000000008007a4c        0x0 /home/obrol/RIOT/practice/coremark_stm/bin/unwd-range-l1-r3/cpu/vectors.o

.igot.plt       0x0000000008007a4c        0x0
 .igot.plt      0x0000000008007a4c        0x0 /home/obrol/RIOT/practice/coremark_stm/bin/unwd-range-l1-r3/cpu/vectors.o

.rel.dyn        0x0000000008007a4c        0x0
 .rel.iplt      0x0000000008007a4c        0x0 /home/obrol/RIOT/practice/coremark_stm/bin/unwd-range-l1-r3/cpu/vectors.o

.ARM.exidx
 *(.ARM.exidx* .gnu.linkonce.armexidx.*)
                [!provide]                        PROVIDE (__exidx_end = .)
                0x0000000008007a4c                . = ALIGN (0x4)

.eh_frame
 *(.eh_frame)
                0x0000000008007a4c                . = ALIGN (0x4)
                0x0000000008007a4c                _etext = .

.stack          0x0000000020000000      0x200
 *(.puf)
                0x0000000020000000                . = ALIGN (0x8)
                0x0000000020000000                _sstack = .
 *(.isr_stack)
 .isr_stack     0x0000000020000000      0x200 /home/obrol/RIOT/practice/coremark_stm/bin/unwd-range-l1-r3/cortexm_common.a(vectors_cortexm.o)
                0x0000000020000000                isr_stack
                0x0000000020000200                . = ALIGN (0x8)
                0x0000000020000200                _estack = .

.relocate       0x0000000020000200      0x204 load address 0x0000000008007a4c
                0x0000000020000200                . = ALIGN (0x4)
                0x0000000020000200                _srelocate = .
 *(.ramfunc .ramfunc.*)
 *(.data .data.*)
 .data.heap_top
                0x0000000020000200        0x4 /home/obrol/RIOT/practice/coremark_stm/bin/unwd-range-l1-r3/newlib_syscalls_default/syscalls.o
                0x0000000020000200                heap_top
 .data.stdio_uart_isrpipe
                0x0000000020000204       0x14 /home/obrol/RIOT/practice/coremark_stm/bin/unwd-range-l1-r3/stdio_uart.a(stdio_uart.o)
                0x0000000020000204                stdio_uart_isrpipe
 .data.idle_name
                0x0000000020000218        0x4 /home/obrol/RIOT/practice/coremark_stm/bin/unwd-range-l1-r3/core.a(kernel_init.o)
                0x0000000020000218                idle_name
 .data.main_name
                0x000000002000021c        0x4 /home/obrol/RIOT/practice/coremark_stm/bin/unwd-range-l1-r3/core.a(kernel_init.o)
                0x000000002000021c                main_name
 .data.pm_blocker
                0x0000000020000220        0x4 /home/obrol/RIOT/practice/coremark_stm/bin/unwd-range-l1-r3/pm_layered.a(pm.o)
                0x0000000020000220                pm_blocker
 .data.default_num_contexts
                0x0000000020000224        0x4 /home/obrol/RIOT/practice/coremark_stm/bin/unwd-range-l1-r3/application_coremark_stm.a(core_portme.o)
                0x0000000020000224                default_num_contexts
 .data.seed3_volatile
                0x0000000020000228        0x4 /home/obrol/RIOT/practice/coremark_stm/bin/unwd-range-l1-r3/application_coremark_stm.a(core_portme.o)
                0x0000000020000228                seed3_volatile
 .data.seed4_volatile
                0x000000002000022c        0x4 /home/obrol/RIOT/practice/coremark_stm/bin/unwd-range-l1-r3/application_coremark_stm.a(core_portme.o)
                0x000000002000022c                seed4_volatile
 .data._impure_ptr
                0x0000000020000230        0x4 /opt/gcc-arm-none-eabi-10.3-2021.10/bin/../lib/gcc/arm-none-eabi/10.3.1/../../../../arm-none-eabi/lib/thumb/v7-m/nofp/libc_nano.a(lib_a-impure.o)
                0x0000000020000230                _impure_ptr
 .data.impure_data
                0x0000000020000234       0x60 /opt/gcc-arm-none-eabi-10.3-2021.10/bin/../lib/gcc/arm-none-eabi/10.3.1/../../../../arm-none-eabi/lib/thumb/v7-m/nofp/libc_nano.a(lib_a-impure.o)
 .data.__global_locale
                0x0000000020000294      0x16c /opt/gcc-arm-none-eabi-10.3-2021.10/bin/../lib/gcc/arm-none-eabi/10.3.1/../../../../arm-none-eabi/lib/thumb/v7-m/nofp/libc_nano.a(lib_a-locale.o)
                0x0000000020000294                __global_locale
 *(.openocd .openocd.*)
 .openocd       0x0000000020000400        0x2 /home/obrol/RIOT/practice/coremark_stm/bin/unwd-range-l1-r3/core.a(sched.o)
                0x0000000020000400                _tcb_name_offset
                0x0000000020000401                max_threads
                0x0000000020000404                . = ALIGN (0x4)
 *fill*         0x0000000020000402        0x2 
                0x0000000020000404                _erelocate = .

.noinit         0x0000000020000404        0x0 load address 0x0000000008007c50
                0x0000000020000404                __noinit_start = .
 *(.noinit)
                0x0000000020000404                . = ALIGN (0x4)
                0x0000000020000404                __noinit_end = .

.bss            0x0000000020000404      0xf18 load address 0x0000000008007c50
                0x0000000020000404                . = ALIGN (0x4)
                0x0000000020000404                _sbss = .
                0x0000000020000404                _szero = .
 *(.bss .bss.*)
 .bss.runqueue_bitcache
                0x0000000020000404        0x4 /home/obrol/RIOT/practice/coremark_stm/bin/unwd-range-l1-r3/core.a(sched.o)
 .bss.sched_active_pid
                0x0000000020000408        0x2 /home/obrol/RIOT/practice/coremark_stm/bin/unwd-range-l1-r3/core.a(sched.o)
                0x0000000020000408                sched_active_pid
 *fill*         0x000000002000040a        0x2 
 .bss.sched_active_thread
                0x000000002000040c        0x4 /home/obrol/RIOT/practice/coremark_stm/bin/unwd-range-l1-r3/core.a(sched.o)
                0x000000002000040c                sched_active_thread
 .bss.sched_context_switch_request
                0x0000000020000410        0x4 /home/obrol/RIOT/practice/coremark_stm/bin/unwd-range-l1-r3/core.a(sched.o)
                0x0000000020000410                sched_context_switch_request
 .bss.sched_num_threads
                0x0000000020000414        0x4 /home/obrol/RIOT/practice/coremark_stm/bin/unwd-range-l1-r3/core.a(sched.o)
                0x0000000020000414                sched_num_threads
 .bss.sched_runqueues
                0x0000000020000418       0x40 /home/obrol/RIOT/practice/coremark_stm/bin/unwd-range-l1-r3/core.a(sched.o)
                0x0000000020000418                sched_runqueues
 .bss.sched_threads
                0x0000000020000458       0x84 /home/obrol/RIOT/practice/coremark_stm/bin/unwd-range-l1-r3/core.a(sched.o)
                0x0000000020000458                sched_threads
 .bss._rx_buf_mem
                0x00000000200004dc       0x40 /home/obrol/RIOT/practice/coremark_stm/bin/unwd-range-l1-r3/stdio_uart.a(stdio_uart.o)
 .bss.lpm_gpio_brr
                0x000000002000051c       0x10 /home/obrol/RIOT/practice/coremark_stm/bin/unwd-range-l1-r3/stm32_common_periph.a(pm.o)
 .bss.lpm_gpio_moder
                0x000000002000052c       0x20 /home/obrol/RIOT/practice/coremark_stm/bin/unwd-range-l1-r3/stm32_common_periph.a(pm.o)
 .bss.lpm_gpio_otyper
                0x000000002000054c       0x10 /home/obrol/RIOT/practice/coremark_stm/bin/unwd-range-l1-r3/stm32_common_periph.a(pm.o)
 .bss.lpm_gpio_pupdr
                0x000000002000055c       0x20 /home/obrol/RIOT/practice/coremark_stm/bin/unwd-range-l1-r3/stm32_common_periph.a(pm.o)
 .bss.lpm_usart
                0x000000002000057c        0x3 /home/obrol/RIOT/practice/coremark_stm/bin/unwd-range-l1-r3/stm32_common_periph.a(pm.o)
 .bss.powermode
                0x000000002000057f        0x1 /home/obrol/RIOT/practice/coremark_stm/bin/unwd-range-l1-r3/stm32_common_periph.a(pm.o)
 .bss.isr_ctx   0x0000000020000580       0x24 /home/obrol/RIOT/practice/coremark_stm/bin/unwd-range-l1-r3/stm32_common_periph.a(uart.o)
 .bss._in_handler
                0x00000000200005a4        0x4 /home/obrol/RIOT/practice/coremark_stm/bin/unwd-range-l1-r3/xtimer.a(xtimer_core.o)
 .bss._long_cnt
                0x00000000200005a8        0x4 /home/obrol/RIOT/practice/coremark_stm/bin/unwd-range-l1-r3/xtimer.a(xtimer_core.o)
 .bss._xtimer_high_cnt
                0x00000000200005ac        0x4 /home/obrol/RIOT/practice/coremark_stm/bin/unwd-range-l1-r3/xtimer.a(xtimer_core.o)
                0x00000000200005ac                _xtimer_high_cnt
 .bss.long_list_head
                0x00000000200005b0        0x4 /home/obrol/RIOT/practice/coremark_stm/bin/unwd-range-l1-r3/xtimer.a(xtimer_core.o)
 .bss.overflow_list_head
                0x00000000200005b4        0x4 /home/obrol/RIOT/practice/coremark_stm/bin/unwd-range-l1-r3/xtimer.a(xtimer_core.o)
 .bss.timer_list_head
                0x00000000200005b8        0x4 /home/obrol/RIOT/practice/coremark_stm/bin/unwd-range-l1-r3/xtimer.a(xtimer_core.o)
 .bss.crashed   0x00000000200005bc        0x4 /home/obrol/RIOT/practice/coremark_stm/bin/unwd-range-l1-r3/core.a(panic.o)
 .bss.idle_stack
                0x00000000200005c0      0x100 /home/obrol/RIOT/practice/coremark_stm/bin/unwd-range-l1-r3/core.a(kernel_init.o)
 .bss.main_stack
                0x00000000200006c0      0xc00 /home/obrol/RIOT/practice/coremark_stm/bin/unwd-range-l1-r3/core.a(kernel_init.o)
 .bss.clock_source_rdy
                0x00000000200012c0        0x4 /home/obrol/RIOT/practice/coremark_stm/bin/unwd-range-l1-r3/stm32_common.a(stmclk_l0l1.o)
 .bss.cpu_status
                0x00000000200012c4       0x28 /home/obrol/RIOT/practice/coremark_stm/bin/unwd-range-l1-r3/stm32_common.a(stm_status.o)
                0x00000000200012c4                cpu_status
 .bss.isr_ctx   0x00000000200012ec       0x10 /home/obrol/RIOT/practice/coremark_stm/bin/unwd-range-l1-r3/stm32_common_periph.a(timer.o)
 .bss.seed1_volatile
                0x00000000200012fc        0x4 /home/obrol/RIOT/practice/coremark_stm/bin/unwd-range-l1-r3/application_coremark_stm.a(core_portme.o)
                0x00000000200012fc                seed1_volatile
 .bss.seed2_volatile
                0x0000000020001300        0x4 /home/obrol/RIOT/practice/coremark_stm/bin/unwd-range-l1-r3/application_coremark_stm.a(core_portme.o)
                0x0000000020001300                seed2_volatile
 .bss.seed5_volatile
                0x0000000020001304        0x4 /home/obrol/RIOT/practice/coremark_stm/bin/unwd-range-l1-r3/application_coremark_stm.a(core_portme.o)
                0x0000000020001304                seed5_volatile
 .bss.start_time_val
                0x0000000020001308        0x4 /home/obrol/RIOT/practice/coremark_stm/bin/unwd-range-l1-r3/application_coremark_stm.a(core_portme.o)
 .bss.stop_time_val
                0x000000002000130c        0x4 /home/obrol/RIOT/practice/coremark_stm/bin/unwd-range-l1-r3/application_coremark_stm.a(core_portme.o)
 .bss.__lock___malloc_recursive_mutex
                0x0000000020001310        0x1 /opt/gcc-arm-none-eabi-10.3-2021.10/bin/../lib/gcc/arm-none-eabi/10.3.1/../../../../arm-none-eabi/lib/thumb/v7-m/nofp/libc_nano.a(lib_a-lock.o)
                0x0000000020001310                __lock___malloc_recursive_mutex
 .bss.__lock___sfp_recursive_mutex
                0x0000000020001311        0x1 /opt/gcc-arm-none-eabi-10.3-2021.10/bin/../lib/gcc/arm-none-eabi/10.3.1/../../../../arm-none-eabi/lib/thumb/v7-m/nofp/libc_nano.a(lib_a-lock.o)
                0x0000000020001311                __lock___sfp_recursive_mutex
 .bss.__lock___sinit_recursive_mutex
                0x0000000020001312        0x1 /opt/gcc-arm-none-eabi-10.3-2021.10/bin/../lib/gcc/arm-none-eabi/10.3.1/../../../../arm-none-eabi/lib/thumb/v7-m/nofp/libc_nano.a(lib_a-lock.o)
                0x0000000020001312                __lock___sinit_recursive_mutex
 *fill*         0x0000000020001313        0x1 
 .bss.__malloc_free_list
                0x0000000020001314        0x4 /opt/gcc-arm-none-eabi-10.3-2021.10/bin/../lib/gcc/arm-none-eabi/10.3.1/../../../../arm-none-eabi/lib/thumb/v7-m/nofp/libc_nano.a(lib_a-nano-mallocr.o)
                0x0000000020001314                __malloc_free_list
 .bss.__malloc_sbrk_start
                0x0000000020001318        0x4 /opt/gcc-arm-none-eabi-10.3-2021.10/bin/../lib/gcc/arm-none-eabi/10.3.1/../../../../arm-none-eabi/lib/thumb/v7-m/nofp/libc_nano.a(lib_a-nano-mallocr.o)
                0x0000000020001318                __malloc_sbrk_start
 *(COMMON)
                0x000000002000131c                . = ALIGN (0x4)
                0x000000002000131c                _ebss = .
                0x000000002000131c                _ezero = .
                0x000000002000131c                . = ALIGN (0x4)
                0x000000002000131c                _sheap = .
                0x0000000020014000                _eheap = (ORIGIN (ram) + LENGTH (ram))
                0x0000000020000000                _sram = ORIGIN (ram)
                0x0000000020014000                _eram = (ORIGIN (ram) + LENGTH (ram))
OUTPUT(/home/obrol/RIOT/practice/coremark_stm/bin/unwd-range-l1-r3/coremark_stm.elf elf32-littlearm)
LOAD linker stubs

.debug_info     0x0000000000000000    0x1bb1e
 .debug_info    0x0000000000000000       0xdb /home/obrol/RIOT/practice/coremark_stm/bin/unwd-range-l1-r3/cpu/vectors.o
 .debug_info    0x00000000000000db     0x1fbd /home/obrol/RIOT/practice/coremark_stm/bin/unwd-range-l1-r3/newlib_syscalls_default/syscalls.o
 .debug_info    0x0000000000002098      0x70f /home/obrol/RIOT/practice/coremark_stm/bin/unwd-range-l1-r3/core.a(sched.o)
 .debug_info    0x00000000000027a7      0x7e5 /home/obrol/RIOT/practice/coremark_stm/bin/unwd-range-l1-r3/cortexm_common.a(thread_arch.o)
 .debug_info    0x0000000000002f8c      0xa4c /home/obrol/RIOT/practice/coremark_stm/bin/unwd-range-l1-r3/cortexm_common.a(vectors_cortexm.o)
 .debug_info    0x00000000000039d8      0x23f /home/obrol/RIOT/practice/coremark_stm/bin/unwd-range-l1-r3/cortexm_common.a(irq_arch.o)
 .debug_info    0x0000000000003c17      0xfb1 /home/obrol/RIOT/practice/coremark_stm/bin/unwd-range-l1-r3/stdio_uart.a(stdio_uart.o)
 .debug_info    0x0000000000004bc8     0x1749 /home/obrol/RIOT/practice/coremark_stm/bin/unwd-range-l1-r3/stm32_common_periph.a(pm.o)
 .debug_info    0x0000000000006311     0x1ac4 /home/obrol/RIOT/practice/coremark_stm/bin/unwd-range-l1-r3/stm32_common_periph.a(uart.o)
 .debug_info    0x0000000000007dd5     0x18f9 /home/obrol/RIOT/practice/coremark_stm/bin/unwd-range-l1-r3/stm32_common_periph.a(gpio.o)
 .debug_info    0x00000000000096ce     0x22ab /home/obrol/RIOT/practice/coremark_stm/bin/unwd-range-l1-r3/xtimer.a(xtimer_core.o)
 .debug_info    0x000000000000b979      0xdff /home/obrol/RIOT/practice/coremark_stm/bin/unwd-range-l1-r3/boards_common_unwd.a(board.o)
 .debug_info    0x000000000000c778      0x2a6 /home/obrol/RIOT/practice/coremark_stm/bin/unwd-range-l1-r3/core.a(panic.o)
 .debug_info    0x000000000000ca1e      0x2b5 /home/obrol/RIOT/practice/coremark_stm/bin/unwd-range-l1-r3/core.a(kernel_init.o)
 .debug_info    0x000000000000ccd3      0xb9a /home/obrol/RIOT/practice/coremark_stm/bin/unwd-range-l1-r3/core.a(thread.o)
 .debug_info    0x000000000000d86d      0x9f8 /home/obrol/RIOT/practice/coremark_stm/bin/unwd-range-l1-r3/cortexm_common.a(cortexm_init.o)
 .debug_info    0x000000000000e265     0x15ca /home/obrol/RIOT/practice/coremark_stm/bin/unwd-range-l1-r3/isrpipe.a(isrpipe.o)
 .debug_info    0x000000000000f82f      0x2b3 /home/obrol/RIOT/practice/coremark_stm/bin/unwd-range-l1-r3/pm_layered.a(pm.o)
 .debug_info    0x000000000000fae2     0x1057 /home/obrol/RIOT/practice/coremark_stm/bin/unwd-range-l1-r3/stm32_common.a(cpu_init.o)
 .debug_info    0x0000000000010b39     0x11c3 /home/obrol/RIOT/practice/coremark_stm/bin/unwd-range-l1-r3/stm32_common.a(stmclk_l0l1.o)
 .debug_info    0x0000000000011cfc     0x115d /home/obrol/RIOT/practice/coremark_stm/bin/unwd-range-l1-r3/stm32_common.a(cpu_common.o)
 .debug_info    0x0000000000012e59     0x1099 /home/obrol/RIOT/practice/coremark_stm/bin/unwd-range-l1-r3/stm32_common.a(stm_status.o)
 .debug_info    0x0000000000013ef2     0x1a60 /home/obrol/RIOT/practice/coremark_stm/bin/unwd-range-l1-r3/stm32_common_periph.a(timer.o)
 .debug_info    0x0000000000015952      0x43d /home/obrol/RIOT/practice/coremark_stm/bin/unwd-range-l1-r3/tsrb.a(tsrb.o)
 .debug_info    0x0000000000015d8f       0x3c /home/obrol/RIOT/practice/coremark_stm/bin/unwd-range-l1-r3/periph_common.a(init.o)
 .debug_info    0x0000000000015dcb      0xbbe /home/obrol/RIOT/practice/coremark_stm/bin/unwd-range-l1-r3/application_coremark_stm.a(core_main.o)
 .debug_info    0x0000000000016989      0xcfd /home/obrol/RIOT/practice/coremark_stm/bin/unwd-range-l1-r3/application_coremark_stm.a(core_matrix.o)
 .debug_info    0x0000000000017686      0x6bd /home/obrol/RIOT/practice/coremark_stm/bin/unwd-range-l1-r3/application_coremark_stm.a(core_util.o)
 .debug_info    0x0000000000017d43      0x54d /home/obrol/RIOT/practice/coremark_stm/bin/unwd-range-l1-r3/application_coremark_stm.a(core_state.o)
 .debug_info    0x0000000000018290     0x12d9 /home/obrol/RIOT/practice/coremark_stm/bin/unwd-range-l1-r3/application_coremark_stm.a(core_list_join.o)
 .debug_info    0x0000000000019569     0x1110 /home/obrol/RIOT/practice/coremark_stm/bin/unwd-range-l1-r3/application_coremark_stm.a(core_portme.o)
 .debug_info    0x000000000001a679      0xd86 /home/obrol/RIOT/practice/coremark_stm/bin/unwd-range-l1-r3/auto_init.a(auto_init.o)
 .debug_info    0x000000000001b3ff      0x71f /home/obrol/RIOT/practice/coremark_stm/bin/unwd-range-l1-r3/core.a(mutex.o)

.debug_abbrev   0x0000000000000000     0x5210
 .debug_abbrev  0x0000000000000000       0xb5 /home/obrol/RIOT/practice/coremark_stm/bin/unwd-range-l1-r3/cpu/vectors.o
 .debug_abbrev  0x00000000000000b5      0x470 /home/obrol/RIOT/practice/coremark_stm/bin/unwd-range-l1-r3/newlib_syscalls_default/syscalls.o
 .debug_abbrev  0x0000000000000525      0x2e0 /home/obrol/RIOT/practice/coremark_stm/bin/unwd-range-l1-r3/core.a(sched.o)
 .debug_abbrev  0x0000000000000805      0x31e /home/obrol/RIOT/practice/coremark_stm/bin/unwd-range-l1-r3/cortexm_common.a(thread_arch.o)
 .debug_abbrev  0x0000000000000b23      0x34d /home/obrol/RIOT/practice/coremark_stm/bin/unwd-range-l1-r3/cortexm_common.a(vectors_cortexm.o)
 .debug_abbrev  0x0000000000000e70      0x172 /home/obrol/RIOT/practice/coremark_stm/bin/unwd-range-l1-r3/cortexm_common.a(irq_arch.o)
 .debug_abbrev  0x0000000000000fe2      0x212 /home/obrol/RIOT/practice/coremark_stm/bin/unwd-range-l1-r3/stdio_uart.a(stdio_uart.o)
 .debug_abbrev  0x00000000000011f4      0x367 /home/obrol/RIOT/practice/coremark_stm/bin/unwd-range-l1-r3/stm32_common_periph.a(pm.o)
 .debug_abbrev  0x000000000000155b      0x45e /home/obrol/RIOT/practice/coremark_stm/bin/unwd-range-l1-r3/stm32_common_periph.a(uart.o)
 .debug_abbrev  0x00000000000019b9      0x38a /home/obrol/RIOT/practice/coremark_stm/bin/unwd-range-l1-r3/stm32_common_periph.a(gpio.o)
 .debug_abbrev  0x0000000000001d43      0x566 /home/obrol/RIOT/practice/coremark_stm/bin/unwd-range-l1-r3/xtimer.a(xtimer_core.o)
 .debug_abbrev  0x00000000000022a9      0x17b /home/obrol/RIOT/practice/coremark_stm/bin/unwd-range-l1-r3/boards_common_unwd.a(board.o)
 .debug_abbrev  0x0000000000002424      0x183 /home/obrol/RIOT/practice/coremark_stm/bin/unwd-range-l1-r3/core.a(panic.o)
 .debug_abbrev  0x00000000000025a7      0x144 /home/obrol/RIOT/practice/coremark_stm/bin/unwd-range-l1-r3/core.a(kernel_init.o)
 .debug_abbrev  0x00000000000026eb      0x348 /home/obrol/RIOT/practice/coremark_stm/bin/unwd-range-l1-r3/core.a(thread.o)
 .debug_abbrev  0x0000000000002a33      0x311 /home/obrol/RIOT/practice/coremark_stm/bin/unwd-range-l1-r3/cortexm_common.a(cortexm_init.o)
 .debug_abbrev  0x0000000000002d44      0x372 /home/obrol/RIOT/practice/coremark_stm/bin/unwd-range-l1-r3/isrpipe.a(isrpipe.o)
 .debug_abbrev  0x00000000000030b6      0x12a /home/obrol/RIOT/practice/coremark_stm/bin/unwd-range-l1-r3/pm_layered.a(pm.o)
 .debug_abbrev  0x00000000000031e0      0x1cc /home/obrol/RIOT/practice/coremark_stm/bin/unwd-range-l1-r3/stm32_common.a(cpu_init.o)
 .debug_abbrev  0x00000000000033ac      0x212 /home/obrol/RIOT/practice/coremark_stm/bin/unwd-range-l1-r3/stm32_common.a(stmclk_l0l1.o)
 .debug_abbrev  0x00000000000035be      0x27d /home/obrol/RIOT/practice/coremark_stm/bin/unwd-range-l1-r3/stm32_common.a(cpu_common.o)
 .debug_abbrev  0x000000000000383b      0x20e /home/obrol/RIOT/practice/coremark_stm/bin/unwd-range-l1-r3/stm32_common.a(stm_status.o)
 .debug_abbrev  0x0000000000003a49      0x42c /home/obrol/RIOT/practice/coremark_stm/bin/unwd-range-l1-r3/stm32_common_periph.a(timer.o)
 .debug_abbrev  0x0000000000003e75      0x18b /home/obrol/RIOT/practice/coremark_stm/bin/unwd-range-l1-r3/tsrb.a(tsrb.o)
 .debug_abbrev  0x0000000000004000       0x31 /home/obrol/RIOT/practice/coremark_stm/bin/unwd-range-l1-r3/periph_common.a(init.o)
 .debug_abbrev  0x0000000000004031      0x20e /home/obrol/RIOT/practice/coremark_stm/bin/unwd-range-l1-r3/application_coremark_stm.a(core_main.o)
 .debug_abbrev  0x000000000000423f      0x228 /home/obrol/RIOT/practice/coremark_stm/bin/unwd-range-l1-r3/application_coremark_stm.a(core_matrix.o)
 .debug_abbrev  0x0000000000004467      0x1ad /home/obrol/RIOT/practice/coremark_stm/bin/unwd-range-l1-r3/application_coremark_stm.a(core_util.o)
 .debug_abbrev  0x0000000000004614      0x220 /home/obrol/RIOT/practice/coremark_stm/bin/unwd-range-l1-r3/application_coremark_stm.a(core_state.o)
 .debug_abbrev  0x0000000000004834      0x34b /home/obrol/RIOT/practice/coremark_stm/bin/unwd-range-l1-r3/application_coremark_stm.a(core_list_join.o)
 .debug_abbrev  0x0000000000004b7f      0x2b8 /home/obrol/RIOT/practice/coremark_stm/bin/unwd-range-l1-r3/application_coremark_stm.a(core_portme.o)
 .debug_abbrev  0x0000000000004e37      0x16f /home/obrol/RIOT/practice/coremark_stm/bin/unwd-range-l1-r3/auto_init.a(auto_init.o)
 .debug_abbrev  0x0000000000004fa6      0x26a /home/obrol/RIOT/practice/coremark_stm/bin/unwd-range-l1-r3/core.a(mutex.o)

.debug_aranges  0x0000000000000000      0x8c8
 .debug_aranges
                0x0000000000000000       0x20 /home/obrol/RIOT/practice/coremark_stm/bin/unwd-range-l1-r3/cpu/vectors.o
 .debug_aranges
                0x0000000000000020       0xb8 /home/obrol/RIOT/practice/coremark_stm/bin/unwd-range-l1-r3/newlib_syscalls_default/syscalls.o
 .debug_aranges
                0x00000000000000d8       0x38 /home/obrol/RIOT/practice/coremark_stm/bin/unwd-range-l1-r3/core.a(sched.o)
 .debug_aranges
                0x0000000000000110       0x60 /home/obrol/RIOT/practice/coremark_stm/bin/unwd-range-l1-r3/cortexm_common.a(thread_arch.o)
 .debug_aranges
                0x0000000000000170       0x68 /home/obrol/RIOT/practice/coremark_stm/bin/unwd-range-l1-r3/cortexm_common.a(vectors_cortexm.o)
 .debug_aranges
                0x00000000000001d8       0x38 /home/obrol/RIOT/practice/coremark_stm/bin/unwd-range-l1-r3/cortexm_common.a(irq_arch.o)
 .debug_aranges
                0x0000000000000210       0x30 /home/obrol/RIOT/practice/coremark_stm/bin/unwd-range-l1-r3/stdio_uart.a(stdio_uart.o)
 .debug_aranges
                0x0000000000000240       0x38 /home/obrol/RIOT/practice/coremark_stm/bin/unwd-range-l1-r3/stm32_common_periph.a(pm.o)
 .debug_aranges
                0x0000000000000278       0x60 /home/obrol/RIOT/practice/coremark_stm/bin/unwd-range-l1-r3/stm32_common_periph.a(uart.o)
 .debug_aranges
                0x00000000000002d8       0x70 /home/obrol/RIOT/practice/coremark_stm/bin/unwd-range-l1-r3/stm32_common_periph.a(gpio.o)
 .debug_aranges
                0x0000000000000348       0x60 /home/obrol/RIOT/practice/coremark_stm/bin/unwd-range-l1-r3/xtimer.a(xtimer_core.o)
 .debug_aranges
                0x00000000000003a8       0x20 /home/obrol/RIOT/practice/coremark_stm/bin/unwd-range-l1-r3/boards_common_unwd.a(board.o)
 .debug_aranges
                0x00000000000003c8       0x28 /home/obrol/RIOT/practice/coremark_stm/bin/unwd-range-l1-r3/core.a(panic.o)
 .debug_aranges
                0x00000000000003f0       0x30 /home/obrol/RIOT/practice/coremark_stm/bin/unwd-range-l1-r3/core.a(kernel_init.o)
 .debug_aranges
                0x0000000000000420       0x60 /home/obrol/RIOT/practice/coremark_stm/bin/unwd-range-l1-r3/core.a(thread.o)
 .debug_aranges
                0x0000000000000480       0x38 /home/obrol/RIOT/practice/coremark_stm/bin/unwd-range-l1-r3/cortexm_common.a(cortexm_init.o)
 .debug_aranges
                0x00000000000004b8       0x48 /home/obrol/RIOT/practice/coremark_stm/bin/unwd-range-l1-r3/isrpipe.a(isrpipe.o)
 .debug_aranges
                0x0000000000000500       0x30 /home/obrol/RIOT/practice/coremark_stm/bin/unwd-range-l1-r3/pm_layered.a(pm.o)
 .debug_aranges
                0x0000000000000530       0x20 /home/obrol/RIOT/practice/coremark_stm/bin/unwd-range-l1-r3/stm32_common.a(cpu_init.o)
 .debug_aranges
                0x0000000000000550       0x30 /home/obrol/RIOT/practice/coremark_stm/bin/unwd-range-l1-r3/stm32_common.a(stmclk_l0l1.o)
 .debug_aranges
                0x0000000000000580       0x40 /home/obrol/RIOT/practice/coremark_stm/bin/unwd-range-l1-r3/stm32_common.a(cpu_common.o)
 .debug_aranges
                0x00000000000005c0       0x20 /home/obrol/RIOT/practice/coremark_stm/bin/unwd-range-l1-r3/stm32_common.a(stm_status.o)
 .debug_aranges
                0x00000000000005e0       0x78 /home/obrol/RIOT/practice/coremark_stm/bin/unwd-range-l1-r3/stm32_common_periph.a(timer.o)
 .debug_aranges
                0x0000000000000658       0x40 /home/obrol/RIOT/practice/coremark_stm/bin/unwd-range-l1-r3/tsrb.a(tsrb.o)
 .debug_aranges
                0x0000000000000698       0x20 /home/obrol/RIOT/practice/coremark_stm/bin/unwd-range-l1-r3/periph_common.a(init.o)
 .debug_aranges
                0x00000000000006b8       0x28 /home/obrol/RIOT/practice/coremark_stm/bin/unwd-range-l1-r3/application_coremark_stm.a(core_main.o)
 .debug_aranges
                0x00000000000006e0       0x60 /home/obrol/RIOT/practice/coremark_stm/bin/unwd-range-l1-r3/application_coremark_stm.a(core_matrix.o)
 .debug_aranges
                0x0000000000000740       0x48 /home/obrol/RIOT/practice/coremark_stm/bin/unwd-range-l1-r3/application_coremark_stm.a(core_util.o)
 .debug_aranges
                0x0000000000000788       0x30 /home/obrol/RIOT/practice/coremark_stm/bin/unwd-range-l1-r3/application_coremark_stm.a(core_state.o)
 .debug_aranges
                0x00000000000007b8       0x78 /home/obrol/RIOT/practice/coremark_stm/bin/unwd-range-l1-r3/application_coremark_stm.a(core_list_join.o)
 .debug_aranges
                0x0000000000000830       0x48 /home/obrol/RIOT/practice/coremark_stm/bin/unwd-range-l1-r3/application_coremark_stm.a(core_portme.o)
 .debug_aranges
                0x0000000000000878       0x20 /home/obrol/RIOT/practice/coremark_stm/bin/unwd-range-l1-r3/auto_init.a(auto_init.o)
 .debug_aranges
                0x0000000000000898       0x30 /home/obrol/RIOT/practice/coremark_stm/bin/unwd-range-l1-r3/core.a(mutex.o)

.debug_ranges   0x0000000000000000     0x21d0
 .debug_ranges  0x0000000000000000       0x10 /home/obrol/RIOT/practice/coremark_stm/bin/unwd-range-l1-r3/cpu/vectors.o
 .debug_ranges  0x0000000000000010      0x130 /home/obrol/RIOT/practice/coremark_stm/bin/unwd-range-l1-r3/newlib_syscalls_default/syscalls.o
 .debug_ranges  0x0000000000000140       0xd8 /home/obrol/RIOT/practice/coremark_stm/bin/unwd-range-l1-r3/core.a(sched.o)
 .debug_ranges  0x0000000000000218       0xc8 /home/obrol/RIOT/practice/coremark_stm/bin/unwd-range-l1-r3/cortexm_common.a(thread_arch.o)
 .debug_ranges  0x00000000000002e0       0x70 /home/obrol/RIOT/practice/coremark_stm/bin/unwd-range-l1-r3/cortexm_common.a(vectors_cortexm.o)
 .debug_ranges  0x0000000000000350       0x28 /home/obrol/RIOT/practice/coremark_stm/bin/unwd-range-l1-r3/cortexm_common.a(irq_arch.o)
 .debug_ranges  0x0000000000000378       0x20 /home/obrol/RIOT/practice/coremark_stm/bin/unwd-range-l1-r3/stdio_uart.a(stdio_uart.o)
 .debug_ranges  0x0000000000000398       0xb8 /home/obrol/RIOT/practice/coremark_stm/bin/unwd-range-l1-r3/stm32_common_periph.a(pm.o)
 .debug_ranges  0x0000000000000450      0x288 /home/obrol/RIOT/practice/coremark_stm/bin/unwd-range-l1-r3/stm32_common_periph.a(uart.o)
 .debug_ranges  0x00000000000006d8      0x2e0 /home/obrol/RIOT/practice/coremark_stm/bin/unwd-range-l1-r3/stm32_common_periph.a(gpio.o)
 .debug_ranges  0x00000000000009b8      0x570 /home/obrol/RIOT/practice/coremark_stm/bin/unwd-range-l1-r3/xtimer.a(xtimer_core.o)
 .debug_ranges  0x0000000000000f28       0x10 /home/obrol/RIOT/practice/coremark_stm/bin/unwd-range-l1-r3/boards_common_unwd.a(board.o)
 .debug_ranges  0x0000000000000f38       0x18 /home/obrol/RIOT/practice/coremark_stm/bin/unwd-range-l1-r3/core.a(panic.o)
 .debug_ranges  0x0000000000000f50       0x20 /home/obrol/RIOT/practice/coremark_stm/bin/unwd-range-l1-r3/core.a(kernel_init.o)
 .debug_ranges  0x0000000000000f70       0xc0 /home/obrol/RIOT/practice/coremark_stm/bin/unwd-range-l1-r3/core.a(thread.o)
 .debug_ranges  0x0000000000001030      0x208 /home/obrol/RIOT/practice/coremark_stm/bin/unwd-range-l1-r3/cortexm_common.a(cortexm_init.o)
 .debug_ranges  0x0000000000001238      0x120 /home/obrol/RIOT/practice/coremark_stm/bin/unwd-range-l1-r3/isrpipe.a(isrpipe.o)
 .debug_ranges  0x0000000000001358       0x20 /home/obrol/RIOT/practice/coremark_stm/bin/unwd-range-l1-r3/pm_layered.a(pm.o)
 .debug_ranges  0x0000000000001378       0x10 /home/obrol/RIOT/practice/coremark_stm/bin/unwd-range-l1-r3/stm32_common.a(cpu_init.o)
 .debug_ranges  0x0000000000001388       0x38 /home/obrol/RIOT/practice/coremark_stm/bin/unwd-range-l1-r3/stm32_common.a(stmclk_l0l1.o)
 .debug_ranges  0x00000000000013c0       0x70 /home/obrol/RIOT/practice/coremark_stm/bin/unwd-range-l1-r3/stm32_common.a(cpu_common.o)
 .debug_ranges  0x0000000000001430      0x130 /home/obrol/RIOT/practice/coremark_stm/bin/unwd-range-l1-r3/stm32_common.a(stm_status.o)
 .debug_ranges  0x0000000000001560      0x298 /home/obrol/RIOT/practice/coremark_stm/bin/unwd-range-l1-r3/stm32_common_periph.a(timer.o)
 .debug_ranges  0x00000000000017f8       0xd8 /home/obrol/RIOT/practice/coremark_stm/bin/unwd-range-l1-r3/tsrb.a(tsrb.o)
 .debug_ranges  0x00000000000018d0       0x10 /home/obrol/RIOT/practice/coremark_stm/bin/unwd-range-l1-r3/periph_common.a(init.o)
 .debug_ranges  0x00000000000018e0       0xa0 /home/obrol/RIOT/practice/coremark_stm/bin/unwd-range-l1-r3/application_coremark_stm.a(core_main.o)
 .debug_ranges  0x0000000000001980      0x208 /home/obrol/RIOT/practice/coremark_stm/bin/unwd-range-l1-r3/application_coremark_stm.a(core_matrix.o)
 .debug_ranges  0x0000000000001b88      0x120 /home/obrol/RIOT/practice/coremark_stm/bin/unwd-range-l1-r3/application_coremark_stm.a(core_util.o)
 .debug_ranges  0x0000000000001ca8      0x108 /home/obrol/RIOT/practice/coremark_stm/bin/unwd-range-l1-r3/application_coremark_stm.a(core_state.o)